<?xml version="1.0" encoding="UTF-8"?>
<testsuites name="bun test" tests="1900" assertions="7182" failures="401" skipped="11" time="38.2296019">
  <testsuite name="control\start.test.ts" file="control\start.test.ts" tests="6" assertions="15" failures="0" skipped="0" time="0.003" hostname="">
    <testcase name="commandForService maps control services to startup commands" classname="" time="0.002058" file="control\start.test.ts" line="14" assertions="2" />
    <testcase name="bindTerminationHandlers forwards registered signals and unregisters on cleanup" classname="" time="0.000435" file="control\start.test.ts" line="19" assertions="2" />
    <testcase name="resolveControlEnvironment loads control secrets from Secret Manager inputs" classname="" time="0.001267" file="control\start.test.ts" line="43" assertions="4" />
    <testcase name="resolveControlEnvironment rejects missing project or prefix" classname="" time="0.0002" file="control\start.test.ts" line="64" assertions="2" />
    <testcase name="resolveControlEnvironment rejects blank loaded secrets" classname="" time="0.000222" file="control\start.test.ts" line="82" assertions="1" />
    <testcase name="resolveControlEnvironment drops ambient non-control secrets from child env" classname="" time="0.000204" file="control\start.test.ts" line="91" assertions="4" />
  </testsuite>
  <testsuite name="runtimes\start.test.ts" file="runtimes\start.test.ts" tests="15" assertions="47" failures="0" skipped="0" time="0.067" hostname="">
    <testcase name="commandForRuntime maps runtimes to startup commands" classname="" time="0.000146" file="runtimes\start.test.ts" line="16" assertions="2" />
    <testcase name="runtime termination helpers forward signals and stop the server" classname="" time="0.000329" file="runtimes\start.test.ts" line="21" assertions="3" />
    <testcase name="resolveRuntimeEnvironment loads least-privilege role secrets" classname="" time="0.00103" file="runtimes\start.test.ts" line="52" assertions="6" />
    <testcase name="resolveRuntimeEnvironment drops ambient secrets outside the role allowlist" classname="" time="0.000353" file="runtimes\start.test.ts" line="77" assertions="4" />
    <testcase name="resolveRuntimeEnvironment rejects missing role/project/prefix" classname="" time="0.000226" file="runtimes\start.test.ts" line="100" assertions="1" />
    <testcase name="prepareRuntimeConfig seeds zeroclaw Codex auth profile and runs OAuth refresh" classname="" time="0.017155" file="runtimes\start.test.ts" line="109" assertions="8" />
    <testcase name="seedZeroclawProviderModel patches an existing empty providers table and is idempotent" classname="" time="0.007628" file="runtimes\start.test.ts" line="145" assertions="4" />
    <testcase name="prepareRuntimeConfig seeds nullclaw Codex auth profile and imports it" classname="" time="0.006626" file="runtimes\start.test.ts" line="163" assertions="3" />
    <testcase name="prepareRuntimeConfig redacts OAuth payloads from startup failures" classname="" time="0.003177" file="runtimes\start.test.ts" line="199" assertions="3" />
    <testcase name="validateRuntimeDispatchPayload enforces runtime/role/stage matching" classname="" time="0.000268" file="runtimes\start.test.ts" line="214" assertions="2" />
    <testcase name="validateRuntimeDispatchPayload rejects oversized request text" classname="" time="0.000063" file="runtimes\start.test.ts" line="242" assertions="2" />
    <testcase name="validateRuntimeDispatchPayload rejects write-stage dispatch at runtime boundary" classname="" time="0.000059" file="runtimes\start.test.ts" line="259" assertions="2" />
    <testcase name="executeStageWork writes a tangible stage artifact" classname="" time="0.00959" file="runtimes\start.test.ts" line="277" assertions="2" />
    <testcase name="handleDispatchRequest authenticates and writes artifact plus receipt" classname="" time="0.017814" file="runtimes\start.test.ts" line="294" assertions="4" />
    <testcase name="handleDispatchRequest rejects oversized bodies before writing artifacts" classname="" time="0.00753" file="runtimes\start.test.ts" line="337" assertions="1" />
  </testsuite>
  <testsuite name="compare\dashboard.test.ts" file="compare\dashboard.test.ts" tests="2" assertions="26" failures="0" skipped="0" time="0" hostname="">
    <testcase name="dashboard renders both runtime names and all 5 metric families and is non-empty with static data" classname="" time="0.000533" file="compare\dashboard.test.ts" line="6" assertions="21" />
    <testcase name="dashboard rendering with summaries generated from a deterministic mock RunFn" classname="" time="0.000852" file="compare\dashboard.test.ts" line="64" assertions="5" />
  </testsuite>
  <testsuite name="compare\metrics.test.ts" file="compare\metrics.test.ts" tests="3" assertions="27" failures="0" skipped="0" time="0" hostname="">
    <testcase name="summarize - empty input returns empty array" classname="" time="0.000046" file="compare\metrics.test.ts" line="5" assertions="1" />
    <testcase name="summarize - math correct with known samples" classname="" time="0.00027" file="compare\metrics.test.ts" line="9" assertions="17" />
    <testcase name="summarize - a runtime with zero samples handled gracefully" classname="" time="0.000109" file="compare\metrics.test.ts" line="69" assertions="9" />
  </testsuite>
  <testsuite name="compare\runner.test.ts" file="compare\runner.test.ts" tests="3" assertions="22" failures="0" skipped="0" time="0" hostname="">
    <testcase name="runComparison invokes RunFn correct number of times and with correct run indices" classname="" time="0.000415" file="compare\runner.test.ts" line="5" assertions="12" />
    <testcase name="runComparison rejects invalid or unsafe run counts" classname="" time="0.000264" file="compare\runner.test.ts" line="50" assertions="5" />
    <testcase name="compareAndSummarize returns both samples and summaries correctly" classname="" time="0.000257" file="compare\runner.test.ts" line="69" assertions="5" />
  </testsuite>
  <testsuite name="discord\approval.test.ts" file="discord\approval.test.ts" tests="14" assertions="45" failures="0" skipped="0" time="0.007" hostname="">
    <testcase name="ApprovalRegistry: action-scoped lifecycle with consume" classname="" time="0.007478" file="discord\approval.test.ts" line="7" assertions="13" />
    <testcase name="ApprovalRegistry prunes stale terminal records and preserves recent approvals" classname="" time="0.000183" file="discord\approval.test.ts" line="33" assertions="3" />
    <testcase name="ApprovalRegistry bounded mode evicts consumed records before approved records" classname="" time="0.000403" file="discord\approval.test.ts" line="53" assertions="3" />
    <testcase name="guardHighRisk: blocks, consumes matching action approval, and isolates actions" classname="" time="0.000318" file="discord\approval.test.ts" line="66" assertions="16" />
    <testcase name="bot handlers: buildHandlers routes action-scoped events and manages registry" classname="" time="0.000177" file="discord\approval.test.ts" line="95" assertions="1" />
    <testcase name="bot handlers with bridging: request creates workflow, action approval bridges to store, config set yolo is rejected" classname="" time="0.000033" file="discord\approval.test.ts" line="106" assertions="1" />
    <testcase name="bot handlers reply to direct mentions and parse commands after mention" classname="" time="0.000033" file="discord\approval.test.ts" line="109" assertions="1" />
    <testcase name="bot handlers can fan out request both into both runtimes" classname="" time="0.000026" file="discord\approval.test.ts" line="113" assertions="1" />
    <testcase name="bot handlers reject commands from the wrong guild or channel" classname="" time="0.000027" file="discord\approval.test.ts" line="117" assertions="1" />
    <testcase name="bot handlers require approval permission for approve/reject/config-set" classname="" time="0.000026" file="discord\approval.test.ts" line="121" assertions="1" />
    <testcase name="discordCommandDefinitions registers the production slash command surface" classname="" time="0.000028" file="discord\approval.test.ts" line="125" assertions="1" />
    <testcase name="bot handlers reply with delivery failures instead of hanging" classname="" time="0.000045" file="discord\approval.test.ts" line="129" assertions="1" />
    <testcase name="bot interaction handlers defer before forwarding and edit final response" classname="" time="0.000048" file="discord\approval.test.ts" line="133" assertions="1" />
    <testcase name="bot handlers allow approval commands for authorized approvers in the approval channel" classname="" time="0.000027" file="discord\approval.test.ts" line="137" assertions="1" />
  </testsuite>
  <testsuite name="discord\commands.test.ts" file="discord\commands.test.ts" tests="6" assertions="45" failures="0" skipped="0" time="0" hostname="">
    <testcase name="parseCommand: request command" classname="" time="0.000722" file="discord\commands.test.ts" line="4" assertions="4" />
    <testcase name="parseCommand: approve command requires workflow id and action" classname="" time="0.000259" file="discord\commands.test.ts" line="36" assertions="5" />
    <testcase name="parseCommand: reject command requires workflow id and action" classname="" time="0.000113" file="discord\commands.test.ts" line="65" assertions="4" />
    <testcase name="parseCommand: config set command" classname="" time="0.000303" file="discord\commands.test.ts" line="93" assertions="7" />
    <testcase name="parseCommand: unknown commands" classname="" time="0.000092" file="discord\commands.test.ts" line="124" assertions="10" />
    <testcase name="validateConfigValue validations" classname="" time="0.000493" file="discord\commands.test.ts" line="146" assertions="15" />
  </testsuite>
  <testsuite name="hive\runtime-auth.test.ts" file="hive\runtime-auth.test.ts" tests="4" assertions="18" failures="0" skipped="0" time="0.03" hostname="">
    <testcase name="prepareRuntimeConfig seeds zeroclaw Codex auth profile and runs OAuth refresh" classname="" time="0.006999" file="hive\runtime-auth.test.ts" line="6" assertions="8" />
    <testcase name="seedZeroclawProviderModel patches an existing empty providers table and is idempotent" classname="" time="0.015046" file="hive\runtime-auth.test.ts" line="42" assertions="4" />
    <testcase name="prepareRuntimeConfig seeds nullclaw Codex auth profile and imports it" classname="" time="0.007293" file="hive\runtime-auth.test.ts" line="60" assertions="3" />
    <testcase name="prepareRuntimeConfig redacts OAuth payloads from startup failures" classname="" time="0.002402" file="hive\runtime-auth.test.ts" line="96" assertions="3" />
  </testsuite>
  <testsuite name="hive\start.test.ts" file="hive\start.test.ts" tests="1" assertions="48" failures="0" skipped="0" time="0" hostname="">
    <testcase name="buildChildSpecs - environment isolation and port mapping" classname="" time="0.000888" file="hive\start.test.ts" line="7" assertions="48" />
  </testsuite>
  <testsuite name="qa\red-team.test.ts" file="qa\red-team.test.ts" tests="26" assertions="115" failures="0" skipped="0" time="0.023" hostname="">
    <testcase name="1.1 Merge gate - all 2-of-3 combinations must be blocked" classname="" time="0.000214" file="qa\red-team.test.ts" line="30" assertions="6" />
    <testcase name="1.2 Merge gate - truthy-but-not-true values should be blocked" classname="" time="0.000047" file="qa\red-team.test.ts" line="59" assertions="1" />
    <testcase name="2.1 Webhook signature forgery - tampered body with valid old signature" classname="" time="0.00052" file="qa\red-team.test.ts" line="78" assertions="1" />
    <testcase name="2.2 Webhook signature forgery - wrong secret" classname="" time="0.000101" file="qa\red-team.test.ts" line="93" assertions="1" />
    <testcase name="2.3 Webhook signature forgery - malformed headers" classname="" time="0.000149" file="qa\red-team.test.ts" line="104" assertions="5" />
    <testcase name="2.4 Webhook signature - correctly-signed body must be accepted" classname="" time="0.0001" file="qa\red-team.test.ts" line="123" assertions="1" />
    <testcase name="3.1 Secret loader - read-only roles must NEVER trigger access to the write token id" classname="" time="0.000473" file="qa\red-team.test.ts" line="145" assertions="3" />
    <testcase name="3.1b Secret loader - write roles use read-only startup env and require mediated write-secret release" classname="" time="0.000613" file="qa\red-team.test.ts" line="162" assertions="8" />
    <testcase name="3.2 Secret loader - missing required secret and empty value throws MissingSecretError" classname="" time="0.000496" file="qa\red-team.test.ts" line="183" assertions="2" />
    <testcase name="3.3 Secret loader - redact() must mask values even when they contain regex-special chars" classname="" time="0.000207" file="qa\red-team.test.ts" line="202" assertions="2" />
    <testcase name="3.4 Secret loader - confirm no secret value appears in thrown error messages" classname="" time="0.00048" file="qa\red-team.test.ts" line="211" assertions="1" />
    <testcase name="3.5 Control secret loader - control services receive only their own control-plane credentials" classname="" time="0.00137" file="qa\red-team.test.ts" line="230" assertions="10" />
    <testcase name="4.1 High-risk guard - action-scoped approvals are consumed and cannot cross-authorize" classname="" time="0.000479" file="qa\red-team.test.ts" line="262" assertions="7" />
    <testcase name="4.4 Control event path - unauthenticated approval mutation is rejected" classname="" time="0.00159" file="qa\red-team.test.ts" line="287" assertions="2" />
    <testcase name="4.5 Discord control plane - approval command outside approval policy is rejected" classname="" time="0.000197" file="qa\red-team.test.ts" line="301" assertions="1" />
    <testcase name="4.6 Dispatch broker - unauthenticated write-secret release is rejected" classname="" time="0.002093" file="qa\red-team.test.ts" line="320" assertions="1" />
    <testcase name="4.7 Dispatch broker - approved write-secret release is scoped and consumes approval" classname="" time="0.015229" file="qa\red-team.test.ts" line="342" assertions="4" />
    <testcase name="4.7b Dispatch broker - approved merge release is scoped and consumed only when merge is ready" classname="" time="0.004897" file="qa\red-team.test.ts" line="372" assertions="2" />
    <testcase name="4.2 High-risk guard - unknown or non-high-risk action always allowed" classname="" time="0.000232" file="qa\red-team.test.ts" line="402" assertions="3" />
    <testcase name="4.3 High-risk guard - approval for workflowId/action A must not authorize workflowId/action B" classname="" time="0.00019" file="qa\red-team.test.ts" line="411" assertions="3" />
    <testcase name="5.1 Command parser fuzz - unrecognized inputs must return unknown, no crash" classname="" time="0.000474" file="qa\red-team.test.ts" line="427" assertions="28" />
    <testcase name="5.2 Command parser fuzz - extra whitespace handled correctly" classname="" time="0.00022" file="qa\red-team.test.ts" line="452" assertions="10" />
    <testcase name="6.1 Metric math - empty samples returns empty array" classname="" time="0.000042" file="qa\red-team.test.ts" line="477" assertions="1" />
    <testcase name="6.2 Metric math - single runtime only" classname="" time="0.000186" file="qa\red-team.test.ts" line="481" assertions="3" />
    <testcase name="6.3 Metric math - all-failed batch" classname="" time="0.000235" file="qa\red-team.test.ts" line="506" assertions="2" />
    <testcase name="6.4 Metric math - mixed exact averages" classname="" time="0.000418" file="qa\red-team.test.ts" line="537" assertions="7" />
  </testsuite>
  <testsuite name="qa\status-relay.test.ts" file="qa\status-relay.test.ts" tests="2" assertions="6" failures="0" skipped="0" time="0.013" hostname="">
    <testcase name="StatusRelayHandler includes repo in content when provided" classname="" time="0.013418" file="qa\status-relay.test.ts" line="5" assertions="4" />
    <testcase name="StatusRelayHandler defaults to Sovereign emoji when claw is Sovereign" classname="" time="0.000264" file="qa\status-relay.test.ts" line="35" assertions="2" />
  </testsuite>
  <testsuite name="scripts\browser-status.test.ts" file="scripts\browser-status.test.ts" tests="1" assertions="5" failures="0" skipped="0" time="0.007" hostname="">
    <testcase name="renderStatusHtml includes container and workflow data" classname="" time="0.007524" file="scripts\browser-status.test.ts" line="4" assertions="5" />
  </testsuite>
  <testsuite name="scripts\check-compose.test.ts" file="scripts\check-compose.test.ts" tests="7" assertions="32" failures="0" skipped="0" time="0.153" hostname="">
    <testcase name="compose security posture: every static check passes" classname="" time="0.084334" file="scripts\check-compose.test.ts" line="4" assertions="2" />
    <testcase name="no service mounts the host Docker socket or host workspace" classname="" time="0.013363" file="scripts\check-compose.test.ts" line="11" assertions="4" />
    <testcase name="runtime-role services are isolated from the edge network" classname="" time="0.01245" file="scripts\check-compose.test.ts" line="24" assertions="10" />
    <testcase name="only egress-proxy and discord-bot attach to edge" classname="" time="0.007647" file="scripts\check-compose.test.ts" line="33" assertions="1" />
    <testcase name="control services use expected networks and stay hardened" classname="" time="0.008798" file="scripts\check-compose.test.ts" line="43" assertions="7" />
    <testcase name="runtime-role services have unique state and worktree volumes" classname="" time="0.006435" file="scripts\check-compose.test.ts" line="60" assertions="2" />
    <testcase name="runChecks detects forbidden environment variables" classname="" time="0.023298" file="scripts\check-compose.test.ts" line="66" assertions="6" />
  </testsuite>
  <testsuite name="scripts\mock-github.test.ts" file="scripts\mock-github.test.ts" tests="1" assertions="4" failures="0" skipped="0" time="0.02" hostname="">
    <testcase name="mock github service supports PR create, list, and merge" classname="" time="0.020752" file="scripts\mock-github.test.ts" line="3" assertions="4" />
  </testsuite>
  <testsuite name="scripts\preflight-live.test.ts" file="scripts\preflight-live.test.ts" tests="7" assertions="24" failures="0" skipped="0" time="0.008" hostname="">
    <testcase name="checkLiveEnv reports missing required bootstrap inputs only" classname="" time="0.005349" file="scripts\preflight-live.test.ts" line="22" assertions="5" />
    <testcase name="checkLiveEnv in file mode drops the GCP project requirement but requires the file path" classname="" time="0.000081" file="scripts\preflight-live.test.ts" line="32" assertions="2" />
    <testcase name="checkLiveEnv warns on plaintext secret env and Discord auto-provisioning" classname="" time="0.000216" file="scripts\preflight-live.test.ts" line="44" assertions="6" />
    <testcase name="requiredSecretIds derives the live Secret Manager manifest" classname="" time="0.000087" file="scripts\preflight-live.test.ts" line="55" assertions="1" />
    <testcase name="runLivePreflight succeeds when env and all required secrets are present" classname="" time="0.000712" file="scripts\preflight-live.test.ts" line="67" assertions="4" />
    <testcase name="runLivePreflight fails closed on missing or empty secrets" classname="" time="0.000336" file="scripts\preflight-live.test.ts" line="78" assertions="3" />
    <testcase name="runLivePreflight supports file-backed secrets without GCLOUD_PROJECT" classname="" time="0.003428" file="scripts\preflight-live.test.ts" line="91" assertions="3" />
  </testsuite>
  <testsuite name="config\validate.test.ts" file="config\validate.test.ts" tests="4" assertions="8" failures="0" skipped="0" time="0.009" hostname="">
    <testcase name="both runtime configs pass every validation check" classname="" time="0.00987" file="config\validate.test.ts" line="4" assertions="1" />
    <testcase name="A/B fairness: identical model id" classname="" time="0.000405" file="config\validate.test.ts" line="10" assertions="1" />
    <testcase name="runtime configs keep only env-referenced provider secrets and no embedded Discord control block" classname="" time="0.000837" file="config\validate.test.ts" line="14" assertions="4" />
    <testcase name="exactly 5 roles in each runtime" classname="" time="0.000365" file="config\validate.test.ts" line="23" assertions="2" />
  </testsuite>
  <testsuite name="secrets\loader.test.ts" file="secrets\loader.test.ts" tests="12" assertions="90" failures="0" skipped="0" time="0.004" hostname="">
    <testcase name="all runtime roles receive only read-only startup github token" classname="" time="0.000576" file="secrets\loader.test.ts" line="38" assertions="10" />
    <testcase name="write roles are eligible for mediated write secret release" classname="" time="0.000307" file="secrets\loader.test.ts" line="47" assertions="6" />
    <testcase name="non-write roles cannot request mediated write secrets" classname="" time="0.000299" file="secrets\loader.test.ts" line="57" assertions="6" />
    <testcase name="runtime roles never receive control-plane secrets" classname="" time="0.000325" file="secrets\loader.test.ts" line="65" assertions="30" />
    <testcase name="control services receive only control-plane secrets" classname="" time="0.000316" file="secrets\loader.test.ts" line="78" assertions="10" />
    <testcase name="missing required secret is a hard failure with sanitized upstream details" classname="" time="0.000344" file="secrets\loader.test.ts" line="96" assertions="2" />
    <testcase name="blank and whitespace-only secret values are rejected" classname="" time="0.000222" file="secrets\loader.test.ts" line="109" assertions="2" />
    <testcase name="generated shared secrets enforce minimum length" classname="" time="0.000197" file="secrets\loader.test.ts" line="119" assertions="2" />
    <testcase name="redact masks every secret value" classname="" time="0.000116" file="secrets\loader.test.ts" line="130" assertions="3" />
    <testcase name="redact masks overlapping secret values longest-first" classname="" time="0.000066" file="secrets\loader.test.ts" line="137" assertions="3" />
    <testcase name="FileSecretSource and secretSourceFromEnv support local file-backed secrets" classname="" time="0.004209" file="secrets\loader.test.ts" line="145" assertions="2" />
    <testcase name="every runtime role requires the OpenAI Codex OAuth key and not the legacy API key, and control services do not require either" classname="" time="0.000399" file="secrets\loader.test.ts" line="157" assertions="14" />
  </testsuite>
  <testsuite name="glue\github-webhook.test.ts" file="glue\github-webhook.test.ts" tests="12" assertions="28" failures="0" skipped="0" time="0" hostname="">
    <testcase name="verifySignature accepts correctly-HMAC&apos;d body and rejects tampered one/secret" classname="" time="0.000239" file="glue\github-webhook.test.ts" line="5" assertions="5" />
    <testcase name="parseWebhook handles pull_request event" classname="" time="0.000345" file="glue\github-webhook.test.ts" line="25" assertions="2" />
    <testcase name="parseWebhook validates pull_request number shape" classname="" time="0.000079" file="glue\github-webhook.test.ts" line="36" assertions="1" />
    <testcase name="parseWebhook handles check_suite conclusion success" classname="" time="0.000054" file="glue\github-webhook.test.ts" line="40" assertions="2" />
    <testcase name="parseWebhook handles check_suite conclusion failure" classname="" time="0.000046" file="glue\github-webhook.test.ts" line="51" assertions="2" />
    <testcase name="parseWebhook handles status success" classname="" time="0.000043" file="glue\github-webhook.test.ts" line="62" assertions="2" />
    <testcase name="parseWebhook handles status pending" classname="" time="0.000051" file="glue\github-webhook.test.ts" line="71" assertions="2" />
    <testcase name="parseWebhook handles status failure" classname="" time="0.000039" file="glue\github-webhook.test.ts" line="80" assertions="2" />
    <testcase name="parseWebhook handles pull_request_review approved and changes requested" classname="" time="0.000085" file="glue\github-webhook.test.ts" line="89" assertions="4" />
    <testcase name="parseWebhook exposes workflowId without a second JSON parse" classname="" time="0.000053" file="glue\github-webhook.test.ts" line="105" assertions="2" />
    <testcase name="parseWebhook rejects truthy-but-not-boolean direct status fields" classname="" time="0.000119" file="glue\github-webhook.test.ts" line="110" assertions="2" />
    <testcase name="parseWebhook accepts strict direct boolean fields" classname="" time="0.000064" file="glue\github-webhook.test.ts" line="115" assertions="2" />
  </testsuite>
  <testsuite name="glue\merge-gate.test.ts" file="glue\merge-gate.test.ts" tests="2" assertions="10" failures="0" skipped="0" time="0" hostname="">
    <testcase name="merge gate allows when all true" classname="" time="0.000073" file="glue\merge-gate.test.ts" line="4" assertions="2" />
    <testcase name="merge gate blocks when each single condition is false" classname="" time="0.000093" file="glue\merge-gate.test.ts" line="14" assertions="8" />
  </testsuite>
  <testsuite name="glue\runtime-dispatch.test.ts" file="glue\runtime-dispatch.test.ts" tests="1" assertions="1" failures="0" skipped="0" time="0" hostname="">
    <testcase name="dispatchStageWork reports contextual error for non-JSON runtime failures" classname="" time="0.000804" file="glue\runtime-dispatch.test.ts" line="5" assertions="1" />
  </testsuite>
  <testsuite name="glue\server.test.ts" file="glue\server.test.ts" tests="21" assertions="61" failures="0" skipped="0" time="0.011" hostname="">
    <testcase name="handleWebhookRequest returns 401 on bad signature" classname="" time="0.003075" file="glue\server.test.ts" line="57" assertions="2" />
    <testcase name="handleWebhookRequest rejects oversized webhook payloads before signature parsing" classname="" time="0.000427" file="glue\server.test.ts" line="81" assertions="1" />
    <testcase name="handleWebhookRequest exposes health without webhook signature" classname="" time="0.000171" file="glue\server.test.ts" line="104" assertions="2" />
    <testcase name="handleWebhookRequest returns 200 on valid pull_request event" classname="" time="0.00124" file="glue\server.test.ts" line="120" assertions="3" />
    <testcase name="handleWebhookRequest rejects non-boolean webhook fields without mutating workflow" classname="" time="0.000656" file="glue\server.test.ts" line="153" assertions="2" />
    <testcase name="validateRuntimeDispatchPayload rejects arbitrary egress and host-control fields" classname="" time="0.000179" file="glue\server.test.ts" line="181" assertions="7" />
    <testcase name="handleControlEventRequest rejects unauthenticated mutations" classname="" time="0.000194" file="glue\server.test.ts" line="206" assertions="1" />
    <testcase name="handleControlEventRequest creates workflows and ignores early approvals" classname="" time="0.000396" file="glue\server.test.ts" line="217" assertions="3" />
    <testcase name="handleControlEventRequest executes approved PR creation through the live write path" classname="" time="0.002181" file="glue\server.test.ts" line="243" assertions="7" />
    <testcase name="handleWebhookRequest executes approved merge through the live write path" classname="" time="0.002134" file="glue\server.test.ts" line="293" assertions="4" />
    <testcase name="config-set through control-event is explicit not-implemented" classname="" time="0.000569" file="glue\server.test.ts" line="337" assertions="1" />
    <testcase name="debug workflows endpoint lists current workflow summaries" classname="" time="0.000721" file="glue\server.test.ts" line="351" assertions="2" />
    <testcase name="handleControlDispatchRequest rejects unauthenticated or unapproved write release" classname="" time="0.002018" file="glue\server.test.ts" line="386" assertions="2" />
    <testcase name="handleControlDispatchRequest releases write secret only for approved matching role/action and consumes approval" classname="" time="0.000443" file="glue\server.test.ts" line="406" assertions="4" />
    <testcase name="handleControlDispatchRequest rejects role/action mismatch" classname="" time="0.000293" file="glue\server.test.ts" line="425" assertions="1" />
    <testcase name="handleControlDispatchRequest binds release to stored workflow runtime stage and readiness" classname="" time="0.000414" file="glue\server.test.ts" line="439" assertions="4" />
    <testcase name="handleControlDispatchRequest refuses merge credential release before CI and review are true" classname="" time="0.000357" file="glue\server.test.ts" line="464" assertions="3" />
    <testcase name="unmatched signed webhook reports non-success body" classname="" time="0.000373" file="glue\server.test.ts" line="484" assertions="3" />
    <testcase name="start throws when required secrets/bootstrap inputs are missing or blank" classname="" time="0.001183" file="glue\server.test.ts" line="508" assertions="3" />
    <testcase name="pruneWorkflowStore evicts stale terminal workflows before active workflows" classname="" time="0.000212" file="glue\server.test.ts" line="531" assertions="3" />
    <testcase name="handleControlEventRequest prunes workflow store after mutations" classname="" time="0.000332" file="glue\server.test.ts" line="561" assertions="3" />
  </testsuite>
  <testsuite name="glue\state-machine.test.ts" file="glue\state-machine.test.ts" tests="10" assertions="48" failures="0" skipped="0" time="0.003" hostname="">
    <testcase name="createWorkflow sets up initial state" classname="" time="0.00345" file="glue\state-machine.test.ts" line="21" assertions="10" />
    <testcase name="advanceStage walks automatic stages until PR creation approval is required" classname="" time="0.000278" file="glue\state-machine.test.ts" line="36" assertions="6" />
    <testcase name="pr-create requires pr.create approval before scheduling review" classname="" time="0.000171" file="glue\state-machine.test.ts" line="52" assertions="3" />
    <testcase name="merge stage blocks and stays awaiting-approval if conditions not met" classname="" time="0.000363" file="glue\state-machine.test.ts" line="62" assertions="6" />
    <testcase name="merge stage merges when CI, review, and pr.merge approval are true" classname="" time="0.000161" file="glue\state-machine.test.ts" line="81" assertions="3" />
    <testcase name="applyEvent sets fields and matching pending action approvals correctly" classname="" time="0.00021" file="glue\state-machine.test.ts" line="94" assertions="8" />
    <testcase name="advanceStage does not resurrect rejected or merged states" classname="" time="0.000159" file="glue\state-machine.test.ts" line="115" assertions="4" />
    <testcase name="legacy approved boolean cannot synthesize merge approvals" classname="" time="0.000117" file="glue\state-machine.test.ts" line="134" assertions="2" />
    <testcase name="applyEvent ignores early approvals before matching pending action" classname="" time="0.000132" file="glue\state-machine.test.ts" line="143" assertions="3" />
    <testcase name="applyEvent does not mutate terminal workflows" classname="" time="0.000157" file="glue\state-machine.test.ts" line="156" assertions="3" />
  </testsuite>
  <testsuite name="glue\write-executor.test.ts" file="glue\write-executor.test.ts" tests="2" assertions="4" failures="0" skipped="0" time="0" hostname="">
    <testcase name="executeApprovedWriteAction reuses an existing open PR for the deterministic head" classname="" time="0.000534" file="glue\write-executor.test.ts" line="5" assertions="3" />
    <testcase name="executeApprovedWriteAction honors custom GitHub API base URL" classname="" time="0.000315" file="glue\write-executor.test.ts" line="39" assertions="1" />
  </testsuite>
  <testsuite name="ops\scripts\capture-knowledge.test.ts" file="ops\scripts\capture-knowledge.test.ts" tests="9" assertions="35" failures="0" skipped="0" time="0.001" hostname="">
    <testcase name="slugify normalizes to kebab-case and keeps 한글" classname="" time="0.00194" file="ops\scripts\capture-knowledge.test.ts" line="57" assertions="2" />
    <testcase name="validateInput requires title/slug/summary" classname="" time="0.000192" file="ops\scripts\capture-knowledge.test.ts" line="63" assertions="3" />
    <testcase name="buildArtifacts emits raw + wiki + log + index content" classname="" time="0.000479" file="ops\scripts\capture-knowledge.test.ts" line="71" assertions="10" />
    <testcase name="applyCapture writes raw, wiki, appends log, inserts index link" classname="" time="0.000765" file="ops\scripts\capture-knowledge.test.ts" line="86" assertions="7" />
    <testcase name="applyCapture preserves existing raw source (immutable)" classname="" time="0.000244" file="ops\scripts\capture-knowledge.test.ts" line="102" assertions="3" />
    <testcase name="applyCapture preserves existing wiki page (LLM-owned)" classname="" time="0.000207" file="ops\scripts\capture-knowledge.test.ts" line="113" assertions="1" />
    <testcase name="applyCapture is idempotent for index link and log line" classname="" time="0.000293" file="ops\scripts\capture-knowledge.test.ts" line="122" assertions="2" />
    <testcase name="parseArgs reads flags and derives slug from title when omitted" classname="" time="0.000196" file="ops\scripts\capture-knowledge.test.ts" line="136" assertions="4" />
    <testcase name="runCapture returns failure result on invalid input" classname="" time="0.000199" file="ops\scripts\capture-knowledge.test.ts" line="154" assertions="3" />
  </testsuite>
  <testsuite name="target-repo\test\ab-dashboard-attribution.test.ts" file="target-repo\test\ab-dashboard-attribution.test.ts" tests="1" assertions="7" failures="0" skipped="0" time="0.005" hostname="">
    <testcase name="JOC Sovereign: A/B Comparison Dashboard Attribution" classname="" time="0.005916" file="target-repo\test\ab-dashboard-attribution.test.ts" line="4" assertions="7" />
  </testsuite>
  <testsuite name="target-repo\test\abort.test.ts" file="target-repo\test\abort.test.ts" tests="1" assertions="3" failures="0" skipped="0" time="0.007" hostname="">
    <testcase name="adapter passes signal to fetch; an aborted signal rejects the call" classname="" time="0.007281" file="target-repo\test\abort.test.ts" line="5" assertions="3" />
  </testsuite>
  <testsuite name="target-repo\test\accurate-token-cache.test.ts" file="target-repo\test\accurate-token-cache.test.ts" tests="5" assertions="20" failures="0" skipped="0" time="1.495" hostname="">
    <testcase name="accurateMessageTokens matches the direct per-message computation" classname="" time="0.329682" file="target-repo\test\accurate-token-cache.test.ts" line="11" assertions="2" />
    <testcase name="accurate cache is partitioned by tokenizer family (no cross-model bleed)" classname="" time="0.690363" file="target-repo\test\accurate-token-cache.test.ts" line="22" assertions="4" />
    <testcase name="accurateHistoryTokens: repeated calls over a growing history stay consistent" classname="" time="0.001338" file="target-repo\test\accurate-token-cache.test.ts" line="34" assertions="10" />
    <testcase name="images add the per-image estimate on top of the text count" classname="" time="0.000895" file="target-repo\test\accurate-token-cache.test.ts" line="47" assertions="1" />
    <testcase name="countTokensAccurate stays consistent for huge texts (memo-skip path)" classname="" time="0.475571" file="target-repo\test\accurate-token-cache.test.ts" line="53" assertions="3" />
  </testsuite>
  <testsuite name="target-repo\test\advanced-analyzer-sovereign.test.ts" file="target-repo\test\advanced-analyzer-sovereign.test.ts" tests="4" assertions="7" failures="0" skipped="0" time="0.062" hostname="">
    <testcase name="runAdvancedAnalysis: detects architectural debt in ModelManager" classname="" time="0.01207" file="target-repo\test\advanced-analyzer-sovereign.test.ts" line="11" assertions="2" />
    <testcase name="runAdvancedAnalysis: verifies architectural integrity when decoupled" classname="" time="0.012868" file="target-repo\test\advanced-analyzer-sovereign.test.ts" line="37" assertions="1" />
    <testcase name="runAdvancedAnalysis: detects decoupling when registered in ModelRegistry (Regex)" classname="" time="0.010794" file="target-repo\test\advanced-analyzer-sovereign.test.ts" line="57" assertions="2" />
    <testcase name="runAdvancedAnalysis: detects decoupling when registered in ModelRegistry" classname="" time="0.028249" file="target-repo\test\advanced-analyzer-sovereign.test.ts" line="74" assertions="2" />
  </testsuite>
  <testsuite name="target-repo\test\advanced-analyzer.test.ts" file="target-repo\test\advanced-analyzer.test.ts" tests="2" assertions="3" failures="0" skipped="0" time="0.014" hostname="">
    <testcase name="runAdvancedAnalysis: detects architectural debt in ModelManager" classname="" time="0.008488" file="target-repo\test\advanced-analyzer.test.ts" line="11" assertions="2" />
    <testcase name="runAdvancedAnalysis: verifies architectural integrity when decoupled" classname="" time="0.006111" file="target-repo\test\advanced-analyzer.test.ts" line="36" assertions="1" />
  </testsuite>
  <testsuite name="target-repo\test\agents-panel-thinking.test.ts" file="target-repo\test\agents-panel-thinking.test.ts" tests="2" assertions="5" failures="0" skipped="0" time="0.011" hostname="">
    <testcase name="agents panel shows per-role thinking: explicit level or (inherit)" classname="" time="0.011129" file="target-repo\test\agents-panel-thinking.test.ts" line="7" assertions="3" />
    <testcase name="agent detail block includes the thinking row (inherit explained)" classname="" time="0.000261" file="target-repo\test\agents-panel-thinking.test.ts" line="20" assertions="2" />
  </testsuite>
  <testsuite name="target-repo\test\animation.test.ts" file="target-repo\test\animation.test.ts" tests="5" assertions="26" failures="0" skipped="0" time="0.006" hostname="">
    <testcase name="stageBlocks returns frames when present, [art] otherwise" classname="" time="0.004992" file="target-repo\test\animation.test.ts" line="14" assertions="2" />
    <testcase name="stageFrame wraps the tick and never out-of-bounds" classname="" time="0.000444" file="target-repo\test\animation.test.ts" line="21" assertions="4" />
    <testcase name="every frame of every stage shares the global width+height when normalized" classname="" time="0.002364" file="target-repo\test\animation.test.ts" line="30" assertions="16" />
    <testcase name="renderAsciiArt frame option selects a distinct animation block" classname="" time="0.000172" file="target-repo\test\animation.test.ts" line="42" assertions="1" />
    <testcase name="animateFrames draws every frame with injected write/sleep, no real delay" classname="" time="0.000577" file="target-repo\test\animation.test.ts" line="49" assertions="3" />
  </testsuite>
  <testsuite name="target-repo\test\ansi-width.test.ts" file="target-repo\test\ansi-width.test.ts" tests="5" assertions="12" failures="0" skipped="0" time="0.003" hostname="">
    <testcase name="truncate plain strings by visible length (unchanged behavior)" classname="" time="0.003835" file="target-repo\test\ansi-width.test.ts" line="5" assertions="3" />
    <testcase name="truncate counts only visible columns of a colored line" classname="" time="0.000223" file="target-repo\test\ansi-width.test.ts" line="11" assertions="3" />
    <testcase name="truncate keeps a colored line intact when it fits" classname="" time="0.000041" file="target-repo\test\ansi-width.test.ts" line="19" assertions="1" />
    <testcase name="truncate never spills a raw escape when cutting a gradient line" classname="" time="0.00048" file="target-repo\test\ansi-width.test.ts" line="24" assertions="3" />
    <testcase name="visibleWidth ignores escapes; matches plain length otherwise" classname="" time="0.000045" file="target-repo\test\ansi-width.test.ts" line="33" assertions="2" />
  </testsuite>
  <testsuite name="target-repo\test\anthropic-stream.test.ts" file="target-repo\test\anthropic-stream.test.ts" tests="4" assertions="13" failures="0" skipped="0" time="0.009" hostname="">
    <testcase name="anthropicAdapter.stream: yields text_delta content, ignores other events" classname="" time="0.009925" file="target-repo\test\anthropic-stream.test.ts" line="15" assertions="2" />
    <testcase name="anthropicAdapter.stream: reports usage ONCE at message_delta (no double-count)" classname="" time="0.000992" file="target-repo\test\anthropic-stream.test.ts" line="44" assertions="2" />
    <testcase name="anthropicAdapter.call: retries once without temperature when the model deprecates it" classname="" time="0.000687" file="target-repo\test\anthropic-stream.test.ts" line="69" assertions="5" />
    <testcase name="anthropicAdapter.stream: retries once without temperature for deprecated models" classname="" time="0.000615" file="target-repo\test\anthropic-stream.test.ts" line="109" assertions="4" />
  </testsuite>
  <testsuite name="target-repo\test\antigravity-login.test.ts" file="target-repo\test\antigravity-login.test.ts" tests="3" assertions="7" failures="0" skipped="0" time="0.003" hostname="">
    <testcase name="antigravityClientSecret uses env override then bundled default" classname="" time="0.002163" file="target-repo\test\antigravity-login.test.ts" line="5" assertions="2" />
    <testcase name="discoverAntigravityProjectId uses Antigravity discovery metadata and user-agent" classname="" time="0.001658" file="target-repo\test\antigravity-login.test.ts" line="10" assertions="3" />
    <testcase name="oauth flow registry exposes a dedicated antigravity login" classname="" time="0.000063" file="target-repo\test\antigravity-login.test.ts" line="30" assertions="2" />
  </testsuite>
  <testsuite name="target-repo\test\antigravity.test.ts" file="target-repo\test\antigravity.test.ts" tests="3" assertions="13" failures="0" skipped="0" time="0" hostname="">
    <testcase name="antigravityRequest: builds Cloud Code Assist internal request with project and model" classname="" time="0.000833" file="target-repo\test\antigravity.test.ts" line="6" assertions="10" />
    <testcase name="antigravityRequest: keeps maxOutputTokens for Claude models" classname="" time="0.000119" file="target-repo\test\antigravity.test.ts" line="29" assertions="2" />
    <testcase name="getAntigravityUserAgent follows Antigravity platform/arch shape" classname="" time="0.000056" file="target-repo\test\antigravity.test.ts" line="39" assertions="1" />
  </testsuite>
  <testsuite name="target-repo\test\approve.test.ts" file="target-repo\test\approve.test.ts" tests="2" assertions="15" failures="0" skipped="0" time="0.067" hostname="">
    <testcase name="approve command: nonexistent plan rejection, validation, and idempotency" classname="" time="0.067298" file="target-repo\test\approve.test.ts" line="9" assertions="12" />
    <testcase name="approve command is registered in CLI runner" classname="" time="0.000141" file="target-repo\test\approve.test.ts" line="146" assertions="3" />
  </testsuite>
  <testsuite name="target-repo\test\architecture-directive.test.ts" file="target-repo\test\architecture-directive.test.ts" tests="1" assertions="6" failures="0" skipped="0" time="0" hostname="">
    <testcase name="Sovereign Architecture: Directive Triggering" classname="" time="0.000375" file="target-repo\test\architecture-directive.test.ts" line="4" assertions="6" />
  </testsuite>
  <testsuite name="target-repo\test\ascii-art.test.ts" file="target-repo\test\ascii-art.test.ts" tests="15" assertions="128" failures="0" skipped="0" time="0.001" hostname="">
    <testcase name="getEvolutionStage / getStageByIndex select + clamp stages" classname="" time="0.001741" file="target-repo\test\ascii-art.test.ts" line="17" assertions="4" />
    <testcase name="renderAsciiArt: height padding yields a uniform block height" classname="" time="0.000748" file="target-repo\test\ascii-art.test.ts" line="24" assertions="5" />
    <testcase name="renderAsciiArt: width normalization gives a clean right edge (color off)" classname="" time="0.000319" file="target-repo\test\ascii-art.test.ts" line="31" assertions="6" />
    <testcase name="renderAsciiArt: color:false emits no ANSI escapes" classname="" time="0.000166" file="target-repo\test\ascii-art.test.ts" line="43" assertions="5" />
    <testcase name="stageCaption returns the bracketed caption for every stage" classname="" time="0.00023" file="target-repo\test\ascii-art.test.ts" line="50" assertions="10" />
    <testcase name="animateAsciiArt: injectable write/sleep, no real delay" classname="" time="0.000552" file="target-repo\test\ascii-art.test.ts" line="58" assertions="3" />
    <testcase name="animateAsciiArt: delayMs 0 never calls sleep" classname="" time="0.000124" file="target-repo\test\ascii-art.test.ts" line="74" assertions="2" />
    <testcase name="stage integrity: every stage has non-empty art and a synced name" classname="" time="0.000292" file="target-repo\test\ascii-art.test.ts" line="89" assertions="20" />
    <testcase name="all stages align to a uniform global width and height when requested" classname="" time="0.000175" file="target-repo\test\ascii-art.test.ts" line="99" assertions="10" />
    <testcase name="primordial cell: unicode art is width-1 per glyph (no smearing on re-center)" classname="" time="0.000341" file="target-repo\test\ascii-art.test.ts" line="109" assertions="16" />
    <testcase name="primordial cell: unicode:false degrades to a tofu-free ASCII fallback" classname="" time="0.000201" file="target-repo\test\ascii-art.test.ts" line="121" assertions="8" />
    <testcase name="DNA_CLAW_ART: lines all width &lt;=24 and uniform after render" classname="" time="0.000291" file="target-repo\test\ascii-art.test.ts" line="138" assertions="12" />
    <testcase name="renderDnaClaw: plain (color:false) is byte-stable across phases" classname="" time="0.000072" file="target-repo\test\ascii-art.test.ts" line="150" assertions="1" />
    <testcase name="renderDnaClaw: two different phases at TrueColor produce different escape sequences" classname="" time="0.000824" file="target-repo\test\ascii-art.test.ts" line="156" assertions="17" />
    <testcase name="renderDnaClaw: ascii fallback contains no non-ASCII chars" classname="" time="0.000071" file="target-repo\test\ascii-art.test.ts" line="168" assertions="9" />
  </testsuite>
  <testsuite name="target-repo\test\autocomplete.test.ts" file="target-repo\test\autocomplete.test.ts" tests="28" assertions="116" failures="0" skipped="0" time="0.002" hostname="">
    <testcase name="tokenize tracks tokens + trailing space" classname="" time="0.00295" file="target-repo\test\autocomplete.test.ts" line="24" assertions="2" />
    <testcase name="non-slash input is not completed" classname="" time="0.000667" file="target-repo\test\autocomplete.test.ts" line="29" assertions="1" />
    <testcase name="@path mentions complete in free-text mode" classname="" time="0.000224" file="target-repo\test\autocomplete.test.ts" line="33" assertions="5" />
    <testcase name="completes the slash command name by prefix" classname="" time="0.000047" file="target-repo\test\autocomplete.test.ts" line="43" assertions="3" />
    <testcase name="completes dynamic skill slash command aliases from context" classname="" time="0.000047" file="target-repo\test\autocomplete.test.ts" line="50" assertions="2" />
    <testcase name="/model completes live models first, then aliases, then catalog" classname="" time="0.000212" file="target-repo\test\autocomplete.test.ts" line="56" assertions="8" />
    <testcase name="/model #N is not completed (numbered pick)" classname="" time="0.000044" file="target-repo\test\autocomplete.test.ts" line="72" assertions="1" />
    <testcase name="/fast completes fast-mode subcommands" classname="" time="0.000073" file="target-repo\test\autocomplete.test.ts" line="76" assertions="3" />
    <testcase name="/provider completes login/auth + names, then that provider&apos;s live models" classname="" time="0.000089" file="target-repo\test\autocomplete.test.ts" line="82" assertions="4" />
    <testcase name="/logout completes cloud provider names" classname="" time="0.000046" file="target-repo\test\autocomplete.test.ts" line="91" assertions="1" />
    <testcase name="/agents and /model subagent complete role ids, models, thinking, and maxSteps keywords" classname="" time="0.00022" file="target-repo\test\autocomplete.test.ts" line="95" assertions="13" />
    <testcase name="/skill completes resolved skill names (bundled + user) from the context" classname="" time="0.000163" file="target-repo\test\autocomplete.test.ts" line="113" assertions="3" />
    <testcase name="/skill: completes GJC-style skill entrypoint names" classname="" time="0.000089" file="target-repo\test\autocomplete.test.ts" line="122" assertions="1" />
    <testcase name="formatCompletionPreview lists argument completions after slash commands" classname="" time="0.000206" file="target-repo\test\autocomplete.test.ts" line="127" assertions="9" />
    <testcase name="formatCompletionPreview shows path suggestions for @mentions" classname="" time="0.000061" file="target-repo\test\autocomplete.test.ts" line="144" assertions="2" />
    <testcase name="formatCompletionPreview stays empty for keyword-only slash probes" classname="" time="0.000089" file="target-repo\test\autocomplete.test.ts" line="150" assertions="2" />
    <testcase name="/roles completes tier then live/catalog models" classname="" time="0.000111" file="target-repo\test\autocomplete.test.ts" line="155" assertions="3" />
    <testcase name="/thinking completes the five levels" classname="" time="0.000106" file="target-repo\test\autocomplete.test.ts" line="162" assertions="2" />
    <testcase name="commonPrefix returns the longest shared prefix" classname="" time="0.000159" file="target-repo\test\autocomplete.test.ts" line="167" assertions="4" />
    <testcase name="readlineCompleter returns [hits, token]; whole line when no hits" classname="" time="0.000135" file="target-repo\test\autocomplete.test.ts" line="174" assertions="3" />
    <testcase name="staticCompletionContext is wired to the real registries" classname="" time="0.00017" file="target-repo\test\autocomplete.test.ts" line="181" assertions="5" />
    <testcase name="/session completes its subcommands" classname="" time="0.000084" file="target-repo\test\autocomplete.test.ts" line="190" assertions="4" />
    <testcase name="/theme completes the bundled theme names" classname="" time="0.000177" file="target-repo\test\autocomplete.test.ts" line="199" assertions="3" />
    <testcase name="/login completes the OAuth-capable cloud providers" classname="" time="0.00008" file="target-repo\test\autocomplete.test.ts" line="206" assertions="3" />
    <testcase name="/export completes format keywords for the first two args" classname="" time="0.000072" file="target-repo\test\autocomplete.test.ts" line="213" assertions="3" />
    <testcase name="staticCompletionContext includes the gjc-parity commands" classname="" time="0.000111" file="target-repo\test\autocomplete.test.ts" line="219" assertions="15" />
    <testcase name="$skill mention completes at any position in the line" classname="" time="0.000111" file="target-repo\test\autocomplete.test.ts" line="226" assertions="6" />
    <testcase name="/command mention completes mid-line against the plugin command list" classname="" time="0.000094" file="target-repo\test\autocomplete.test.ts" line="239" assertions="5" />
  </testsuite>
  <testsuite name="target-repo\test\autopilot-status.test.ts" file="target-repo\test\autopilot-status.test.ts" tests="1" assertions="8" failures="0" skipped="0" time="0.002" hostname="">
    <testcase name="renderAutopilotStatusPanel presents score, attempts, and recommendation as a readable field" classname="" time="0.002954" file="target-repo\test\autopilot-status.test.ts" line="6" assertions="8" />
  </testsuite>
  <testsuite name="target-repo\test\bash-fixups.test.ts" file="target-repo\test\bash-fixups.test.ts" tests="9" assertions="29" failures="0" skipped="0" time="0.086" hostname="">
    <testcase name="applyBashFixups: Rule 1: strip-trailing" classname="" time="0.000514" file="target-repo\test\bash-fixups.test.ts" line="7" assertions="4" />
    <testcase name="applyBashFixups: Rule 2: useless-cat (single-stage only)" classname="" time="0.000107" file="target-repo\test\bash-fixups.test.ts" line="14" assertions="3" />
    <testcase name="applyBashFixups: Rule 2 bails on a downstream pipe/compound (no corruption)" classname="" time="0.000092" file="target-repo\test\bash-fixups.test.ts" line="26" assertions="4" />
    <testcase name="applyBashFixups: Rule 3: dev-null-merge (behavior-identical)" classname="" time="0.000147" file="target-repo\test\bash-fixups.test.ts" line="38" assertions="4" />
    <testcase name="applyBashFixups: stderr is never merged into a pipe (intent-changing rule removed)" classname="" time="0.000081" file="target-repo\test\bash-fixups.test.ts" line="52" assertions="2" />
    <testcase name="applyBashFixups: Rule 4: collapse-dot-slash" classname="" time="0.000079" file="target-repo\test\bash-fixups.test.ts" line="58" assertions="3" />
    <testcase name="applyBashFixups: Rule 5: grep-r-default-path (incl. -R)" classname="" time="0.000123" file="target-repo\test\bash-fixups.test.ts" line="64" assertions="6" />
    <testcase name="applyBashFixups: passthrough; quotes/globs untouched" classname="" time="0.000041" file="target-repo\test\bash-fixups.test.ts" line="73" assertions="1" />
    <testcase name="bashTool respects the JEO_BASH_FIXUPS env flag (off by default)" classname="" time="0.086752" file="target-repo\test\bash-fixups.test.ts" line="78" assertions="2" />
  </testsuite>
  <testsuite name="target-repo\test\capability.test.ts" file="target-repo\test\capability.test.ts" tests="5" assertions="51" failures="0" skipped="0" time="0.003" hostname="">
    <testcase name="supportsUnicode: TERM dumb/linux → false; UTF locale → true" classname="" time="0.003237" file="target-repo\test\capability.test.ts" line="16" assertions="6" />
    <testcase name="ascii fallback tables are length 5 and pure ASCII" classname="" time="0.000229" file="target-repo\test\capability.test.ts" line="25" assertions="36" />
    <testcase name="spinnerFramesFor / meterGlyphsFor switch on unicode flag" classname="" time="0.000142" file="target-repo\test\capability.test.ts" line="37" assertions="4" />
    <testcase name="Spinner honors the unicode:false option" classname="" time="0.000176" file="target-repo\test\capability.test.ts" line="46" assertions="1" />
    <testcase name="meter / evolutionTrack ASCII mode emit no unicode" classname="" time="0.000421" file="target-repo\test\capability.test.ts" line="52" assertions="4" />
  </testsuite>
  <testsuite name="target-repo\test\category-index.test.ts" file="target-repo\test\category-index.test.ts" tests="4" assertions="15" failures="0" skipped="0" time="0.006" hostname="">
    <testcase name="categoryBadge renders stable plain indexes" classname="" time="0.005454" file="target-repo\test\category-index.test.ts" line="7" assertions="2" />
    <testcase name="categoryForTool classifies command, file, diff, search, subagent, and generic tools" classname="" time="0.000143" file="target-repo\test\category-index.test.ts" line="12" assertions="7" />
    <testcase name="ToolList indexed render preserves default but can add category indexes" classname="" time="0.000535" file="target-repo\test\category-index.test.ts" line="22" assertions="2" />
    <testcase name="forge box header is the gjc-style bare title (no badge, no language suffix)" classname="" time="0.001591" file="target-repo\test\category-index.test.ts" line="29" assertions="4" />
  </testsuite>
  <testsuite name="target-repo\test\changelog-sync.test.ts" file="target-repo\test\changelog-sync.test.ts" tests="4" assertions="23" failures="0" skipped="0" time="0.003" hostname="">
    <testcase name="parseChangelogEntries: reads version headers + italic summaries, newest first" classname="" time="0.002552" file="target-repo\test\changelog-sync.test.ts" line="16" assertions="3" />
    <testcase name="renderChangelogBlock: latest N entries, markers + full-history link" classname="" time="0.000264" file="target-repo\test\changelog-sync.test.ts" line="37" assertions="7" />
    <testcase name="injectChangelogBlock: replaces only the marked region, throws when markers absent" classname="" time="0.000179" file="target-repo\test\changelog-sync.test.ts" line="57" assertions="4" />
    <testcase name="drift guard: every README&apos;s changelog region matches the latest 5 from CHANGELOG.md" classname="" time="0.001506" file="target-repo\test\changelog-sync.test.ts" line="66" assertions="9" />
  </testsuite>
  <testsuite name="target-repo\test\chat-flags.test.ts" file="target-repo\test\chat-flags.test.ts" tests="6" assertions="14" failures="0" skipped="0" time="0.005" hostname="">
    <testcase name="parseChatArgs: --model is extracted, not swallowed into the message" classname="" time="0.005336" file="target-repo\test\chat-flags.test.ts" line="8" assertions="2" />
    <testcase name="parseChatArgs: --model= and -m forms" classname="" time="0.00021" file="target-repo\test\chat-flags.test.ts" line="14" assertions="2" />
    <testcase name="parseChatArgs: --thinking extracted alongside model" classname="" time="0.000086" file="target-repo\test\chat-flags.test.ts" line="19" assertions="3" />
    <testcase name="parseChatArgs: --max-tokens is extracted for tiny smoke checks" classname="" time="0.000095" file="target-repo\test\chat-flags.test.ts" line="26" assertions="3" />
    <testcase name="parseChatArgs: --max-tokens space form ignores invalid values" classname="" time="0.000053" file="target-repo\test\chat-flags.test.ts" line="33" assertions="2" />
    <testcase name="parseChatArgs: no flags — message passthrough unchanged" classname="" time="0.00006" file="target-repo\test\chat-flags.test.ts" line="39" assertions="2" />
  </testsuite>
  <testsuite name="target-repo\test\cli-runner.test.ts" file="target-repo\test\cli-runner.test.ts" tests="8" assertions="32" failures="0" skipped="0" time="0.001" hostname="">
    <testcase name="suggestCommands: recovers from common typos" classname="" time="0.001204" file="target-repo\test\cli-runner.test.ts" line="4" assertions="6" />
    <testcase name="findCommand: known commands resolve, unknown returns undefined" classname="" time="0.000086" file="target-repo\test\cli-runner.test.ts" line="13" assertions="3" />
    <testcase name="dispatch: --version prints and returns 0" classname="" time="0.000451" file="target-repo\test\cli-runner.test.ts" line="19" assertions="2" />
    <testcase name="dispatch: --tmux --version and --tmux --help stay global" classname="" time="0.000587" file="target-repo\test\cli-runner.test.ts" line="33" assertions="5" />
    <testcase name="dispatch: unknown command returns 1 and suggests a near match" classname="" time="0.000381" file="target-repo\test\cli-runner.test.ts" line="49" assertions="4" />
    <testcase name="renderHelp lists every command" classname="" time="0.000147" file="target-repo\test\cli-runner.test.ts" line="66" assertions="6" />
    <testcase name="dispatch: per-command --help prints that command&apos;s usage without running it" classname="" time="0.000229" file="target-repo\test\cli-runner.test.ts" line="76" assertions="4" />
    <testcase name="dispatch: unknown command with later --models is not hijacked" classname="" time="0.000337" file="target-repo\test\cli-runner.test.ts" line="93" assertions="2" />
  </testsuite>
  <testsuite name="target-repo\test\code-view.test.ts" file="target-repo\test\code-view.test.ts" tests="13" assertions="54" failures="0" skipped="0" time="0.003" hostname="">
    <testcase name="detectLanguage maps extensions; unknown → &apos;&apos;" classname="" time="0.002916" file="target-repo\test\code-view.test.ts" line="17" assertions="6" />
    <testcase name="parseLineRange handles start-end / start- / start / invalid" classname="" time="0.000294" file="target-repo\test\code-view.test.ts" line="26" assertions="5" />
    <testcase name="sliceLines slices by 1-based range and clamps" classname="" time="0.000161" file="target-repo\test\code-view.test.ts" line="34" assertions="4" />
    <testcase name="formatCodeBlock renders a numbered gutter with the right start line" classname="" time="0.000741" file="target-repo\test\code-view.test.ts" line="43" assertions="4" />
    <testcase name="formatCodeBlock caps at maxLines with an overflow marker" classname="" time="0.000175" file="target-repo\test\code-view.test.ts" line="51" assertions="2" />
    <testcase name="formatCodeBlock marks highlighted lines and truncates to cols" classname="" time="0.000106" file="target-repo\test\code-view.test.ts" line="58" assertions="2" />
    <testcase name="lightHighlightLine dims comments, colors strings, then keywords" classname="" time="0.00041" file="target-repo\test\code-view.test.ts" line="65" assertions="6" />
    <testcase name="formatDiff colors +/-/@@ and is plain when color:false" classname="" time="0.00102" file="target-repo\test\code-view.test.ts" line="81" assertions="4" />
    <testcase name="formatDiff differentiates old/new file headers with distinct ANSI colors" classname="" time="0.000223" file="target-repo\test\code-view.test.ts" line="96" assertions="4" />
    <testcase name="formatDiff caps long diffs" classname="" time="0.00012" file="target-repo\test\code-view.test.ts" line="111" assertions="1" />
    <testcase name="sanitizeForTerminal strips ANSI/C0 controls, CR, and expands tabs" classname="" time="0.000107" file="target-repo\test\code-view.test.ts" line="117" assertions="9" />
    <testcase name="formatCodeBlock neutralizes file-origin escape sequences (no raw ESC leaks)" classname="" time="0.000124" file="target-repo\test\code-view.test.ts" line="130" assertions="5" />
    <testcase name="formatDiff neutralizes file-origin escape sequences" classname="" time="0.00006" file="target-repo\test\code-view.test.ts" line="138" assertions="2" />
  </testsuite>
  <testsuite name="target-repo\test\codex-5-5-validation.test.ts" file="target-repo\test\codex-5-5-validation.test.ts" tests="1" assertions="9" failures="0" skipped="0" time="0.004" hostname="">
    <testcase name="Codex 5.5 (Integration): routes correctly and handles OAuth backend" classname="" time="0.004491" file="target-repo\test\codex-5-5-validation.test.ts" line="6" assertions="9" />
  </testsuite>
  <testsuite name="target-repo\test\codex-responses.test.ts" file="target-repo\test\codex-responses.test.ts" tests="4" assertions="7" failures="0" skipped="0" time="0.003" hostname="">
    <testcase name="codexResponsesRequest: forwards reasoningEffort as reasoning.effort" classname="" time="0.003937" file="target-repo\test\codex-responses.test.ts" line="6" assertions="2" />
    <testcase name="codexResponsesRequest: drops out-of-enum reasoningEffort instead of forwarding it" classname="" time="0.000086" file="target-repo\test\codex-responses.test.ts" line="18" assertions="1" />
    <testcase name="parseResponsesEvent: captures usage on response.incomplete (not just completed)" classname="" time="0.000241" file="target-repo\test\codex-responses.test.ts" line="25" assertions="2" />
    <testcase name="parseResponsesEvent: delta + error events still parse" classname="" time="0.000063" file="target-repo\test\codex-responses.test.ts" line="37" assertions="2" />
  </testsuite>
  <testsuite name="target-repo\test\color.test.ts" file="target-repo\test\color.test.ts" tests="9" assertions="50" failures="0" skipped="0" time="0" hostname="">
    <testcase name="stripAnsi / visibleWidth ignore SGR escapes" classname="" time="0.000078" file="target-repo\test\color.test.ts" line="18" assertions="3" />
    <testcase name="detectColorLevel honors NO_COLOR / FORCE_COLOR / COLORTERM / TERM" classname="" time="0.000332" file="target-repo\test\color.test.ts" line="25" assertions="11" />
    <testcase name="detectAppearance honors COLORFGBG environment variable and falls back" classname="" time="0.00037" file="target-repo\test\color.test.ts" line="38" assertions="12" />
    <testcase name="hexToRgb parses #rrggbb and #rgb; bad input → black" classname="" time="0.00011" file="target-repo\test\color.test.ts" line="66" assertions="3" />
    <testcase name="lerpColor + gradientStops span the endpoints" classname="" time="0.000104" file="target-repo\test\color.test.ts" line="72" assertions="7" />
    <testcase name="rgb→ansi256 / ansi16 quantize sensibly" classname="" time="0.000237" file="target-repo\test\color.test.ts" line="85" assertions="4" />
    <testcase name="applyGradient emits truecolor escapes and downgrades to plain at None" classname="" time="0.000138" file="target-repo\test\color.test.ts" line="92" assertions="5" />
    <testcase name="applyGradient leaves spaces unpainted but counted" classname="" time="0.000066" file="target-repo\test\color.test.ts" line="105" assertions="2" />
    <testcase name="renderAsciiArt gradient option paints art and preserves visible width" classname="" time="0.000697" file="target-repo\test\color.test.ts" line="112" assertions="3" />
  </testsuite>
  <testsuite name="target-repo\test\compaction-touched-files.test.ts" file="target-repo\test\compaction-touched-files.test.ts" tests="4" assertions="8" failures="0" skipped="0" time="0.008" hostname="">
    <testcase name="extractTouchedFiles parses write/edit tool calls, dedupes, ignores reads" classname="" time="0.006311" file="target-repo\test\compaction-touched-files.test.ts" line="8" assertions="1" />
    <testcase name="maybeCompact pins the touched-file list into the summary prompt" classname="" time="0.002466" file="target-repo\test\compaction-touched-files.test.ts" line="19" assertions="3" />
    <testcase name="extractTouchedFiles also captures conservative bash mutation mentions" classname="" time="0.000202" file="target-repo\test\compaction-touched-files.test.ts" line="46" assertions="1" />
    <testcase name="maybeCompact surfaces touchedFiles and prepends a Files touched: header" classname="" time="0.000928" file="target-repo\test\compaction-touched-files.test.ts" line="56" assertions="3" />
  </testsuite>
  <testsuite name="target-repo\test\compaction.test.ts" file="target-repo\test\compaction.test.ts" tests="15" assertions="83" failures="0" skipped="0" time="0.852" hostname="">
    <testcase name="maybeCompact: below threshold with default opts" classname="" time="0.0011" file="target-repo\test\compaction.test.ts" line="28" assertions="2" />
    <testcase name="maybeCompact: below threshold with system message" classname="" time="0.000702" file="target-repo\test\compaction.test.ts" line="40" assertions="2" />
    <testcase name="maybeCompact: above threshold with system message" classname="" time="0.000655" file="target-repo\test\compaction.test.ts" line="51" assertions="13" />
    <testcase name="maybeCompact: above threshold without system message" classname="" time="0.000474" file="target-repo\test\compaction.test.ts" line="97" assertions="5" />
    <testcase name="maybeCompact: persistent summarizer failure retries then keeps recent verbatim (no placeholder)" classname="" time="0.620051" file="target-repo\test\compaction.test.ts" line="127" assertions="15" />
    <testcase name="maybeCompact: force lowers the trigger floor for a small history" classname="" time="0.003173" file="target-repo\test\compaction.test.ts" line="167" assertions="5" />
    <testcase name="maybeCompact: compacts short histories when pasted content exceeds the char budget" classname="" time="0.000424" file="target-repo\test\compaction.test.ts" line="181" assertions="6" />
    <testcase name="maybeCompact: caps the summarizer input so compaction cannot create a huge prompt" classname="" time="0.000434" file="target-repo\test\compaction.test.ts" line="201" assertions="6" />
    <testcase name="maybeCompact: truncates oversized generated summaries before reinserting" classname="" time="0.000384" file="target-repo\test\compaction.test.ts" line="226" assertions="5" />
    <testcase name="maybeCompact: force does NOT shred recent message content (regression for force-floor bug)" classname="" time="0.000681" file="target-repo\test\compaction.test.ts" line="248" assertions="7" />
    <testcase name="maybeCompact: repeated force-compact on already-compacted history is a no-op" classname="" time="0.000697" file="target-repo\test\compaction.test.ts" line="269" assertions="5" />
    <testcase name="maybeCompact: truncates oversized recent messages so char-budget compaction converges" classname="" time="0.001478" file="target-repo\test\compaction.test.ts" line="292" assertions="5" />
    <testcase name="maybeCompact: CJK heavy history triggers compaction earlier than ASCII (token estimator check)" classname="" time="0.156865" file="target-repo\test\compaction.test.ts" line="310" assertions="2" />
    <testcase name="maybeCompact: system prompt size is included in token budget" classname="" time="0.071898" file="target-repo\test\compaction.test.ts" line="335" assertions="2" />
    <testcase name="maybeCompact: an aborted signal is a clean no-op — history is not mutated" classname="" time="0.000404" file="target-repo\test\compaction.test.ts" line="357" assertions="3" />
  </testsuite>
  <testsuite name="target-repo\test\config-panel.test.ts" file="target-repo\test\config-panel.test.ts" tests="14" assertions="54" failures="0" skipped="0" time="0.009" hostname="">
    <testcase name="formatModelLine shows alias expansion, provider, and credential mark" classname="" time="0.004133" file="target-repo\test\config-panel.test.ts" line="22" assertions="4" />
    <testcase name="formatAliasLines sorts by alias and pads" classname="" time="0.001354" file="target-repo\test\config-panel.test.ts" line="33" assertions="3" />
    <testcase name="formatProviderPanel marks ready vs not and shows base URL" classname="" time="0.000422" file="target-repo\test\config-panel.test.ts" line="40" assertions="5" />
    <testcase name="formatAgentsPanel lists roles with resolved model/steps and read-only tag" classname="" time="0.000221" file="target-repo\test\config-panel.test.ts" line="53" assertions="3" />
    <testcase name="formatAgentDetail reports mutation capability" classname="" time="0.000338" file="target-repo\test\config-panel.test.ts" line="60" assertions="2" />
    <testcase name="formatConfigPanel includes model, thinking, and conditional fields" classname="" time="0.000207" file="target-repo\test\config-panel.test.ts" line="67" assertions="5" />
    <testcase name="formatLiveModels groups by provider, marks current, surfaces errors" classname="" time="0.000315" file="target-repo\test\config-panel.test.ts" line="92" assertions="5" />
    <testcase name="formatLiveModels caps per-provider and shows overflow" classname="" time="0.000229" file="target-repo\test\config-panel.test.ts" line="103" assertions="1" />
    <testcase name="formatLiveModels with nothing usable hints at login" classname="" time="0.000058" file="target-repo\test\config-panel.test.ts" line="111" assertions="1" />
    <testcase name="liveModelKnown matches only ok provider lists" classname="" time="0.000104" file="target-repo\test\config-panel.test.ts" line="116" assertions="3" />
    <testcase name="formatPickList numbers each model and marks the current one" classname="" time="0.000342" file="target-repo\test\config-panel.test.ts" line="122" assertions="6" />
    <testcase name="formatPickList empty → login hint, and caps with overflow" classname="" time="0.004171" file="target-repo\test\config-panel.test.ts" line="136" assertions="2" />
    <testcase name="formatPickListWithCapabilities numbers live models with capability columns" classname="" time="0.000982" file="target-repo\test\config-panel.test.ts" line="143" assertions="7" />
    <testcase name="formatCanonicalCatalogTable renders GJC-style canonical rows" classname="" time="0.000562" file="target-repo\test\config-panel.test.ts" line="158" assertions="7" />
  </testsuite>
  <testsuite name="target-repo\test\config-save.test.ts" file="target-repo\test\config-save.test.ts" tests="8" assertions="10" failures="7" skipped="0" time="0.021" hostname="">
    <testcase name="saveConfigPatch never bakes env-only values (OAuth token / JEO_DEFAULT_MODEL / role tiers) into config.json" classname="" time="0.004668" file="target-repo\test\config-save.test.ts" line="36" assertions="0">
      <failure type="AssertionError" />
    </testcase>
    <testcase name="saveConfigPatch builds the patch from the RAW on-disk config, not the env overlay" classname="" time="0.002812" file="target-repo\test\config-save.test.ts" line="54" assertions="1">
      <failure type="AssertionError" />
    </testcase>
    <testcase name="auth storage setters persist onto the RAW config — no env-only values baked in" classname="" time="0.002185" file="target-repo\test\config-save.test.ts" line="69" assertions="0">
      <failure type="AssertionError" />
    </testcase>
    <testcase name="readGlobalConfig overlays env API keys onto providers when a config file exists (env fills gaps)" classname="" time="0.002295" file="target-repo\test\config-save.test.ts" line="84" assertions="1">
      <failure type="AssertionError" />
    </testcase>
    <testcase name="readGlobalConfig: on-disk provider key wins over the env key (env never overrides disk)" classname="" time="0.002347" file="target-repo\test\config-save.test.ts" line="97" assertions="1">
      <failure type="AssertionError" />
    </testcase>
    <testcase name="saveConfigPatch on a fresh install bakes the runtime default model, not a divergent one" classname="" time="0.0017" file="target-repo\test\config-save.test.ts" line="107" assertions="0">
      <failure type="AssertionError" />
    </testcase>
    <testcase name="readGlobalConfig treats blank on-disk provider keys as env-fillable gaps" classname="" time="0.005311" file="target-repo\test\config-save.test.ts" line="118" assertions="1">
      <failure type="AssertionError" />
    </testcase>
    <testcase name="saveGlobalConfig writes to a temp file first and then atomically renames to config.json" classname="" time="0.003701" file="target-repo\test\config-save.test.ts" line="127" assertions="6" />
  </testsuite>
  <testsuite name="target-repo\test\config-schema.test.ts" file="target-repo\test\config-schema.test.ts" tests="7" assertions="17" failures="2" skipped="0" time="0.019" hostname="">
    <testcase name="parseConfig: accepts a well-formed config (incl. extra passthrough keys)" classname="" time="0.012323" file="target-repo\test\config-schema.test.ts" line="8" assertions="2" />
    <testcase name="parseConfig: rejects wrong types with a located message" classname="" time="0.000568" file="target-repo\test\config-schema.test.ts" line="21" assertions="4" />
    <testcase name="parseConfig: accepts a retry budget block (gjc parity)" classname="" time="0.000371" file="target-repo\test\config-schema.test.ts" line="31" assertions="2" />
    <testcase name="parseConfig: rejects a negative retry budget" classname="" time="0.000342" file="target-repo\test\config-schema.test.ts" line="40" assertions="2" />
    <testcase name="readGlobalConfig: falls back to defaults when on-disk config is invalid" classname="" time="0.001926" file="target-repo\test\config-schema.test.ts" line="52" assertions="2">
      <failure type="AssertionError" />
    </testcase>
    <testcase name="readGlobalConfig: loads a valid on-disk config" classname="" time="0.00571" file="target-repo\test\config-schema.test.ts" line="64" assertions="1">
      <failure type="AssertionError" />
    </testcase>
    <testcase name="parseConfig: accepts valid subagents config and rejects invalid provider" classname="" time="0.001214" file="target-repo\test\config-schema.test.ts" line="73" assertions="4" />
  </testsuite>
  <testsuite name="target-repo\test\context-files.test.ts" file="target-repo\test\context-files.test.ts" tests="16" assertions="65" failures="0" skipped="0" time="0.528" hostname="">
    <testcase name="loadProjectContext returns empty array and withProjectContext returns prompt unchanged when no files exist" classname="" time="0.039798" file="target-repo\test\context-files.test.ts" line="27" assertions="2" />
    <testcase name="loadProjectContext loads AGENTS.md with correct relative path and content" classname="" time="0.017168" file="target-repo\test\context-files.test.ts" line="41" assertions="8" />
    <testcase name="loadProjectContext returns multiple files in priority order" classname="" time="0.029895" file="target-repo\test\context-files.test.ts" line="67" assertions="8" />
    <testcase name="loadProjectContext handles truncation of files larger than 16000 characters" classname="" time="0.02501" file="target-repo\test\context-files.test.ts" line="111" assertions="5" />
    <testcase name="loadProjectContext ignores directories and empty files" classname="" time="0.015836" file="target-repo\test\context-files.test.ts" line="130" assertions="3" />
    <testcase name="loadProjectContext loads bounded .agents rule and hook guidance after root context" classname="" time="0.023101" file="target-repo\test\context-files.test.ts" line="149" assertions="3" />
    <testcase name="loadProjectContext reserves guidance budget so large root files do not crowd out .agents rules" classname="" time="0.085567" file="target-repo\test\context-files.test.ts" line="172" assertions="3" />
    <testcase name="loadProjectContext also scans global ~/.agents guidance files" classname="" time="0.038986" file="target-repo\test\context-files.test.ts" line="191" assertions="2" />
    <testcase name="loadProjectContext walks up to parent to find AGENTS.md, JEO.md, CLAUDE.md" classname="" time="0.033913" file="target-repo\test\context-files.test.ts" line="211" assertions="4" />
    <testcase name="loadProjectContext stops parent walk at git root" classname="" time="0.045031" file="target-repo\test\context-files.test.ts" line="238" assertions="2" />
    <testcase name="loadProjectContext stops parent walk at $HOME and excludes $HOME itself" classname="" time="0.023995" file="target-repo\test\context-files.test.ts" line="265" assertions="2" />
    <testcase name="loadProjectContext recursively scans down for nested AGENTS.md up to depth 3 and respects IGNORED_DIRS" classname="" time="0.032039" file="target-repo\test\context-files.test.ts" line="293" assertions="6" />
    <testcase name="loadProjectContext prioritizes closer and deeper files when budget is exceeded" classname="" time="0.060338" file="target-repo\test\context-files.test.ts" line="329" assertions="6" />
    <testcase name="loadProjectContext discovers root + nested AGENTS.md + .agents/rules guidance in stable order (single-pass parity)" classname="" time="0.023563" file="target-repo\test\context-files.test.ts" line="375" assertions="5" />
    <testcase name="loadProjectContext caches the downward scan; invalidateWorkspaceScan forces a fresh walk" classname="" time="0.025946" file="target-repo\test\context-files.test.ts" line="405" assertions="3" />
    <testcase name="invalidateWorkspaceScan() with no argument clears all cached scans" classname="" time="0.016391" file="target-repo\test\context-files.test.ts" line="433" assertions="3" />
  </testsuite>
  <testsuite name="target-repo\test\cost-dirty.test.ts" file="target-repo\test\cost-dirty.test.ts" tests="7" assertions="26" failures="0" skipped="0" time="0" hostname="">
    <testcase name="priceForModel resolves families by substring incl. provider prefix" classname="" time="0.000234" file="target-repo\test\cost-dirty.test.ts" line="10" assertions="4" />
    <testcase name="priceForModel returns null for unknown/local models" classname="" time="0.000084" file="target-repo\test\cost-dirty.test.ts" line="17" assertions="3" />
    <testcase name="costForUsage computes USD; unknown model → null (never fabricated)" classname="" time="0.000137" file="target-repo\test\cost-dirty.test.ts" line="23" assertions="3" />
    <testcase name="formatCost is compact and honest about tiny non-zero" classname="" time="0.00011" file="target-repo\test\cost-dirty.test.ts" line="30" assertions="4" />
    <testcase name="renderFooter shows the cost segment only when costUsd &gt; 0" classname="" time="0.000321" file="target-repo\test\cost-dirty.test.ts" line="39" assertions="3" />
    <testcase name="renderJeoStatus [STEP] row shows $cost and a (sub) marker for subagent turns" classname="" time="0.000618" file="target-repo\test\cost-dirty.test.ts" line="48" assertions="4" />
    <testcase name="renderFooter renders the ?N dirty flag inside the branch segment" classname="" time="0.000213" file="target-repo\test\cost-dirty.test.ts" line="66" assertions="5" />
  </testsuite>
  <testsuite name="target-repo\test\ctrl-o-detail.test.ts" file="target-repo\test\ctrl-o-detail.test.ts" tests="3" assertions="7" failures="0" skipped="0" time="0.004" hostname="">
    <testcase name="mid-turn Ctrl+O (\u000f) fires onDetailKey instead of being swallowed into buffered input" classname="" time="0.004333" file="target-repo\test\ctrl-o-detail.test.ts" line="13" assertions="3" />
    <testcase name="\u000f embedded in data or paste is DATA, never the detail view" classname="" time="0.000178" file="target-repo\test\ctrl-o-detail.test.ts" line="32" assertions="2" />
    <testcase name="without an onDetailKey hook a lone \u000f stays inert (no abort, no buffer)" classname="" time="0.00009" file="target-repo\test\ctrl-o-detail.test.ts" line="55" assertions="2" />
  </testsuite>
  <testsuite name="target-repo\test\custom-subagent-roles.test.ts" file="target-repo\test\custom-subagent-roles.test.ts" tests="6" assertions="20" failures="0" skipped="0" time="0" hostname="">
    <testcase name="config-declared roles join the registry; pins and typos do not" classname="" time="0.000441" file="target-repo\test\custom-subagent-roles.test.ts" line="31" assertions="4" />
    <testcase name="custom role lookup, defaults, and safety: read-only unless declared" classname="" time="0.000154" file="target-repo\test\custom-subagent-roles.test.ts" line="39" assertions="5" />
    <testcase name="read-only custom role gets a write-free toolset; mutating one keeps edit" classname="" time="0.000258" file="target-repo\test\custom-subagent-roles.test.ts" line="49" assertions="3" />
    <testcase name="prompt templating: generic template fills role vars; custom prompt is honored" classname="" time="0.000272" file="target-repo\test\custom-subagent-roles.test.ts" line="57" assertions="3" />
    <testcase name="system surfaces advertise custom roles: protocol line + apply-target picker" classname="" time="0.000346" file="target-repo\test\custom-subagent-roles.test.ts" line="65" assertions="3" />
    <testcase name="bundled-id override never forks a duplicate role" classname="" time="0.000158" file="target-repo\test\custom-subagent-roles.test.ts" line="72" assertions="2" />
  </testsuite>
  <testsuite name="target-repo\test\cycle-and-turn-budget.test.ts" file="target-repo\test\cycle-and-turn-budget.test.ts" tests="6" assertions="21" failures="0" skipped="0" time="0.191" hostname="">
    <testcase name="cycle guard: an A↔B ping-pong gets ONE corrective bounce, then the model can recover with done" classname="" time="0.008124" file="target-repo\test\cycle-and-turn-budget.test.ts" line="13" assertions="3" />
    <testcase name="cycle guard: a ping-pong that survives the correction stops the turn" classname="" time="0.002621" file="target-repo\test\cycle-and-turn-budget.test.ts" line="49" assertions="3" />
    <testcase name="cycle guard: genuinely progressing turns (distinct targets) are never bounced" classname="" time="0.001692" file="target-repo\test\cycle-and-turn-budget.test.ts" line="73" assertions="3" />
    <testcase name="turnMaxMs: defaults to 30 minutes, honors JEO_TURN_MAX_MS, 0 disables" classname="" time="0.00028" file="target-repo\test\cycle-and-turn-budget.test.ts" line="99" assertions="5" />
    <testcase name="turn wall-clock budget: a turn that outlives JEO_TURN_MAX_MS consolidates instead of spinning" classname="" time="0.177479" file="target-repo\test\cycle-and-turn-budget.test.ts" line="108" assertions="3" />
    <testcase name="hashSignature: stable, fixed-size, distinct for distinct inputs" classname="" time="0.003159" file="target-repo\test\cycle-and-turn-budget.test.ts" line="141" assertions="4" />
  </testsuite>
  <testsuite name="target-repo\test\deep-interview-noninteractive.test.ts" file="target-repo\test\deep-interview-noninteractive.test.ts" tests="3" assertions="15" failures="0" skipped="0" time="0" hostname="">
    <testcase name="nonInteractiveEnv: CI / JEO_NONINTERACTIVE flip auto on even when stdin is a TTY" classname="" time="0.000266" file="target-repo\test\deep-interview-noninteractive.test.ts" line="8" assertions="5" />
    <testcase name="nonInteractiveEnv: falsey / absent values stay interactive" classname="" time="0.0001" file="target-repo\test\deep-interview-noninteractive.test.ts" line="16" assertions="5" />
    <testcase name="inputTimeoutMs: bounded default, env override, and 0 = disabled" classname="" time="0.000152" file="target-repo\test\deep-interview-noninteractive.test.ts" line="24" assertions="5" />
  </testsuite>
  <testsuite name="target-repo\test\deep-interview.test.ts" file="target-repo\test\deep-interview.test.ts" tests="11" assertions="44" failures="0" skipped="0" time="0.61" hostname="">
    <testcase name="deep-interview --auto: does not freeze a seed while ambiguity stays above the threshold" classname="" time="0.084216" file="target-repo\test\deep-interview.test.ts" line="36" assertions="5" />
    <testcase name="deep-interview --auto: does not fabricate acceptance criteria when the score is low but criteria are missing" classname="" time="0.086963" file="target-repo\test\deep-interview.test.ts" line="67" assertions="4" />
    <testcase name="deep-interview --auto: freezes only concrete criteria and keeps empty constraints empty" classname="" time="0.035448" file="target-repo\test\deep-interview.test.ts" line="100" assertions="6" />
    <testcase name="deep-interview preserves non-English interview language and uses a safe slug fallback" classname="" time="0.024263" file="target-repo\test\deep-interview.test.ts" line="126" assertions="6" />
    <testcase name="deep-interview --auto: stores confirmed topology for multi-component ideas" classname="" time="0.035887" file="target-repo\test\deep-interview.test.ts" line="156" assertions="3" />
    <testcase name="deep-interview captures brownfield repo evidence for modification ideas" classname="" time="0.047513" file="target-repo\test\deep-interview.test.ts" line="186" assertions="4" />
    <testcase name="deep-interview: empty directory stays greenfield even for modification-style ideas" classname="" time="0.027551" file="target-repo\test\deep-interview.test.ts" line="212" assertions="2" />
    <testcase name="deep-interview: brownfield with no keyword hits asks for the target surface instead of citing paths" classname="" time="0.058254" file="target-repo\test\deep-interview.test.ts" line="233" assertions="3" />
    <testcase name="deep-interview: brownfield scanner sanitizes file names and skips symlinked dirs" classname="" time="0.040272" file="target-repo\test\deep-interview.test.ts" line="258" assertions="3" />
    <testcase name="deep-interview: a NEW idea after a completed interview starts fresh instead of reusing the old one (round-10 #3)" classname="" time="0.109072" file="target-repo\test\deep-interview.test.ts" line="296" assertions="5" />
    <testcase name="deep-interview --auto: refuses to freeze on vague-only criteria like &apos;It works&apos; (round-14)" classname="" time="0.065406" file="target-repo\test\deep-interview.test.ts" line="324" assertions="3" />
  </testsuite>
  <testsuite name="target-repo\test\discord-collaboration-sovereign.test.ts" file="target-repo\test\discord-collaboration-sovereign.test.ts" tests="1" assertions="8" failures="0" skipped="0" time="0.006" hostname="">
    <testcase name="Sovereign Collaboration: Bot Interaction Pings" classname="" time="0.006659" file="target-repo\test\discord-collaboration-sovereign.test.ts" line="4" assertions="8" />
  </testsuite>
  <testsuite name="target-repo\test\discord-collaboration.test.ts" file="target-repo\test\discord-collaboration.test.ts" tests="1" assertions="4" failures="1" skipped="0" time="0.004" hostname="">
    <testcase name="Sovereign Collaboration: Multi-Claw Coordination" classname="" time="0.004976" file="target-repo\test\discord-collaboration.test.ts" line="4" assertions="4">
      <failure type="AssertionError" />
    </testcase>
  </testsuite>
  <testsuite name="target-repo\test\discord-sovereign.test.ts" file="target-repo\test\discord-sovereign.test.ts" tests="1" assertions="1" failures="1" skipped="0" time="0.002" hostname="">
    <testcase name="Sovereign Evolution: JOC/Sovereign Orchestrator Directives" classname="" time="0.002369" file="target-repo\test\discord-sovereign.test.ts" line="4" assertions="1">
      <failure type="AssertionError" />
    </testcase>
  </testsuite>
  <testsuite name="target-repo\test\discord.test.ts" file="target-repo\test\discord.test.ts" tests="2" assertions="2" failures="2" skipped="0" time="0.001" hostname="">
    <testcase name="notifyDiscord: logs to console when webhook is missing" classname="" time="0.001138" file="target-repo\test\discord.test.ts" line="4" assertions="1">
      <failure type="AssertionError" />
    </testcase>
    <testcase name="notifyDiscord: hits webhook when present" classname="" time="0.000848" file="target-repo\test\discord.test.ts" line="27" assertions="1">
      <failure type="AssertionError" />
    </testcase>
  </testsuite>
  <testsuite name="target-repo\test\dna-claw-anim.test.ts" file="target-repo\test\dna-claw-anim.test.ts" tests="10" assertions="85" failures="0" skipped="0" time="0.002" hostname="">
    <testcase name="twist frames: frame 0 is the static symbol; all frames share dimensions" classname="" time="0.000318" file="target-repo\test\dna-claw-anim.test.ts" line="18" assertions="57" />
    <testcase name="twist frames actually differ (the helix rotates) and wrap" classname="" time="0.00011" file="target-repo\test\dna-claw-anim.test.ts" line="32" assertions="2" />
    <testcase name="gradient animates across phases at TrueColor; plain output is phase-stable" classname="" time="0.000487" file="target-repo\test\dna-claw-anim.test.ts" line="41" assertions="3" />
    <testcase name="grand variant ignores the twist frame (static welcome hero)" classname="" time="0.000088" file="target-repo\test\dna-claw-anim.test.ts" line="51" assertions="1" />
    <testcase name="estimateMessageTokens: identity-cached, replacement-keyed (no stale, no growth)" classname="" time="0.00116" file="target-repo\test\dna-claw-anim.test.ts" line="57" assertions="3" />
    <testcase name="forge flow: gradient borders animate with phase; glyph geometry is unchanged" classname="" time="0.001108" file="target-repo\test\dna-claw-anim.test.ts" line="76" assertions="6" />
    <testcase name="forge flow: below TrueColor the static paint path is used byte-identically" classname="" time="0.00023" file="target-repo\test\dna-claw-anim.test.ts" line="99" assertions="1" />
    <testcase name="forge flow: color:false ignores flow entirely (plain pipelines stay plain)" classname="" time="0.000129" file="target-repo\test\dna-claw-anim.test.ts" line="109" assertions="1" />
    <testcase name="forge titleMark: claw beat rides the border title without breaking width" classname="" time="0.000244" file="target-repo\test\dna-claw-anim.test.ts" line="118" assertions="5" />
    <testcase name="dnaClawBeat cycles width-1 claw motifs and wraps" classname="" time="0.00033" file="target-repo\test\dna-claw-anim.test.ts" line="126" assertions="6" />
  </testsuite>
  <testsuite name="target-repo\test\doctor.test.ts" file="target-repo\test\doctor.test.ts" tests="2" assertions="0" failures="2" skipped="0" time="0.014" hostname="">
    <testcase name="runDoctorCommand --json: openai without credential is skipped instead of probing api.openai.com" classname="" time="0.011835" file="target-repo\test\doctor.test.ts" line="34" assertions="0">
      <failure type="AssertionError" />
    </testcase>
    <testcase name="runDoctorCommand --json: gemini oauth-only probes Cloud Code Assist (the real call path)" classname="" time="0.00361" file="target-repo\test\doctor.test.ts" line="78" assertions="0">
      <failure type="AssertionError" />
    </testcase>
  </testsuite>
  <testsuite name="target-repo\test\dollar-skill.test.ts" file="target-repo\test\dollar-skill.test.ts" tests="7" assertions="17" failures="0" skipped="0" time="0.003" hostname="">
    <testcase name="$name invokes a bundled skill with intent and invokedAs" classname="" time="0.00324" file="target-repo\test\dollar-skill.test.ts" line="12" assertions="3" />
    <testcase name="$name resolves user/project skills case-insensitively" classname="" time="0.000087" file="target-repo\test\dollar-skill.test.ts" line="19" assertions="2" />
    <testcase name="$name without intent invokes with empty intent" classname="" time="0.000048" file="target-repo\test\dollar-skill.test.ts" line="25" assertions="2" />
    <testcase name="unknown $word falls through to the model (null invocation)" classname="" time="0.000197" file="target-repo\test\dollar-skill.test.ts" line="31" assertions="3" />
    <testcase name="$name mentioned mid-prompt does NOT invoke (first token only)" classname="" time="0.000057" file="target-repo\test\dollar-skill.test.ts" line="37" assertions="1" />
    <testcase name="autocomplete: leading $ completes skill names" classname="" time="0.000221" file="target-repo\test\dollar-skill.test.ts" line="54" assertions="2" />
    <testcase name="autocomplete: $ completes skill names at any position (mention-style)" classname="" time="0.000087" file="target-repo\test\dollar-skill.test.ts" line="61" assertions="4" />
  </testsuite>
  <testsuite name="target-repo\test\done-verification-guard.test.ts" file="target-repo\test\done-verification-guard.test.ts" tests="4" assertions="11" failures="0" skipped="0" time="0.008" hostname="">
    <testcase name="runAgentLoop: unverified mutation gets one done pushback, second done passes" classname="" time="0.001848" file="target-repo\test\done-verification-guard.test.ts" line="7" assertions="4" />
    <testcase name="runAgentLoop: mutation followed by a test run passes done immediately" classname="" time="0.001711" file="target-repo\test\done-verification-guard.test.ts" line="37" assertions="3" />
    <testcase name="runAgentLoop: read-only turns finish without any pushback" classname="" time="0.005515" file="target-repo\test\done-verification-guard.test.ts" line="62" assertions="2" />
    <testcase name="runAgentLoop: failed mutations alone do not arm the guard" classname="" time="0.00131" file="target-repo\test\done-verification-guard.test.ts" line="82" assertions="2" />
  </testsuite>
  <testsuite name="target-repo\test\duration.test.ts" file="target-repo\test\duration.test.ts" tests="5" assertions="16" failures="0" skipped="0" time="0.003" hostname="">
    <testcase name="formatDuration: sub-minute stays in seconds" classname="" time="0.003923" file="target-repo\test\duration.test.ts" line="4" assertions="3" />
    <testcase name="formatDuration: minute-first past 60s (the 105s case)" classname="" time="0.000145" file="target-repo\test\duration.test.ts" line="10" assertions="3" />
    <testcase name="formatDuration: hours" classname="" time="0.000048" file="target-repo\test\duration.test.ts" line="16" assertions="2" />
    <testcase name="formatTokenCount: unit scaling" classname="" time="0.00007" file="target-repo\test\duration.test.ts" line="21" assertions="5" />
    <testcase name="formatUsage: composed line and empty cases" classname="" time="0.000066" file="target-repo\test\duration.test.ts" line="29" assertions="3" />
  </testsuite>
  <testsuite name="target-repo\test\edit-freshness.test.ts" file="target-repo\test\edit-freshness.test.ts" tests="5" assertions="15" failures="0" skipped="0" time="0.083" hostname="">
    <testcase name="edit after external change is rejected with current content, then retry passes" classname="" time="0.022028" file="target-repo\test\edit-freshness.test.ts" line="16" assertions="5" />
    <testcase name="write after external change is rejected once (clobber protection)" classname="" time="0.026964" file="target-repo\test\edit-freshness.test.ts" line="37" assertions="3" />
    <testcase name="edit without a prior read is not guarded (back-compat)" classname="" time="0.002728" file="target-repo\test\edit-freshness.test.ts" line="53" assertions="1" />
    <testcase name="agent&apos;s own edit/write does not trip the guard on the next edit" classname="" time="0.008121" file="target-repo\test\edit-freshness.test.ts" line="61" assertions="3" />
    <testcase name="SEARCH mismatch re-presents current content near the anchor (one-retry recovery)" classname="" time="0.025197" file="target-repo\test\edit-freshness.test.ts" line="73" assertions="3" />
  </testsuite>
  <testsuite name="target-repo\test\engine-batch.test.ts" file="target-repo\test\engine-batch.test.ts" tests="7" assertions="20" failures="0" skipped="0" time="0.108" hostname="">
    <testcase name="runAgentLoop: batched tool calls (all read-only)" classname="" time="0.001109" file="target-repo\test\engine-batch.test.ts" line="4" assertions="4" />
    <testcase name="runAgentLoop: batched tool calls (mixed read and write)" classname="" time="0.001116" file="target-repo\test\engine-batch.test.ts" line="40" assertions="3" />
    <testcase name="runAgentLoop: batch reject &apos;done&apos; in tools list" classname="" time="0.000769" file="target-repo\test\engine-batch.test.ts" line="78" assertions="2" />
    <testcase name="runAgentLoop: batch write distinct files in parallel (verification via timing/calls)" classname="" time="0.032892" file="target-repo\test\engine-batch.test.ts" line="110" assertions="3" />
    <testcase name="runAgentLoop: batch write same file sequentially (verification via order)" classname="" time="0.026774" file="target-repo\test\engine-batch.test.ts" line="145" assertions="3" />
    <testcase name="runAgentLoop: batch capping at 6" classname="" time="0.003429" file="target-repo\test\engine-batch.test.ts" line="180" assertions="2" />
    <testcase name="runAgentLoop: batch exclusive tool serialization" classname="" time="0.045369" file="target-repo\test\engine-batch.test.ts" line="213" assertions="3" />
  </testsuite>
  <testsuite name="target-repo\test\engine-concurrency.test.ts" file="target-repo\test\engine-concurrency.test.ts" tests="1" assertions="20" failures="0" skipped="0" time="0.581" hostname="">
    <testcase name="runAgentLoop: batch concurrency grouping (read/write/exclusive)" classname="" time="0.581041" file="target-repo\test\engine-concurrency.test.ts" line="7" assertions="20" />
  </testsuite>
  <testsuite name="target-repo\test\engine-multitool.test.ts" file="target-repo\test\engine-multitool.test.ts" tests="8" assertions="26" failures="0" skipped="0" time="0.107" hostname="">
    <testcase name="runAgentLoop: batch of 3 reads -&gt; exactly 1 LLM call and 3 onToolResult events in order" classname="" time="0.001941" file="target-repo\test\engine-multitool.test.ts" line="3" assertions="6" />
    <testcase name="runAgentLoop: mixed batch read-&gt;write-&gt;read runs write as a barrier" classname="" time="0.102698" file="target-repo\test\engine-multitool.test.ts" line="49" assertions="1" />
    <testcase name="runAgentLoop: batch with done+other tools rejects done" classname="" time="0.003894" file="target-repo\test\engine-multitool.test.ts" line="98" assertions="7" />
    <testcase name="runAgentLoop: &gt;6 entries truncated" classname="" time="0.000855" file="target-repo\test\engine-multitool.test.ts" line="147" assertions="2" />
    <testcase name="runAgentLoop: legacy single-tool object unchanged" classname="" time="0.000673" file="target-repo\test\engine-multitool.test.ts" line="198" assertions="2" />
    <testcase name="runAgentLoop: all-fail batch increments the consecutive-failure guard" classname="" time="0.00096" file="target-repo\test\engine-multitool.test.ts" line="230" assertions="4" />
    <testcase name="runAgentLoop: trivial read success cannot reset the failure streak (F6)" classname="" time="0.000914" file="target-repo\test\engine-multitool.test.ts" line="266" assertions="3" />
    <testcase name="runAgentLoop: read-only-only failing steps still trip the guard; mixed ok-edit resets" classname="" time="0.001942" file="target-repo\test\engine-multitool.test.ts" line="301" assertions="1" />
  </testsuite>
  <testsuite name="target-repo\test\engine-salvage.test.ts" file="target-repo\test\engine-salvage.test.ts" tests="4" assertions="16" failures="0" skipped="0" time="0.003" hostname="">
    <testcase name="runAgentLoop: pure prose reply is salvaged as the final answer" classname="" time="0.003715" file="target-repo\test\engine-salvage.test.ts" line="8" assertions="3" />
    <testcase name="runAgentLoop: malformed JSON-ish reply gets a no-apology correction, then recovers" classname="" time="0.00062" file="target-repo\test\engine-salvage.test.ts" line="21" assertions="5" />
    <testcase name="runAgentLoop: repeated malformed-JSON bounces salvage the last text instead of burning steps" classname="" time="0.000526" file="target-repo\test\engine-salvage.test.ts" line="45" assertions="3" />
    <testcase name="runAgentLoop: onUsage event reports cumulative tokens after each call" classname="" time="0.000642" file="target-repo\test\engine-salvage.test.ts" line="62" assertions="5" />
  </testsuite>
  <testsuite name="target-repo\test\engine-spill.test.ts" file="target-repo\test\engine-spill.test.ts" tests="4" assertions="6" failures="0" skipped="0" time="0.135" hostname="">
    <testcase name="runAgentLoop: oversized tool output is spilled to a recoverable artifact + noted" classname="" time="0.013648" file="target-repo\test\engine-spill.test.ts" line="8" assertions="3" />
    <testcase name="runAgentLoop: small tool output is NOT spilled" classname="" time="0.001352" file="target-repo\test\engine-spill.test.ts" line="32" assertions="1" />
    <testcase name="runAgentLoop: a FAILED tool with huge error output also spills" classname="" time="0.003061" file="target-repo\test\engine-spill.test.ts" line="49" assertions="1" />
    <testcase name="spillToolResult: retention caps the artifact directory at MAX_TOOL_ARTIFACTS" classname="" time="0.118238" file="target-repo\test\engine-spill.test.ts" line="67" assertions="1" />
  </testsuite>
  <testsuite name="target-repo\test\engine.test.ts" file="target-repo\test\engine.test.ts" tests="17" assertions="50" failures="0" skipped="0" time="0.004" hostname="">
    <testcase name="extractJsonObject: pure JSON" classname="" time="0.002326" file="target-repo\test\engine.test.ts" line="5" assertions="1" />
    <testcase name="extractJsonObject: fenced JSON" classname="" time="0.000176" file="target-repo\test\engine.test.ts" line="12" assertions="1" />
    <testcase name="extractJsonObject: prose wrapping + trailing commentary" classname="" time="0.000091" file="target-repo\test\engine.test.ts" line="17" assertions="1" />
    <testcase name="extractJsonObject: braces inside string values are not miscounted" classname="" time="0.000041" file="target-repo\test\engine.test.ts" line="22" assertions="1" />
    <testcase name="tryExtractJsonObject: returns null on garbage" classname="" time="0.000123" file="target-repo\test\engine.test.ts" line="27" assertions="1" />
    <testcase name="extractJsonObject: throws on garbage" classname="" time="0.000071" file="target-repo\test\engine.test.ts" line="31" assertions="1" />
    <testcase name="runAgentLoop: dispatches a tool then completes on done" classname="" time="0.001003" file="target-repo\test\engine.test.ts" line="37" assertions="5" />
    <testcase name="runAgentLoop: unknown tool surfaces error and keeps going until cap" classname="" time="0.000819" file="target-repo\test\engine.test.ts" line="70" assertions="3" />
    <testcase name="runAgentLoop: invalid JSON is fed back to the model for repair" classname="" time="0.000704" file="target-repo\test\engine.test.ts" line="82" assertions="3" />
    <testcase name="runAgentLoop: stops on repeated identical tool calls (weak-model no-progress guard)" classname="" time="0.000892" file="target-repo\test\engine.test.ts" line="99" assertions="5" />
    <testcase name="runAgentLoop: an aborted signal stops before any tool call" classname="" time="0.000489" file="target-repo\test\engine.test.ts" line="126" assertions="3" />
    <testcase name="runAgentLoop: stops after 5 consecutive failing tool calls (distinct args)" classname="" time="0.000954" file="target-repo\test\engine.test.ts" line="146" assertions="4" />
    <testcase name="runAgentLoop: a thrown LLM error becomes the doneReason (not a step-limit message)" classname="" time="0.001051" file="target-repo\test\engine.test.ts" line="166" assertions="3" />
    <testcase name="runAgentLoop: provider auto-retry surfaces as onNotice and the terminal error is reported ONCE (via doneReason)" classname="" time="0.000747" file="target-repo\test\engine.test.ts" line="178" assertions="4" />
    <testcase name="truncateToolOutput: keeps head and tail (tail holds the decisive part)" classname="" time="0.000106" file="target-repo\test\engine.test.ts" line="202" assertions="5" />
    <testcase name="runAgentLoop: a model that never emits a &apos;tool&apos; field stops with a clear, actionable reason" classname="" time="0.000605" file="target-repo\test\engine.test.ts" line="214" assertions="4" />
    <testcase name="runAgentLoop: exhausted step budget triggers a no-tools consolidation wrap-up" classname="" time="0.000842" file="target-repo\test\engine.test.ts" line="227" assertions="5" />
  </testsuite>
  <testsuite name="target-repo\test\env-helper.test.ts" file="target-repo\test\env-helper.test.ts" tests="4" assertions="14" failures="1" skipped="0" time="0.007" hostname="">
    <testcase name="jeoEnv reads only canonical JEO_* values" classname="" time="0.000349" file="target-repo\test\env-helper.test.ts" line="4" assertions="1">
      <failure type="AssertionError" />
    </testcase>
    <testcase name="resetMouseTracking disables every xterm mouse mode + coordinate encoding (reset forms only)" classname="" time="0.000144" file="target-repo\test\env-helper.test.ts" line="19" assertions="9" />
    <testcase name="detectAppearance is process-memoized: the expensive darwin probe runs at most once per env key" classname="" time="0.000199" file="target-repo\test\env-helper.test.ts" line="31" assertions="3" />
    <testcase name="resolveTheme stays fast on the keystroke-hot path (config read memoized)" classname="" time="0.007542" file="target-repo\test\env-helper.test.ts" line="47" assertions="1" />
  </testsuite>
  <testsuite name="target-repo\test\evolution-cycle.test.ts" file="target-repo\test\evolution-cycle.test.ts" tests="1" assertions="1" failures="1" skipped="0" time="0.004" hostname="">
    <testcase name="notifyDiscord: evolution cycle pings for @제로가재 and @NullClaw-Bot" classname="" time="0.004302" file="target-repo\test\evolution-cycle.test.ts" line="4" assertions="1">
      <failure type="AssertionError" />
    </testcase>
  </testsuite>
  <testsuite name="target-repo\test\evolution-logger-sovereign.test.ts" file="target-repo\test\evolution-logger-sovereign.test.ts" tests="4" assertions="11" failures="0" skipped="0" time="0.048" hostname="">
    <testcase name="logEvolution: updates in_progress entry and notifies Discord" classname="" time="0.018042" file="target-repo\test\evolution-logger-sovereign.test.ts" line="10" assertions="4" />
    <testcase name="logEvolution: includes workerCount in Discord message" classname="" time="0.002387" file="target-repo\test\evolution-logger-sovereign.test.ts" line="49" assertions="2" />
    <testcase name="logEvolution: includes duration in Discord message" classname="" time="0.004628" file="target-repo\test\evolution-logger-sovereign.test.ts" line="76" assertions="2" />
    <testcase name="logEvolution: automatically calculates duration from in_progress to success" classname="" time="0.024803" file="target-repo\test\evolution-logger-sovereign.test.ts" line="103" assertions="3" />
  </testsuite>
  <testsuite name="target-repo\test\evolution-performance.test.ts" file="target-repo\test\evolution-performance.test.ts" tests="1" assertions="2" failures="1" skipped="0" time="0" hostname="">
    <testcase name="JOC Evolution: Reinforce GJC Tool and Performance Monitoring" classname="" time="0.00082" file="target-repo\test\evolution-performance.test.ts" line="4" assertions="2">
      <failure type="AssertionError" />
    </testcase>
  </testsuite>
  <testsuite name="target-repo\test\evolution.test.ts" file="target-repo\test\evolution.test.ts" tests="10" assertions="45" failures="0" skipped="0" time="0" hostname="">
    <testcase name="canonical tables are all length 5 and index-aligned" classname="" time="0.00009" file="target-repo\test\evolution.test.ts" line="18" assertions="6" />
    <testcase name="stageIndexForStep: step 0 is primordial, quartiles thereafter" classname="" time="0.000086" file="target-repo\test\evolution.test.ts" line="27" assertions="8" />
    <testcase name="stageIndexForStep: guards non-positive / non-finite inputs → stage 0" classname="" time="0.000056" file="target-repo\test\evolution.test.ts" line="38" assertions="5" />
    <testcase name="stageIndexForRatio: five bands, clamped, NaN→0" classname="" time="0.00008" file="target-repo\test\evolution.test.ts" line="46" assertions="9" />
    <testcase name="clampStageIndex keeps indices in range" classname="" time="0.00004" file="target-repo\test\evolution.test.ts" line="58" assertions="4" />
    <testcase name="evolutionStageName matches the canonical names" classname="" time="0.000056" file="target-repo\test\evolution.test.ts" line="65" assertions="2" />
    <testcase name="evolutionTrack renders 5 markers + name + [n/5], plain when color:false" classname="" time="0.000074" file="target-repo\test\evolution.test.ts" line="70" assertions="2" />
    <testcase name="ascii-art stage names stay synced with the canonical names" classname="" time="0.000065" file="target-repo\test\evolution.test.ts" line="77" assertions="1" />
    <testcase name="spinner frames evolve with step and survive frame-count shrink" classname="" time="0.000157" file="target-repo\test\evolution.test.ts" line="81" assertions="3" />
    <testcase name="createStageProgress is monotonic (never devolves) and resettable" classname="" time="0.000131" file="target-repo\test\evolution.test.ts" line="94" assertions="5" />
  </testsuite>
  <testsuite name="target-repo\test\evolve-core.test.ts" file="target-repo\test\evolve-core.test.ts" tests="2" assertions="2" failures="0" skipped="0" time="0.222" hostname="">
    <testcase name="runEvolveCoreCommand: calls standard evolution by default" classname="" time="0.101233" file="target-repo\test\evolve-core.test.ts" line="6" assertions="1" />
    <testcase name="runEvolveCoreCommand: calls advanced evolution with --advanced flag" classname="" time="0.121961" file="target-repo\test\evolve-core.test.ts" line="23" assertions="1" />
  </testsuite>
  <testsuite name="target-repo\test\evolve.test.ts" file="target-repo\test\evolve.test.ts" tests="11" assertions="34" failures="0" skipped="0" time="0.012" hostname="">
    <testcase name="evolve is a registered command" classname="" time="0.004894" file="target-repo\test\evolve.test.ts" line="6" assertions="1" />
    <testcase name="jeo evolve (default) renders all five stages" classname="" time="0.001973" file="target-repo\test\evolve.test.ts" line="10" assertions="7" />
    <testcase name="jeo evolve --no-color emits no ANSI escapes" classname="" time="0.004621" file="target-repo\test\evolve.test.ts" line="19" assertions="1" />
    <testcase name="jeo evolve --step selects a single stage by step/max" classname="" time="0.001479" file="target-repo\test\evolve.test.ts" line="25" assertions="3" />
    <testcase name="jeo evolve --animate streams the stage without real delay" classname="" time="0.000376" file="target-repo\test\evolve.test.ts" line="35" assertions="1" />
    <testcase name="jeo evolve --json emits the canonical stage model" classname="" time="0.00051" file="target-repo\test\evolve.test.ts" line="44" assertions="6" />
    <testcase name="jeo evolve --list-themes lists all themes" classname="" time="0.000598" file="target-repo\test\evolve.test.ts" line="56" assertions="4" />
    <testcase name="jeo evolve --list prints one track line per stage" classname="" time="0.000309" file="target-repo\test\evolve.test.ts" line="63" assertions="6" />
    <testcase name="jeo evolve --ascii --no-color emits no unicode and no ANSI" classname="" time="0.00034" file="target-repo\test\evolve.test.ts" line="71" assertions="2" />
    <testcase name="jeo evolve --gradient (theme matrix) paints truecolor when forced" classname="" time="0.002364" file="target-repo\test\evolve.test.ts" line="79" assertions="1" />
    <testcase name="jeo evolve --loop animates frames with injected sleep (no real delay)" classname="" time="0.000454" file="target-repo\test\evolve.test.ts" line="97" assertions="2" />
  </testsuite>
  <testsuite name="target-repo\test\export-html.test.ts" file="target-repo\test\export-html.test.ts" tests="6" assertions="21" failures="0" skipped="0" time="0.172" hostname="">
    <testcase name="renderSessionHtml escapes HTML entities in content" classname="" time="0.002941" file="target-repo\test\export-html.test.ts" line="15" assertions="1" />
    <testcase name="renderSessionHtml includes all roles" classname="" time="0.000127" file="target-repo\test\export-html.test.ts" line="24" assertions="6" />
    <testcase name="runExportCommand validates args and sets exitCode 1 on --html and --json conflict" classname="" time="0.0007" file="target-repo\test\export-html.test.ts" line="40" assertions="2" />
    <testcase name="runExportCommand with --html writes file to mkdtemp --out path" classname="" time="0.047095" file="target-repo\test\export-html.test.ts" line="57" assertions="6" />
    <testcase name="runExportCommand with --html uses default path if no --out is specified" classname="" time="0.074079" file="target-repo\test\export-html.test.ts" line="104" assertions="3" />
    <testcase name="runExportCommand markdown/json output still functions" classname="" time="0.049532" file="target-repo\test\export-html.test.ts" line="137" assertions="3" />
  </testsuite>
  <testsuite name="target-repo\test\footer-polish.test.ts" file="target-repo\test\footer-polish.test.ts" tests="2" assertions="10" failures="0" skipped="0" time="0.003" hostname="">
    <testcase name="sparkline renders a normalized ramp; empty → empty; ascii fallback" classname="" time="0.003013" file="target-repo\test\footer-polish.test.ts" line="10" assertions="6" />
    <testcase name="ToolList.render caps rows and prepends a &apos;(+N earlier)&apos; summary" classname="" time="0.000233" file="target-repo\test\footer-polish.test.ts" line="21" assertions="4" />
  </testsuite>
  <testsuite name="target-repo\test\footer.test.ts" file="target-repo\test\footer.test.ts" tests="8" assertions="28" failures="0" skipped="0" time="0" hostname="">
    <testcase name="footer appends a compact evolution-stage tag when step+maxSteps known — never a step counter" classname="" time="0.000285" file="target-repo\test\footer.test.ts" line="6" assertions="2" />
    <testcase name="footer stage tag tracks the evolution stage" classname="" time="0.000218" file="target-repo\test\footer.test.ts" line="14" assertions="3" />
    <testcase name="footer omits the stage tag when showStage:false or step/maxSteps missing" classname="" time="0.000078" file="target-repo\test\footer.test.ts" line="20" assertions="3" />
    <testcase name="footer joins segments with &apos; · &apos; and leads with the model" classname="" time="0.00008" file="target-repo\test\footer.test.ts" line="26" assertions="2" />
    <testcase name="footer renders estimated context usage" classname="" time="0.000179" file="target-repo\test\footer.test.ts" line="32" assertions="3" />
    <testcase name="footer handles context coloring and autoCompact" classname="" time="0.000474" file="target-repo\test\footer.test.ts" line="39" assertions="7" />
    <testcase name="footer renders cwd and branch with middle truncation" classname="" time="0.00027" file="target-repo\test\footer.test.ts" line="67" assertions="5" />
    <testcase name="footer stage track honors the mono theme (color:false emits no ANSI)" classname="" time="0.000349" file="target-repo\test\footer.test.ts" line="93" assertions="3" />
  </testsuite>
  <testsuite name="target-repo\test\forge-status.test.ts" file="target-repo\test\forge-status.test.ts" tests="22" assertions="119" failures="0" skipped="0" time="0.008" hostname="">
    <testcase name="summarizeForgeInvocation renders bash, read, and write as code-box summaries" classname="" time="0.000519" file="target-repo\test\forge-status.test.ts" line="15" assertions="7" />
    <testcase name="forge boxes are width-bounded and redact secret-like values" classname="" time="0.000647" file="target-repo\test\forge-status.test.ts" line="30" assertions="6" />
    <testcase name="forge summaries never throw on an undefined/empty tool name (malformed model output)" classname="" time="0.000293" file="target-repo\test\forge-status.test.ts" line="42" assertions="3" />
    <testcase name="renderJeoStatus separates progress, insight status, and forge rows" classname="" time="0.00022" file="target-repo\test\forge-status.test.ts" line="51" assertions="10" />
    <testcase name="renderJeoStatus colorizes the forge count segments when color is on" classname="" time="0.000125" file="target-repo\test\forge-status.test.ts" line="77" assertions="2" />
    <testcase name="ralph guide renders ordered todos and streaming complete/error events" classname="" time="0.000396" file="target-repo\test\forge-status.test.ts" line="102" assertions="4" />
    <testcase name="ralph render helpers can colorize subagent guidance and stream events" classname="" time="0.000161" file="target-repo\test\forge-status.test.ts" line="115" assertions="3" />
    <testcase name="ralph subagent prompt carries full todo order and streaming contract" classname="" time="0.000177" file="target-repo\test\forge-status.test.ts" line="128" assertions="6" />
    <testcase name="fitForgeBoxes: includes whole most-recent boxes within budget, never a half-box" classname="" time="0.000343" file="target-repo\test\forge-status.test.ts" line="144" assertions="7" />
    <testcase name="renderJeoStatus: forge line exposes the evolution stage (double helix) when provided" classname="" time="0.000166" file="target-repo\test\forge-status.test.ts" line="166" assertions="4" />
    <testcase name="summarizeForgeInvocation and summarizeForgeResult polish and status step stats" classname="" time="0.000728" file="target-repo\test\forge-status.test.ts" line="181" assertions="17" />
    <testcase name="bash invocation card echoes `$ &lt;command&gt;` and a unicode ⟦Timeout⟧ annotation" classname="" time="0.000238" file="target-repo\test\forge-status.test.ts" line="231" assertions="4" />
    <testcase name="bash invocation card falls back to ASCII [Timeout: …] when unicode is off" classname="" time="0.000148" file="target-repo\test\forge-status.test.ts" line="243" assertions="3" />
    <testcase name="bash result card draws an `Output` divider between exit note and body, framing intact" classname="" time="0.000392" file="target-repo\test\forge-status.test.ts" line="250" assertions="10" />
    <testcase name="bash result divider uses ASCII rules under unicode:false and stays width-bounded" classname="" time="0.00031" file="target-repo\test\forge-status.test.ts" line="272" assertions="7" />
    <testcase name="forge box two-tone depth: bottom border + right edge use the shadow painter" classname="" time="0.000257" file="target-repo\test\forge-status.test.ts" line="286" assertions="6" />
    <testcase name="forge box color:false keeps single-tone borders byte-stable" classname="" time="0.000173" file="target-repo\test\forge-status.test.ts" line="302" assertions="4" />
    <testcase name="edit card renders SEARCH/REPLACE hunks as -/+ diff lines with a hunk summary" classname="" time="0.000496" file="target-repo\test\forge-status.test.ts" line="310" assertions="5" />
    <testcase name="edit card renders ≔ directives as +added lines; unknown formats fall back to raw preview" classname="" time="0.000278" file="target-repo\test\forge-status.test.ts" line="320" assertions="5" />
    <testcase name="clipped cards show the gjc-style ⟦Ctrl+O for more⟧ hint" classname="" time="0.008055" file="target-repo\test\forge-status.test.ts" line="331" assertions="2" />
    <testcase name="code cards get a light highlight when color is on; color:false stays byte-stable" classname="" time="0.000351" file="target-repo\test\forge-status.test.ts" line="339" assertions="3" />
    <testcase name="summarize-stage clip markers (previewLines &apos;… N more line(s)&apos;) also gain the Ctrl+O hint" classname="" time="0.000293" file="target-repo\test\forge-status.test.ts" line="356" assertions="1" />
  </testsuite>
  <testsuite name="target-repo\test\gemini-import.test.ts" file="target-repo\test\gemini-import.test.ts" tests="4" assertions="5" failures="4" skipped="0" time="0.065" hostname="">
    <testcase name="import command persists a credential readable by storage helpers" classname="" time="0.013452" file="target-repo\test\gemini-import.test.ts" line="15" assertions="2">
      <failure type="AssertionError" />
    </testcase>
    <testcase name="corrupt file → exitCode 1" classname="" time="0.018735" file="target-repo\test\gemini-import.test.ts" line="80" assertions="1">
      <failure type="AssertionError" />
    </testcase>
    <testcase name="missing file → exitCode 1" classname="" time="0.009719" file="target-repo\test\gemini-import.test.ts" line="115" assertions="1">
      <failure type="AssertionError" />
    </testcase>
    <testcase name="auto-import fallback populates storage when jeo has none" classname="" time="0.025284" file="target-repo\test\gemini-import.test.ts" line="149" assertions="1">
      <failure type="AssertionError" />
    </testcase>
  </testsuite>
  <testsuite name="target-repo\test\gemini-stream.test.ts" file="target-repo\test\gemini-stream.test.ts" tests="2" assertions="3" failures="0" skipped="0" time="0.005" hostname="">
    <testcase name="geminiAdapter.stream: concatenates SSE text deltas + reports usage" classname="" time="0.005048" file="target-repo\test\gemini-stream.test.ts" line="10" assertions="2" />
    <testcase name="geminiAdapter.stream: throws on blocked empty SSE response" classname="" time="0.00077" file="target-repo\test\gemini-stream.test.ts" line="33" assertions="1" />
  </testsuite>
  <testsuite name="target-repo\test\gemini.test.ts" file="target-repo\test\gemini.test.ts" tests="10" assertions="41" failures="0" skipped="0" time="0.005" hostname="">
    <testcase name="geminiRequest: coalesces consecutive same-role turns (Gemini strict alternation)" classname="" time="0.003568" file="target-repo\test\gemini.test.ts" line="6" assertions="3" />
    <testcase name="geminiRequest: single turns map through unchanged (no spurious merging)" classname="" time="0.000262" file="target-repo\test\gemini.test.ts" line="22" assertions="2" />
    <testcase name="geminiRequest: URL-encodes the model name and api key" classname="" time="0.000107" file="target-repo\test\gemini.test.ts" line="34" assertions="3" />
    <testcase name="geminiThinkingBudget: off by default on flash-class, floored on pro, omitted on pre-2.5" classname="" time="0.000071" file="target-repo\test\gemini.test.ts" line="47" assertions="6" />
    <testcase name="geminiThinkingBudget: effort maps to budget and clamps below maxTokens" classname="" time="0.000076" file="target-repo\test\gemini.test.ts" line="59" assertions="7" />
    <testcase name="geminiRequest: wires thinkingConfig for thinking models only" classname="" time="0.000102" file="target-repo\test\gemini.test.ts" line="72" assertions="2" />
    <testcase name="geminiCliRequest: wraps the payload in a Cloud Code Assist envelope" classname="" time="0.00027" file="target-repo\test\gemini.test.ts" line="86" assertions="9" />
    <testcase name="getGeminiCliHeaders: includes the requested model in the user agent" classname="" time="0.000029" file="target-repo\test\gemini.test.ts" line="104" assertions="1" />
    <testcase name="geminiAdapter: OAuth credential routes to Cloud Code Assist and unwraps response chunks" classname="" time="0.002526" file="target-repo\test\gemini.test.ts" line="108" assertions="5" />
    <testcase name="geminiAdapter: api_key credential keeps using the public generativelanguage API" classname="" time="0.000587" file="target-repo\test\gemini.test.ts" line="137" assertions="3" />
  </testsuite>
  <testsuite name="target-repo\test\google-project.test.ts" file="target-repo\test\google-project.test.ts" tests="8" assertions="15" failures="0" skipped="0" time="0.001" hostname="">
    <testcase name="discoverGoogleProjectId: returns the existing Cloud Code Assist project" classname="" time="0.000577" file="target-repo\test\google-project.test.ts" line="22" assertions="3" />
    <testcase name="discoverGoogleProjectId: onboards the free tier and returns the provisioned project" classname="" time="0.000485" file="target-repo\test\google-project.test.ts" line="35" assertions="2" />
    <testcase name="discoverGoogleProjectId: polls a pending onboard operation until done" classname="" time="0.00036" file="target-repo\test\google-project.test.ts" line="51" assertions="1" />
    <testcase name="discoverGoogleProjectId: onboarded workspace account without project gets the documented hint" classname="" time="0.000293" file="target-repo\test\google-project.test.ts" line="61" assertions="1" />
    <testcase name="discoverGoogleProjectId: env project wins for onboarded accounts without a managed project" classname="" time="0.0002" file="target-repo\test\google-project.test.ts" line="70" assertions="1" />
    <testcase name="resolveAntigravityProjectId: lazy discovery runs once, persists, and caches per token" classname="" time="0.001443" file="target-repo\test\google-project.test.ts" line="82" assertions="4" />
    <testcase name="resolveAntigravityProjectId: stored credential projectId short-circuits discovery" classname="" time="0.0002" file="target-repo\test\google-project.test.ts" line="105" assertions="2" />
    <testcase name="resolveAntigravityProjectId: discovery failure surfaces an actionable error" classname="" time="0.000422" file="target-repo\test\google-project.test.ts" line="113" assertions="1" />
  </testsuite>
  <testsuite name="target-repo\test\gradient-status.test.ts" file="target-repo\test\gradient-status.test.ts" tests="3" assertions="7" failures="0" skipped="0" time="0.002" hostname="">
    <testcase name="animatedGradientText returns input unchanged at colorLevel 0" classname="" time="0.002401" file="target-repo\test\gradient-status.test.ts" line="4" assertions="1" />
    <testcase name="animatedGradientText at colorLevel 3 contains ANSI 38;2; codes and strips back to the original text" classname="" time="0.000195" file="target-repo\test\gradient-status.test.ts" line="11" assertions="3" />
    <testcase name="animatedGradientText with phase 0 vs 0.5 produces different byte sequences for the same text" classname="" time="0.000132" file="target-repo\test\gradient-status.test.ts" line="24" assertions="3" />
  </testsuite>
  <testsuite name="target-repo\test\hashline-lite.test.ts" file="target-repo\test\hashline-lite.test.ts" tests="6" assertions="20" failures="0" skipped="0" time="0.055" hostname="">
    <testcase name="lineAnchor: content-only, ignores trailing whitespace/CR, stable 2 chars" classname="" time="0.000234" file="target-repo\test\hashline-lite.test.ts" line="16" assertions="4" />
    <testcase name="read output lines carry LINEhh| anchors that match lineAnchor" classname="" time="0.009429" file="target-repo\test\hashline-lite.test.ts" line="23" assertions="2" />
    <testcase name="≔ with matching anchors applies; with stale anchors rejects and re-presents" classname="" time="0.015334" file="target-repo\test\hashline-lite.test.ts" line="32" assertions="6" />
    <testcase name="≔ range anchors verify both endpoints; plain ≔A..B stays valid (back-compat)" classname="" time="0.008953" file="target-repo\test\hashline-lite.test.ts" line="49" assertions="3" />
    <testcase name="≔A+ insert verifies the anchor line when supplied" classname="" time="0.016818" file="target-repo\test\hashline-lite.test.ts" line="62" assertions="3" />
    <testcase name="SEARCH block with copy-pasted anchor prefixes is stripped and applied" classname="" time="0.007743" file="target-repo\test\hashline-lite.test.ts" line="74" assertions="2" />
  </testsuite>
  <testsuite name="target-repo\test\hashline-remap.test.ts" file="target-repo\test\hashline-remap.test.ts" tests="7" assertions="22" failures="0" skipped="0" time="0.052" hostname="">
    <testcase name="≔ range with shifted anchors re-maps by uniform delta and applies" classname="" time="0.008997" file="target-repo\test\hashline-remap.test.ts" line="17" assertions="2" />
    <testcase name="≔A+ insert with a shifted anchor re-maps the insert point" classname="" time="0.00523" file="target-repo\test\hashline-remap.test.ts" line="29" assertions="2" />
    <testcase name="ambiguous anchor (&gt;1 match in window) refuses to re-map and rejects" classname="" time="0.00565" file="target-repo\test\hashline-remap.test.ts" line="40" assertions="3" />
    <testcase name="range whose ends disagree on the delta rejects instead of mis-applying" classname="" time="0.004829" file="target-repo\test\hashline-remap.test.ts" line="53" assertions="3" />
    <testcase name="matching anchors at their line numbers still apply without re-mapping" classname="" time="0.008671" file="target-repo\test\hashline-remap.test.ts" line="66" assertions="2" />
    <testcase name="anchors always lead with a letter so ≔1&lt;anchor&gt; never merges into the line number" classname="" time="0.007631" file="target-repo\test\hashline-remap.test.ts" line="76" assertions="8" />
    <testcase name="an edit citing a line-1 anchor verifies instead of merging digits" classname="" time="0.015772" file="target-repo\test\hashline-remap.test.ts" line="85" assertions="2" />
  </testsuite>
  <testsuite name="target-repo\test\hints.test.ts" file="target-repo\test\hints.test.ts" tests="5" assertions="10" failures="0" skipped="0" time="0" hostname="">
    <testcase name="DEFAULT_HINTS covers the core interactive keys" classname="" time="0.000096" file="target-repo\test\hints.test.ts" line="6" assertions="3" />
    <testcase name="formatHint renders &apos;&lt;key&gt; &lt;label&gt;&apos; (color-stripped)" classname="" time="0.000139" file="target-repo\test\hints.test.ts" line="13" assertions="2" />
    <testcase name="formatHintBar joins with a unicode separator; ASCII fallback uses &apos;|&apos;" classname="" time="0.000153" file="target-repo\test\hints.test.ts" line="18" assertions="2" />
    <testcase name="formatHintBar clamps to cols and handles empty" classname="" time="0.00007" file="target-repo\test\hints.test.ts" line="24" assertions="2" />
    <testcase name="formatHintBar custom indent" classname="" time="0.000048" file="target-repo\test\hints.test.ts" line="30" assertions="1" />
  </testsuite>
  <testsuite name="target-repo\test\hooks.test.ts" file="target-repo\test\hooks.test.ts" tests="6" assertions="7" failures="5" skipped="0" time="0.006" hostname="">
    <testcase name="disabled hooks never run" classname="" time="0.001522" file="target-repo\test\hooks.test.ts" line="29" assertions="2" />
    <testcase name="enabled pre-tool can veto" classname="" time="0.001834" file="target-repo\test\hooks.test.ts" line="65" assertions="1">
      <failure type="AssertionError" />
    </testcase>
    <testcase name="enabled local hook file takes precedence / is parsed" classname="" time="0.001623" file="target-repo\test\hooks.test.ts" line="103" assertions="1">
      <failure type="AssertionError" />
    </testcase>
    <testcase name="enabled post-turn advisory does not fail loop" classname="" time="0.00151" file="target-repo\test\hooks.test.ts" line="141" assertions="1">
      <failure type="AssertionError" />
    </testcase>
    <testcase name="timeout path returns notice" classname="" time="0.001264" file="target-repo\test\hooks.test.ts" line="169" assertions="1">
      <failure type="AssertionError" />
    </testcase>
    <testcase name="signal abort path returns notice" classname="" time="0.001239" file="target-repo\test\hooks.test.ts" line="195" assertions="1">
      <failure type="AssertionError" />
    </testcase>
  </testsuite>
  <testsuite name="target-repo\test\hud.test.ts" file="target-repo\test\hud.test.ts" tests="4" assertions="25" failures="0" skipped="0" time="0.001" hostname="">
    <testcase name="renderHud: correctly highlights active, shows completed, and futures (unicode)" classname="" time="0.000519" file="target-repo\test\hud.test.ts" line="15" assertions="8" />
    <testcase name="renderHud: ASCII mode with no unicode" classname="" time="0.001879" file="target-repo\test\hud.test.ts" line="40" assertions="5" />
    <testcase name="renderHud: color: false produces zero ANSI bytes" classname="" time="0.000117" file="target-repo\test\hud.test.ts" line="51" assertions="4" />
    <testcase name="derivePhase: truth table verification" classname="" time="0.000168" file="target-repo\test\hud.test.ts" line="61" assertions="8" />
  </testsuite>
  <testsuite name="target-repo\test\image-attachments.test.ts" file="target-repo\test\image-attachments.test.ts" tests="6" assertions="20" failures="0" skipped="0" time="0.002" hostname="">
    <testcase name="anthropic: image attachments become content blocks; text-only stays a plain string" classname="" time="0.002967" file="target-repo\test\image-attachments.test.ts" line="22" assertions="4" />
    <testcase name="openai: image attachments use content parts with a data URL; text-only stays a string" classname="" time="0.000673" file="target-repo\test\image-attachments.test.ts" line="36" assertions="4" />
    <testcase name="codex responses: user images map to input_image data URLs; assistant turns never carry images" classname="" time="0.00016" file="target-repo\test\image-attachments.test.ts" line="48" assertions="4" />
    <testcase name="gemini: image attachments become inlineData parts before the text part" classname="" time="0.000137" file="target-repo\test\image-attachments.test.ts" line="60" assertions="2" />
    <testcase name="clipboard-image: PNG magic detection and attachment building" classname="" time="0.000202" file="target-repo\test\image-attachments.test.ts" line="68" assertions="4" />
    <testcase name="compaction: image attachments add a per-image token estimate" classname="" time="0.000118" file="target-repo\test\image-attachments.test.ts" line="76" assertions="2" />
  </testsuite>
  <testsuite name="target-repo\test\input-box.test.ts" file="target-repo\test\input-box.test.ts" tests="5" assertions="24" failures="0" skipped="0" time="0.001" hostname="">
    <testcase name="renderInputBox draws a boxed input area containing only the body and cwdLabel if provided" classname="" time="0.001118" file="target-repo\test\input-box.test.ts" line="6" assertions="12" />
    <testcase name="renderInputBox wraps long input across multiple rows" classname="" time="0.000177" file="target-repo\test\input-box.test.ts" line="31" assertions="2" />
    <testcase name="renderInputFrame: empty line shows `&gt;` + dim placeholder with the caret right after `&gt;`" classname="" time="0.000202" file="target-repo\test\input-box.test.ts" line="37" assertions="3" />
    <testcase name="renderInputFrame: caret column follows the cursor offset (arrow-key movement)" classname="" time="0.000259" file="target-repo\test\input-box.test.ts" line="46" assertions="4" />
    <testcase name="renderInputFrame: caret wraps to continuation rows on long input" classname="" time="0.000214" file="target-repo\test\input-box.test.ts" line="59" assertions="3" />
  </testsuite>
  <testsuite name="target-repo\test\install-script.test.ts" file="target-repo\test\install-script.test.ts" tests="5" assertions="4" failures="5" skipped="0" time="0.16" hostname="">
    <testcase name="installer help documents GitHub URL and registry controls" classname="" time="0.06492" file="target-repo\test\install-script.test.ts" line="18" assertions="1">
      <failure type="AssertionError" />
    </testcase>
    <testcase name="installer dry-run normalizes the Git URL and keeps registry one-shot" classname="" time="0.095535" file="target-repo\test\install-script.test.ts" line="29" assertions="1">
      <failure type="AssertionError" />
    </testcase>
    <testcase name="package metadata is npm-publication ready for bun install -g jeo-code" classname="" time="0.0007" file="target-repo\test\install-script.test.ts" line="53" assertions="1">
      <failure type="AssertionError" />
    </testcase>
    <testcase name="npm publish workflow is wired for NPM_TOKEN based publication" classname="" time="0.000416" file="target-repo\test\install-script.test.ts" line="67" assertions="0">
      <failure type="AssertionError" />
    </testcase>
    <testcase name="README documents npm token publish permissions" classname="" time="0.001194" file="target-repo\test\install-script.test.ts" line="77" assertions="1">
      <failure type="AssertionError" />
    </testcase>
  </testsuite>
  <testsuite name="target-repo\test\launch-flag-aliases.test.ts" file="target-repo\test\launch-flag-aliases.test.ts" tests="3" assertions="36" failures="0" skipped="0" time="0.005" hostname="">
    <testcase name="parseFlags: -p/--print sets print and noTui, and checks message requirement" classname="" time="0.001328" file="target-repo\test\launch-flag-aliases.test.ts" line="7" assertions="11" />
    <testcase name="parseFlags: -c/--continue maps to resume without UUID or with UUID" classname="" time="0.000223" file="target-repo\test\launch-flag-aliases.test.ts" line="26" assertions="12" />
    <testcase name="parseFlags: --append-system-prompt literal + @file + missing file" classname="" time="0.00494" file="target-repo\test\launch-flag-aliases.test.ts" line="53" assertions="13" />
  </testsuite>
  <testsuite name="target-repo\test\launch-flags.test.ts" file="target-repo\test\launch-flags.test.ts" tests="15" assertions="71" failures="0" skipped="0" time="0.048" hostname="">
    <testcase name="parseFlags captures GJC-style model/provider/thinking launch flags" classname="" time="0.002355" file="target-repo\test\launch-flags.test.ts" line="6" assertions="4" />
    <testcase name="parseFlags captures model role tiers without consuming the prompt" classname="" time="0.00015" file="target-repo\test\launch-flags.test.ts" line="14" assertions="5" />
    <testcase name="parseFlags records invalid provider/thinking values as launch errors" classname="" time="0.0001" file="target-repo\test\launch-flags.test.ts" line="24" assertions="4" />
    <testcase name="parseFlags treats -- as end-of-options and omits the sentinel" classname="" time="0.000071" file="target-repo\test\launch-flags.test.ts" line="35" assertions="3" />
    <testcase name="shouldUseOneShotTui enables the live TUI for command-argument input on a TTY" classname="" time="0.000226" file="target-repo\test\launch-flags.test.ts" line="42" assertions="3" />
    <testcase name="gatedStdout: write is a no-op while gated, forwarded when open" classname="" time="0.001337" file="target-repo\test\launch-flags.test.ts" line="56" assertions="6" />
    <testcase name="gatedStdout: readline&apos;s own prompt/echo is suppressed while gated (single-box)" classname="" time="0.045532" file="target-repo\test\launch-flags.test.ts" line="77" assertions="3" />
    <testcase name="captureLivePromptInputChunk keeps live-turn text in the prompt draft, not a hidden queue" classname="" time="0.000398" file="target-repo\test\launch-flags.test.ts" line="100" assertions="6" />
    <testcase name="bracketed paste: multi-line paste splits into pastedLines + editable partial" classname="" time="0.000335" file="target-repo\test\launch-flags.test.ts" line="112" assertions="5" />
    <testcase name="bracketed paste: a paste spanning chunks keeps paste mode across reads" classname="" time="0.000128" file="target-repo\test\launch-flags.test.ts" line="122" assertions="7" />
    <testcase name="bracketed paste: typed noise outside markers is still rejected; CRLF normalizes" classname="" time="0.000086" file="target-repo\test\launch-flags.test.ts" line="133" assertions="4" />
    <testcase name="in-flight abort harness routes bracketed-paste chunks to the queue, never to noise/abort" classname="" time="0.000375" file="target-repo\test\launch-flags.test.ts" line="141" assertions="6" />
    <testcase name="in-flight abort harness forwards printable live-turn input for the next prompt" classname="" time="0.000293" file="target-repo\test\launch-flags.test.ts" line="182" assertions="10" />
    <testcase name="formatResumeHint matches the --list handler convention" classname="" time="0.000042" file="target-repo\test\launch-flags.test.ts" line="231" assertions="1" />
    <testcase name="parseFlags defaults maxSteps to 0 (dynamic process-driven budget, no hardcoded 100)" classname="" time="0.000087" file="target-repo\test\launch-flags.test.ts" line="236" assertions="4" />
  </testsuite>
  <testsuite name="target-repo\test\launch-repl-eof.test.ts" file="target-repo\test\launch-repl-eof.test.ts" tests="2" assertions="4" failures="0" skipped="0" time="1.179" hostname="">
    <testcase name="launch REPL exits on immediate stdin EOF instead of hanging forever" classname="" time="0.555356" file="target-repo\test\launch-repl-eof.test.ts" line="44" assertions="1" />
    <testcase name="launch REPL drains piped commands then exits at EOF" classname="" time="0.624163" file="target-repo\test\launch-repl-eof.test.ts" line="54" assertions="3" />
  </testsuite>
  <testsuite name="target-repo\test\launch-role-model.test.ts" file="target-repo\test\launch-role-model.test.ts" tests="5" assertions="10" failures="4" skipped="0" time="2.041" hostname="">
    <testcase name="/model subagent &lt;role&gt; &lt;model&gt; persists the role model override" classname="" time="0.444014" file="target-repo\test\launch-role-model.test.ts" line="37" assertions="0">
      <failure type="AssertionError" />
    </testcase>
    <testcase name="/model thinking and /model subagent &lt;role&gt; thinking persist reasoning levels" classname="" time="0.34588" file="target-repo\test\launch-role-model.test.ts" line="57" assertions="0">
      <failure type="AssertionError" />
    </testcase>
    <testcase name="antigravity stays selectable in /model with a gemini-fallback OAuth (warned, not refused)" classname="" time="0.398851" file="target-repo\test\launch-role-model.test.ts" line="78" assertions="4">
      <failure type="AssertionError" />
    </testcase>
    <testcase name="/fast toggles the session thinking level for fast-capable models" classname="" time="0.533579" file="target-repo\test\launch-role-model.test.ts" line="116" assertions="4">
      <failure type="AssertionError" />
    </testcase>
    <testcase name="/fast rejects models without advertised fast thinking" classname="" time="0.321795" file="target-repo\test\launch-role-model.test.ts" line="145" assertions="2" />
  </testsuite>
  <testsuite name="target-repo\test\launch-skill-native.test.ts" file="target-repo\test\launch-skill-native.test.ts" tests="4" assertions="9" failures="0" skipped="0" time="1.755" hostname="">
    <testcase name="launch workflow skill routing deep-interview" classname="" time="0.56487" file="target-repo\test\launch-skill-native.test.ts" line="105" assertions="3" />
    <testcase name="launch workflow skill routing ralplan" classname="" time="0.380822" file="target-repo\test\launch-skill-native.test.ts" line="116" assertions="2" />
    <testcase name="launch workflow skill routing team" classname="" time="0.400824" file="target-repo\test\launch-skill-native.test.ts" line="126" assertions="2" />
    <testcase name="launch workflow skill routing ultragoal" classname="" time="0.411046" file="target-repo\test\launch-skill-native.test.ts" line="136" assertions="2" />
  </testsuite>
  <testsuite name="target-repo\test\launch-toggles.test.ts" file="target-repo\test\launch-toggles.test.ts" tests="9" assertions="63" failures="0" skipped="0" time="0.005" hostname="">
    <testcase name="parseFlags: parses --no-skills, --skills, --no-tools, --tools, --system-prompt" classname="" time="0.003317" file="target-repo\test\launch-toggles.test.ts" line="7" assertions="16" />
    <testcase name="parseFlags: --system-prompt reading from @file" classname="" time="0.002279" file="target-repo\test\launch-toggles.test.ts" line="49" assertions="3" />
    <testcase name="parseFlags: --system-prompt missing @file records error" classname="" time="0.00031" file="target-repo\test\launch-toggles.test.ts" line="65" assertions="3" />
    <testcase name="matchSkillGlob edges" classname="" time="0.000324" file="target-repo\test\launch-toggles.test.ts" line="73" assertions="14" />
    <testcase name="filterToolMap" classname="" time="0.000248" file="target-repo\test\launch-toggles.test.ts" line="99" assertions="6" />
    <testcase name="buildToolProtocol respects allowed tools list" classname="" time="0.000125" file="target-repo\test\launch-toggles.test.ts" line="118" assertions="8" />
    <testcase name="createInFlightAbortHarness: first Ctrl-C is an immediate hard exit" classname="" time="0.0002" file="target-repo\test\launch-toggles.test.ts" line="134" assertions="4" />
    <testcase name="createInFlightAbortHarness: ESC aborts and raw mode is restored on dispose" classname="" time="0.000203" file="target-repo\test\launch-toggles.test.ts" line="153" assertions="4" />
    <testcase name="createInFlightAbortHarness: raw-mode Ctrl-C data hard-exits; wheel noise auto-repaints without aborting" classname="" time="0.0002" file="target-repo\test\launch-toggles.test.ts" line="177" assertions="5" />
  </testsuite>
  <testsuite name="target-repo\test\layout.test.ts" file="target-repo\test\layout.test.ts" tests="6" assertions="23" failures="0" skipped="0" time="0" hostname="">
    <testcase name="padLineTo fills to width by alignment, ANSI-aware" classname="" time="0.000108" file="target-repo\test\layout.test.ts" line="13" assertions="4" />
    <testcase name="alignBlock pads every line to width" classname="" time="0.000157" file="target-repo\test\layout.test.ts" line="22" assertions="1" />
    <testcase name="centerBlock left-pads by half the slack of the widest line" classname="" time="0.000128" file="target-repo\test\layout.test.ts" line="27" assertions="3" />
    <testcase name="padBlockToHeight grows to rows without truncating" classname="" time="0.000127" file="target-repo\test\layout.test.ts" line="35" assertions="4" />
    <testcase name="fillScreen pins footer to the bottom row, blank-filling the gap" classname="" time="0.000106" file="target-repo\test\layout.test.ts" line="43" assertions="6" />
    <testcase name="boxBlock draws a bordered, centered panel of the given width" classname="" time="0.000118" file="target-repo\test\layout.test.ts" line="54" assertions="5" />
  </testsuite>
  <testsuite name="target-repo\test\leak-guards.test.ts" file="target-repo\test\leak-guards.test.ts" tests="5" assertions="31" failures="0" skipped="0" time="0.448" hostname="">
    <testcase name="LaunchTui: sequential turns and resize listener cleanup (including error and double-finish paths)" classname="" time="0.009356" file="target-repo\test\leak-guards.test.ts" line="7" assertions="25" />
    <testcase name="LaunchTui: no live timers leak after finish" classname="" time="0.318589" file="target-repo\test\leak-guards.test.ts" line="44" assertions="1" />
    <testcase name="StreamRegion: never exceeds cap of 500 when appending 10k lines" classname="" time="0.0324" file="target-repo\test\leak-guards.test.ts" line="57" assertions="1" />
    <testcase name="ToolList: bounded after 10k start/finish" classname="" time="0.00838" file="target-repo\test\leak-guards.test.ts" line="66" assertions="3" />
    <testcase name="LaunchTui: forgeSummaries bounded - drive events with 100 tool invocations" classname="" time="0.08135" file="target-repo\test\leak-guards.test.ts" line="79" assertions="1" />
  </testsuite>
  <testsuite name="target-repo\test\live-mock-simulation.test.ts" file="target-repo\test\live-mock-simulation.test.ts" tests="1" assertions="1" failures="1" skipped="0" time="0" hostname="">
    <testcase name="Sovereign: Live Mock Simulation Trigger" classname="" time="0.000717" file="target-repo\test\live-mock-simulation.test.ts" line="4" assertions="1">
      <failure type="AssertionError" />
    </testcase>
  </testsuite>
  <testsuite name="target-repo\test\live-model-picker.test.ts" file="target-repo\test\live-model-picker.test.ts" tests="4" assertions="17" failures="0" skipped="0" time="0" hostname="">
    <testcase name="buildLiveModelChoices annotates known capabilities and current model" classname="" time="0.000605" file="target-repo\test\live-model-picker.test.ts" line="6" assertions="5" />
    <testcase name="buildLiveModelChoices disables models whose provider is not ready" classname="" time="0.000113" file="target-repo\test\live-model-picker.test.ts" line="18" assertions="4" />
    <testcase name="buildLiveModelChoices adds role and thinking badges for matching model assignments" classname="" time="0.000236" file="target-repo\test\live-model-picker.test.ts" line="28" assertions="5" />
    <testcase name="renderLiveModelPicker uses the generic select-list renderer with width fitting" classname="" time="0.000913" file="target-repo\test\live-model-picker.test.ts" line="47" assertions="3" />
  </testsuite>
  <testsuite name="target-repo\test\live-ping-simulation.test.ts" file="target-repo\test\live-ping-simulation.test.ts" tests="1" assertions="2" failures="1" skipped="0" time="0.012" hostname="">
    <testcase name="notifyDiscord: live simulation with @제로가재 and @NullClaw-Bot" classname="" time="0.012671" file="target-repo\test\live-ping-simulation.test.ts" line="10" assertions="2">
      <failure type="AssertionError" />
    </testcase>
  </testsuite>
  <testsuite name="target-repo\test\markdown-text.test.ts" file="target-repo\test\markdown-text.test.ts" tests="4" assertions="13" failures="0" skipped="0" time="0.002" hostname="">
    <testcase name="stripMarkdown strips headers, bold, italic, code blocks, links, and blockquotes" classname="" time="0.002104" file="target-repo\test\markdown-text.test.ts" line="5" assertions="1" />
    <testcase name="renderMarkdownAnsi styles headings/bold/inline-code; fences drop, bodies verbatim" classname="" time="0.000403" file="target-repo\test\markdown-text.test.ts" line="44" assertions="6" />
    <testcase name="renderMarkdownAnsi: visible text matches stripMarkdown (style adds color only)" classname="" time="0.000182" file="target-repo\test\markdown-text.test.ts" line="61" assertions="4" />
    <testcase name="renderMarkdownAnsi: empty input and plain text pass through" classname="" time="0.000047" file="target-repo\test\markdown-text.test.ts" line="77" assertions="2" />
  </testsuite>
  <testsuite name="target-repo\test\mcp.test.ts" file="target-repo\test\mcp.test.ts" tests="7" assertions="18" failures="1" skipped="0" time="0.062" hostname="">
    <testcase name="handleLine: malformed JSON-RPC inputs return -32600/-32700, never throw (no server crash)" classname="" time="0.003196" file="target-repo\test\mcp.test.ts" line="6" assertions="4" />
    <testcase name="handleLine: valid requests still work after a malformed one" classname="" time="0.000299" file="target-repo\test\mcp.test.ts" line="15" assertions="3" />
    <testcase name="drainIncomingMessages: parses standard MCP Content-Length frames and newline fallback" classname="" time="0.000695" file="target-repo\test\mcp.test.ts" line="25" assertions="2" />
    <testcase name="drainIncomingMessages: keeps incomplete MCP frames buffered" classname="" time="0.000093" file="target-repo\test\mcp.test.ts" line="39" assertions="2" />
    <testcase name="drainIncomingMessages: treats Content-Length as UTF-8 bytes, not string characters" classname="" time="0.00022" file="target-repo\test\mcp.test.ts" line="49" assertions="2" />
    <testcase name="handleLine: tool list exposes base tools and optional ralph workflow tools" classname="" time="0.000338" file="target-repo\test\mcp.test.ts" line="63" assertions="4" />
    <testcase name="stdio server: accepts framed MCP requests and advertises ralph workflow tools when enabled" classname="" time="0.059822" file="target-repo\test\mcp.test.ts" line="77" assertions="1">
      <failure type="AssertionError" />
    </testcase>
  </testsuite>
  <testsuite name="target-repo\test\memory.test.ts" file="target-repo\test\memory.test.ts" tests="8" assertions="29" failures="2" skipped="0" time="0.072" hostname="">
    <testcase name="distillSessionMemory writes the model&apos;s doc atomically and merges existing" classname="" time="0.013672" file="target-repo\test\memory.test.ts" line="23" assertions="4" />
    <testcase name="distillSessionMemory skips short sessions and never throws on model failure" classname="" time="0.001901" file="target-repo\test\memory.test.ts" line="44" assertions="5" />
    <testcase name="memoryPromptSection injects capped doc; empty/disabled yields nothing" classname="" time="0.028237" file="target-repo\test\memory.test.ts" line="61" assertions="5">
      <failure type="AssertionError" />
    </testcase>
    <testcase name="memory injection neutralizes fence-breakout tags and frames content as DATA (F4)" classname="" time="0.004452" file="target-repo\test\memory.test.ts" line="82" assertions="4" />
    <testcase name="distillInvocation: compiled/source/shim runtime shapes" classname="" time="0.000478" file="target-repo\test\memory.test.ts" line="101" assertions="3" />
    <testcase name="spawnDetachedDistill: writes the payload, spawns the worker, returns instantly" classname="" time="0.010226" file="target-repo\test\memory.test.ts" line="114" assertions="5" />
    <testcase name="spawnDetachedDistill: gates on disabled / too-short sessions without spawning" classname="" time="0.004881" file="target-repo\test\memory.test.ts" line="133" assertions="1">
      <failure type="AssertionError" />
    </testcase>
    <testcase name="runMemoryDistillCommand: payload → MEMORY.md written, payload cleaned up" classname="" time="0.012378" file="target-repo\test\memory.test.ts" line="149" assertions="2" />
  </testsuite>
  <testsuite name="target-repo\test\meter.test.ts" file="target-repo\test\meter.test.ts" tests="2" assertions="7" failures="0" skipped="0" time="0.008" hostname="">
    <testcase name="meter: renders filled/empty bar + percent, clamps" classname="" time="0.00829" file="target-repo\test\meter.test.ts" line="6" assertions="6" />
    <testcase name="stepMeter: counter + bar" classname="" time="0.0001" file="target-repo\test\meter.test.ts" line="15" assertions="1" />
  </testsuite>
  <testsuite name="target-repo\test\model-catalog-compat.test.ts" file="target-repo\test\model-catalog-compat.test.ts" tests="7" assertions="54" failures="0" skipped="0" time="0.003" hostname="">
    <testcase name="findCatalogEntry is normalized + adapts to {id,provider,contextWindow,reasoning}" classname="" time="0.000215" file="target-repo\test\model-catalog-compat.test.ts" line="14" assertions="6" />
    <testcase name="adapted entries route to their declared provider" classname="" time="0.000774" file="target-repo\test\model-catalog-compat.test.ts" line="25" assertions="33" />
    <testcase name="catalogForProvider lists recommended first" classname="" time="0.00023" file="target-repo\test\model-catalog-compat.test.ts" line="31" assertions="3" />
    <testcase name="recommendedModel returns a recommended id per provider" classname="" time="0.000195" file="target-repo\test\model-catalog-compat.test.ts" line="38" assertions="3" />
    <testcase name="validateModelId reports known + provider match" classname="" time="0.000128" file="target-repo\test\model-catalog-compat.test.ts" line="44" assertions="4" />
    <testcase name="editDistance + suggestModels correct typos" classname="" time="0.003288" file="target-repo\test\model-catalog-compat.test.ts" line="51" assertions="4" />
    <testcase name="normalizeModelId trims + lowercases" classname="" time="0.000059" file="target-repo\test\model-catalog-compat.test.ts" line="58" assertions="1" />
  </testsuite>
  <testsuite name="target-repo\test\model-catalog.test.ts" file="target-repo\test\model-catalog.test.ts" tests="13" assertions="260" failures="0" skipped="0" time="0.002" hostname="">
    <testcase name="THINK_LEVELS is the five-level gjc-parity ladder" classname="" time="0.002148" file="target-repo\test\model-catalog.test.ts" line="18" assertions="1" />
    <testcase name="thinkingMaxTokens covers the extended levels additively" classname="" time="0.000085" file="target-repo\test\model-catalog.test.ts" line="22" assertions="6" />
    <testcase name="formatTokens renders K/M compactly" classname="" time="0.000079" file="target-repo\test\model-catalog.test.ts" line="31" assertions="4" />
    <testcase name="catalog entries are well-formed (provider, positive limits)" classname="" time="0.00017" file="target-repo\test\model-catalog.test.ts" line="38" assertions="220" />
    <testcase name="findCatalogModel matches canonical and provider model id" classname="" time="0.000064" file="target-repo\test\model-catalog.test.ts" line="48" assertions="3" />
    <testcase name="fuzzyMatchCatalog does case-insensitive substring matching" classname="" time="0.000322" file="target-repo\test\model-catalog.test.ts" line="54" assertions="3" />
    <testcase name="catalogByProvider filters" classname="" time="0.000059" file="target-repo\test\model-catalog.test.ts" line="60" assertions="2" />
    <testcase name="catalogMetadata tolerates provider-prefixed ids" classname="" time="0.000066" file="target-repo\test\model-catalog.test.ts" line="65" assertions="3" />
    <testcase name="supportsThinking reflects the catalog" classname="" time="0.000074" file="target-repo\test\model-catalog.test.ts" line="71" assertions="3" />
    <testcase name="formatCatalogTable renders a header and capability columns" classname="" time="0.000301" file="target-repo\test\model-catalog.test.ts" line="77" assertions="4" />
    <testcase name="formatCatalogTable empty → message" classname="" time="0.000037" file="target-repo\test\model-catalog.test.ts" line="85" assertions="1" />
    <testcase name="formatCapabilityLine summarizes one model" classname="" time="0.000056" file="target-repo\test\model-catalog.test.ts" line="89" assertions="3" />
    <testcase name="companyLabel maps built-ins, respects overrides, and falls back with capitalization" classname="" time="0.000081" file="target-repo\test\model-catalog.test.ts" line="96" assertions="7" />
  </testsuite>
  <testsuite name="target-repo\test\model-discovery.test.ts" file="target-repo\test\model-discovery.test.ts" tests="31" assertions="77" failures="9" skipped="0" time="0.02" hostname="">
    <testcase name="discoveryRequest: anthropic api-key uses x-api-key + version" classname="" time="0.000187" file="target-repo\test\model-discovery.test.ts" line="57" assertions="3" />
    <testcase name="discoveryRequest: anthropic oauth uses bearer + beta" classname="" time="0.000065" file="target-repo\test\model-discovery.test.ts" line="64" assertions="2" />
    <testcase name="discoveryRequest: gemini oauth omits ?key=, api-key appends it" classname="" time="0.000071" file="target-repo\test\model-discovery.test.ts" line="70" assertions="3" />
    <testcase name="discoveryRequest: openai honors a base URL override" classname="" time="0.000071" file="target-repo\test\model-discovery.test.ts" line="78" assertions="1" />
    <testcase name="discoveryRequest: openai oauth uses the Codex models endpoint" classname="" time="0.00021" file="target-repo\test\model-discovery.test.ts" line="83" assertions="4" />
    <testcase name="parseModelsBody normalizes each provider shape" classname="" time="0.000799" file="target-repo\test\model-discovery.test.ts" line="91" assertions="4" />
    <testcase name="listProviderModels: success returns sorted, capped models" classname="" time="0.000701" file="target-repo\test\model-discovery.test.ts" line="98" assertions="2">
      <failure type="AssertionError" />
    </testcase>
    <testcase name="listProviderModels: 401 → auth rejected" classname="" time="0.000361" file="target-repo\test\model-discovery.test.ts" line="105" assertions="2">
      <failure type="AssertionError" />
    </testcase>
    <testcase name="listProviderModels: network throw → unreachable" classname="" time="0.000778" file="target-repo\test\model-discovery.test.ts" line="112" assertions="2">
      <failure type="AssertionError" />
    </testcase>
    <testcase name="listProviderModels: ollama is keyless and never needs a credential" classname="" time="0.000332" file="target-repo\test\model-discovery.test.ts" line="119" assertions="3" />
    <testcase name="listProviderModels: OAuth discovery uses the provider OAuth token directly" classname="" time="0.000981" file="target-repo\test\model-discovery.test.ts" line="126" assertions="1">
      <failure type="AssertionError" />
    </testcase>
    <testcase name="listProviderModels: OpenAI OAuth + API Key swaps to API Key" classname="" time="0.007743" file="target-repo\test\model-discovery.test.ts" line="146" assertions="2">
      <failure type="AssertionError" />
    </testcase>
    <testcase name="listProviderModels: OAuth-only discovery still probes the provider list" classname="" time="0.00683" file="target-repo\test\model-discovery.test.ts" line="166" assertions="6" />
    <testcase name="listProviderModels: credential-less cloud short-circuits without fetching" classname="" time="0.003079" file="target-repo\test\model-discovery.test.ts" line="190" assertions="3" />
    <testcase name="discoverModels runs all providers in parallel" classname="" time="0.002702" file="target-repo\test\model-discovery.test.ts" line="209" assertions="1" />
    <testcase name="listProviderModels: Antigravity queries the LIVE fetchAvailableModels endpoint (no hard-coded list)" classname="" time="0.000908" file="target-repo\test\model-discovery.test.ts" line="214" assertions="1">
      <failure type="AssertionError" />
    </testcase>
    <testcase name="listProviderModels: Antigravity prefers the API&apos;s own agentModelSorts as the positive chat set" classname="" time="0.000793" file="target-repo\test\model-discovery.test.ts" line="245" assertions="1">
      <failure type="AssertionError" />
    </testcase>
    <testcase name="listProviderModels: Antigravity list failure is surfaced, never papered over with catalog rows" classname="" time="0.000943" file="target-repo\test\model-discovery.test.ts" line="274" assertions="2">
      <failure type="AssertionError" />
    </testcase>
    <testcase name="parseModelsBody: Antigravity model rows are provider-qualified" classname="" time="0.000276" file="target-repo\test\model-discovery.test.ts" line="290" assertions="1" />
    <testcase name="catalogOr: OpenAI OAuth (Codex) falls back to the Codex-served model set, not the full catalog" classname="" time="0.000075" file="target-repo\test\model-discovery.test.ts" line="295" assertions="4" />
    <testcase name="catalogOr: non-OpenAI OAuth provider falls back to its full static catalog" classname="" time="0.000081" file="target-repo\test\model-discovery.test.ts" line="304" assertions="3" />
    <testcase name="catalogOr: keyless/not-logged-in results are returned unchanged (no fabricated models)" classname="" time="0.000057" file="target-repo\test\model-discovery.test.ts" line="311" assertions="3" />
    <testcase name="catalogOr: a successful live result is never overwritten by the catalog" classname="" time="0.000047" file="target-repo\test\model-discovery.test.ts" line="318" assertions="2" />
    <testcase name="parseModelsBody: openai drops non-chat families (embeddings/tts/image/moderation)" classname="" time="0.00013" file="target-repo\test\model-discovery.test.ts" line="324" assertions="10" />
    <testcase name="parseModelsBody: openai parses Codex model endpoint shape and skips unsupported rows" classname="" time="0.000077" file="target-repo\test\model-discovery.test.ts" line="345" assertions="1" />
    <testcase name="parseModelsBody: gemini keeps only generateContent-capable models" classname="" time="0.00015" file="target-repo\test\model-discovery.test.ts" line="349" assertions="1" />
    <testcase name="catalogOr: an api_key rejection does NOT fabricate catalog rows (bad key stays a failure)" classname="" time="0.00006" file="target-repo\test\model-discovery.test.ts" line="369" assertions="3" />
    <testcase name="discoveryRequest: codex URL carries client_version (400 without; old versions get [])" classname="" time="0.000119" file="target-repo\test\model-discovery.test.ts" line="378" assertions="1" />
    <testcase name="discoveryRequest: gemini URLs request pageSize=1000 (default page drops models)" classname="" time="0.000061" file="target-repo\test\model-discovery.test.ts" line="383" assertions="3" />
    <testcase name="parseModelsBody: codex review-only models are excluded" classname="" time="0.000045" file="target-repo\test\model-discovery.test.ts" line="391" assertions="1" />
    <testcase name="listProviderModels: gemini follows nextPageToken so the available list is complete" classname="" time="0.002234" file="target-repo\test\model-discovery.test.ts" line="401" assertions="1">
      <failure type="AssertionError" />
    </testcase>
  </testsuite>
  <testsuite name="target-repo\test\model-enrich.test.ts" file="target-repo\test\model-enrich.test.ts" tests="10" assertions="19" failures="0" skipped="0" time="0" hostname="">
    <testcase name="enrichResult attaches catalog metadata to known ids only; failed → []" classname="" time="0.000436" file="target-repo\test\model-enrich.test.ts" line="20" assertions="4" />
    <testcase name="enrichAll flattens across ok providers" classname="" time="0.000236" file="target-repo\test\model-enrich.test.ts" line="28" assertions="1" />
    <testcase name="knownCount splits known vs unknown" classname="" time="0.000144" file="target-repo\test\model-enrich.test.ts" line="33" assertions="1" />
    <testcase name="sortByCapability: known (largest context) first, unknown last" classname="" time="0.000154" file="target-repo\test\model-enrich.test.ts" line="37" assertions="3" />
    <testcase name="filterCapable: thinking filter excludes unknown + non-thinking models" classname="" time="0.00018" file="target-repo\test\model-enrich.test.ts" line="45" assertions="1" />
    <testcase name="filterCapable: images filter" classname="" time="0.000086" file="target-repo\test\model-enrich.test.ts" line="52" assertions="1" />
    <testcase name="filterCapable: minContext filter (long context)" classname="" time="0.000073" file="target-repo\test\model-enrich.test.ts" line="57" assertions="1" />
    <testcase name="filterCapable: no filter returns all (including unknown)" classname="" time="0.000054" file="target-repo\test\model-enrich.test.ts" line="62" assertions="1" />
    <testcase name="formatEnrichedModels renders caps with - / ? for unknown ids" classname="" time="0.000459" file="target-repo\test\model-enrich.test.ts" line="66" assertions="5" />
    <testcase name="formatEnrichedModels empty → login hint" classname="" time="0.000032" file="target-repo\test\model-enrich.test.ts" line="78" assertions="1" />
  </testsuite>
  <testsuite name="target-repo\test\model-manager-integration.test.ts" file="target-repo\test\model-manager-integration.test.ts" tests="1" assertions="4" failures="0" skipped="0" time="0.003" hostname="">
    <testcase name="ModelManager (Integration): routes to registered provider and stable API" classname="" time="0.003635" file="target-repo\test\model-manager-integration.test.ts" line="6" assertions="4" />
  </testsuite>
  <testsuite name="target-repo\test\model-manager-sovereign.test.ts" file="target-repo\test\model-manager-sovereign.test.ts" tests="1" assertions="4" failures="0" skipped="0" time="0" hostname="">
    <testcase name="ModelManager (Integration): routes to registered provider and stable API" classname="" time="0.000854" file="target-repo\test\model-manager-sovereign.test.ts" line="6" assertions="4" />
  </testsuite>
  <testsuite name="target-repo\test\model-manager.test.ts" file="target-repo\test\model-manager.test.ts" tests="2" assertions="18" failures="0" skipped="0" time="0" hostname="">
    <testcase name="resolveProvider: routing is stable across model id shapes" classname="" time="0.000563" file="target-repo\test\model-manager.test.ts" line="4" assertions="14" />
    <testcase name="thinkingMaxTokens: maps level → token budget (medium default)" classname="" time="0.000121" file="target-repo\test\model-manager.test.ts" line="23" assertions="4" />
  </testsuite>
  <testsuite name="target-repo\test\model-picker.test.ts" file="target-repo\test\model-picker.test.ts" tests="8" assertions="28" failures="0" skipped="0" time="0.001" hostname="">
    <testcase name="flattenModels yields a 1-based ordered list of ok models only" classname="" time="0.001894" file="target-repo\test\model-picker.test.ts" line="17" assertions="3" />
    <testcase name="parsePickToken parses #N, rejects others" classname="" time="0.000193" file="target-repo\test\model-picker.test.ts" line="24" assertions="5" />
    <testcase name="pickByIndex is 1-based and bounds-checked" classname="" time="0.000085" file="target-repo\test\model-picker.test.ts" line="32" assertions="4" />
    <testcase name="matchModels does case-insensitive substring matching" classname="" time="0.000184" file="target-repo\test\model-picker.test.ts" line="40" assertions="4" />
    <testcase name="resolveSelection: index" classname="" time="0.000136" file="target-repo\test\model-picker.test.ts" line="48" assertions="2" />
    <testcase name="resolveSelection: out of range" classname="" time="0.000053" file="target-repo\test\model-picker.test.ts" line="55" assertions="2" />
    <testcase name="resolveSelection: exact id beats substring; unique substring matches" classname="" time="0.000093" file="target-repo\test\model-picker.test.ts" line="62" assertions="4" />
    <testcase name="resolveSelection: ambiguous and none" classname="" time="0.000076" file="target-repo\test\model-picker.test.ts" line="73" assertions="4" />
  </testsuite>
  <testsuite name="target-repo\test\model-provider-mapping.test.ts" file="target-repo\test\model-provider-mapping.test.ts" tests="6" assertions="34" failures="1" skipped="0" time="0.007" hostname="">
    <testcase name="catalog has the three new canonical entries with correct providerModel" classname="" time="0.000218" file="target-repo\test\model-provider-mapping.test.ts" line="11" assertions="21" />
    <testcase name="providerModelFor maps correctly" classname="" time="0.000134" file="target-repo\test\model-provider-mapping.test.ts" line="40" assertions="4" />
    <testcase name="Antigravity models stay provider-qualified and route to the Antigravity adapter" classname="" time="0.000076" file="target-repo\test\model-provider-mapping.test.ts" line="47" assertions="4" />
    <testcase name="alias sonnet resolves to claude-sonnet-4-5" classname="" time="0.000041" file="target-repo\test\model-provider-mapping.test.ts" line="54" assertions="3" />
    <testcase name="OpenAI OAuth-only + non-Codex model fails fast" classname="" time="0.004057" file="target-repo\test\model-provider-mapping.test.ts" line="60" assertions="1">
      <failure type="AssertionError" />
    </testcase>
    <testcase name="OpenAI OAuth-only + non-Codex model does NOT fail fast when base URL is configured" classname="" time="0.003149" file="target-repo\test\model-provider-mapping.test.ts" line="106" assertions="1" />
  </testsuite>
  <testsuite name="target-repo\test\model-recency.test.ts" file="target-repo\test\model-recency.test.ts" tests="3" assertions="11" failures="0" skipped="0" time="0.002" hostname="">
    <testcase name="pushRecentModel: newest first, deduped, capped" classname="" time="0.002536" file="target-repo\test\model-recency.test.ts" line="8" assertions="7" />
    <testcase name="rememberModelPatch: sets defaultModel and the recents head together" classname="" time="0.000144" file="target-repo\test\model-recency.test.ts" line="23" assertions="2" />
    <testcase name="recentModelsForDisplay: default always leads, even with a stale/empty list" classname="" time="0.000068" file="target-repo\test\model-recency.test.ts" line="29" assertions="2" />
  </testsuite>
  <testsuite name="target-repo\test\model-registry-alias.test.ts" file="target-repo\test\model-registry-alias.test.ts" tests="4" assertions="13" failures="0" skipped="0" time="0" hostname="">
    <testcase name="aliasesFor is the reverse of expandAlias" classname="" time="0.00029" file="target-repo\test\model-registry-alias.test.ts" line="11" assertions="4" />
    <testcase name="isAlias distinguishes aliases from concrete ids" classname="" time="0.000076" file="target-repo\test\model-registry-alias.test.ts" line="19" assertions="2" />
    <testcase name="describeAlias resolves target + catalog knownness" classname="" time="0.000116" file="target-repo\test\model-registry-alias.test.ts" line="24" assertions="5" />
    <testcase name="validateAliases flags only targets missing from the catalog" classname="" time="0.000208" file="target-repo\test\model-registry-alias.test.ts" line="35" assertions="2" />
  </testsuite>
  <testsuite name="target-repo\test\model-registry.test.ts" file="target-repo\test\model-registry.test.ts" tests="5" assertions="22" failures="0" skipped="0" time="0" hostname="">
    <testcase name="expandAlias: expand known builtin aliases" classname="" time="0.000429" file="target-repo\test\model-registry.test.ts" line="8" assertions="5" />
    <testcase name="expandAlias: pass through unknown aliases/model ids unchanged" classname="" time="0.000093" file="target-repo\test\model-registry.test.ts" line="16" assertions="3" />
    <testcase name="expandAlias: custom aliases dictionary" classname="" time="0.00008" file="target-repo\test\model-registry.test.ts" line="22" assertions="3" />
    <testcase name="resolveModelId and listAliases" classname="" time="0.000212" file="target-repo\test\model-registry.test.ts" line="32" assertions="4" />
    <testcase name="describeModel: expands aliases and reports the routed provider" classname="" time="0.000232" file="target-repo\test\model-registry.test.ts" line="46" assertions="7" />
  </testsuite>
  <testsuite name="target-repo\test\model-roles.test.ts" file="target-repo\test\model-roles.test.ts" tests="3" assertions="7" failures="0" skipped="0" time="0.002" hostname="">
    <testcase name="resolveRoleModel: tier override wins, else falls back to defaultModel" classname="" time="0.002612" file="target-repo\test\model-roles.test.ts" line="4" assertions="3" />
    <testcase name="resolveRoleModel with no roles falls back for every tier" classname="" time="0.000134" file="target-repo\test\model-roles.test.ts" line="11" assertions="3" />
    <testcase name="an empty-string tier value falls back to default (not the empty string)" classname="" time="0.000062" file="target-repo\test\model-roles.test.ts" line="18" assertions="1" />
  </testsuite>
  <testsuite name="target-repo\test\model-routing.test.ts" file="target-repo\test\model-routing.test.ts" tests="4" assertions="14" failures="0" skipped="0" time="0" hostname="">
    <testcase name="resolveProvider stays correct for heuristic ids" classname="" time="0.000159" file="target-repo\test\model-routing.test.ts" line="4" assertions="6" />
    <testcase name="resolveProvider is catalog-authoritative for known ids" classname="" time="0.000058" file="target-repo\test\model-routing.test.ts" line="13" assertions="2" />
    <testcase name="describeModelDetailed attaches catalog metadata + reverse aliases" classname="" time="0.000462" file="target-repo\test\model-routing.test.ts" line="19" assertions="4" />
    <testcase name="describeModelDetailed leaves uncatalogued ids without an entry" classname="" time="0.00015" file="target-repo\test\model-routing.test.ts" line="27" assertions="2" />
  </testsuite>
  <testsuite name="target-repo\test\monitoring.test.ts" file="target-repo\test\monitoring.test.ts" tests="1" assertions="7" failures="0" skipped="0" time="0.002" hostname="">
    <testcase name="renderMonitorView: correctly combines HUD, Evolution, and Analysis" classname="" time="0.002802" file="target-repo\test\monitoring.test.ts" line="5" assertions="7" />
  </testsuite>
  <testsuite name="target-repo\test\mutation-guard.test.ts" file="target-repo\test\mutation-guard.test.ts" tests="4" assertions="7" failures="0" skipped="0" time="0.005" hostname="">
    <testcase name="MutationGuard allows writes under .jeo/ during an active interview" classname="" time="0.002221" file="target-repo\test\mutation-guard.test.ts" line="23" assertions="1" />
    <testcase name="MutationGuard blocks code mutation outside .jeo/ during an active interview" classname="" time="0.000567" file="target-repo\test\mutation-guard.test.ts" line="28" assertions="2" />
    <testcase name="MutationGuard blocks sibling dirs like .jeo-backup (path-boundary, not prefix)" classname="" time="0.000396" file="target-repo\test\mutation-guard.test.ts" line="34" assertions="2" />
    <testcase name="MutationGuard fails CLOSED on a corrupt deep-interview state (blocks mutation)" classname="" time="0.003734" file="target-repo\test\mutation-guard.test.ts" line="40" assertions="2" />
  </testsuite>
  <testsuite name="target-repo\test\new-input-first.test.ts" file="target-repo\test\new-input-first.test.ts" tests="4" assertions="12" failures="0" skipped="0" time="0" hostname="">
    <testcase name="restoreQueuedLinesToPrefill: queued lines become editable prefill, never auto-executed" classname="" time="0.000178" file="target-repo\test\new-input-first.test.ts" line="4" assertions="3" />
    <testcase name="restoreQueuedLinesToPrefill: queued lines lead, in-flight partial follows; blanks dropped; empty is a no-op" classname="" time="0.000114" file="target-repo\test\new-input-first.test.ts" line="12" assertions="4" />
    <testcase name="end-to-end queue shape: chunk with newline queues a LINE, restore folds it into prefill" classname="" time="0.000155" file="target-repo\test\new-input-first.test.ts" line="21" assertions="3" />
    <testcase name="restoreQueuedLinesToPrefill never touches pasted batch commands" classname="" time="0.000059" file="target-repo\test\new-input-first.test.ts" line="30" assertions="2" />
  </testsuite>
  <testsuite name="target-repo\test\oauth-lock.test.ts" file="target-repo\test\oauth-lock.test.ts" tests="2" assertions="3" failures="1" skipped="0" time="0.025" hostname="">
    <testcase name="acquireLock: a constantly-refreshed (wedged) lock cannot hang the caller" classname="" time="0.022419" file="target-repo\test\oauth-lock.test.ts" line="12" assertions="2">
      <failure type="AssertionError" />
    </testcase>
    <testcase name="acquireLock: a stale dead-holder lock is removed promptly" classname="" time="0.003196" file="target-repo\test\oauth-lock.test.ts" line="42" assertions="1" />
  </testsuite>
  <testsuite name="target-repo\test\oauth.test.ts" file="target-repo\test\oauth.test.ts" tests="9" assertions="25" failures="2" skipped="0" time="0.159" hostname="">
    <testcase name="generatePKCE: challenge is base64url(SHA-256(verifier))" classname="" time="0.000473" file="target-repo\test\oauth.test.ts" line="10" assertions="3" />
    <testcase name="generateState: 32-char hex, unique per call" classname="" time="0.000257" file="target-repo\test\oauth.test.ts" line="20" assertions="2" />
    <testcase name="parseCallbackInput: URL, query string, and raw code#state forms" classname="" time="0.000433" file="target-repo\test\oauth.test.ts" line="27" assertions="4" />
    <testcase name="OAuthCallbackFlow: browser callback delivers code, state validated, token exchanged" classname="" time="0.013184" file="target-repo\test\oauth.test.ts" line="55" assertions="5" />
    <testcase name="OAuthCallbackFlow: state mismatch is rejected (CSRF guard)" classname="" time="0.015545" file="target-repo\test\oauth.test.ts" line="75" assertions="3" />
    <testcase name="resolveCredential: auto-refreshes an expired anthropic OAuth token" classname="" time="0.004765" file="target-repo\test\oauth.test.ts" line="89" assertions="1">
      <failure type="AssertionError" />
    </testcase>
    <testcase name="googleClientSecret: env override wins, blank/missing env falls back to bundled default" classname="" time="0.000199" file="target-repo\test\oauth.test.ts" line="150" assertions="4" />
    <testcase name="refreshOAuthToken: concurrent refreshes acquire lock sequentially and reuse already refreshed token without double-refresh" classname="" time="0.074774" file="target-repo\test\oauth.test.ts" line="159" assertions="1">
      <failure type="AssertionError" />
    </testcase>
    <testcase name="OAuthCallbackFlow: aborted ctrl signal stops the manual re-prompt loop" classname="" time="0.053199" file="target-repo\test\oauth.test.ts" line="234" assertions="2" />
  </testsuite>
  <testsuite name="target-repo\test\ollama-url.test.ts" file="target-repo\test\ollama-url.test.ts" tests="4" assertions="7" failures="0" skipped="0" time="0.002" hostname="">
    <testcase name="normalizeOllamaBaseUrl: prepends http:// to a bare host:port (the OLLAMA_HOST convention)" classname="" time="0.002139" file="target-repo\test\ollama-url.test.ts" line="10" assertions="2" />
    <testcase name="normalizeOllamaBaseUrl: keeps an explicit scheme and strips trailing slash" classname="" time="0.00007" file="target-repo\test\ollama-url.test.ts" line="15" assertions="2" />
    <testcase name="normalizeOllamaBaseUrl: falls back to OLLAMA_HOST then the default" classname="" time="0.000114" file="target-repo\test\ollama-url.test.ts" line="20" assertions="2" />
    <testcase name="normalizeOllamaBaseUrl: resolved URL is parseable by fetch&apos;s URL" classname="" time="0.000095" file="target-repo\test\ollama-url.test.ts" line="27" assertions="1" />
  </testsuite>
  <testsuite name="target-repo\test\openai-local-base-url.test.ts" file="target-repo\test\openai-local-base-url.test.ts" tests="6" assertions="10" failures="0" skipped="0" time="0" hostname="">
    <testcase name="credentialForCall: local OpenAI base URL + OAuth downgrades to keyless (avoids Codex)" classname="" time="0.000147" file="target-repo\test\openai-local-base-url.test.ts" line="9" assertions="2" />
    <testcase name="OpenAI OAuth-only + non-Codex model does NOT fail fast when base URL is configured" classname="" time="0.000076" file="target-repo\test\openai-local-base-url.test.ts" line="17" assertions="3" />
    <testcase name="credentialForCall: local OpenAI base URL prefers a configured api key over OAuth" classname="" time="0.000049" file="target-repo\test\openai-local-base-url.test.ts" line="33" assertions="2" />
    <testcase name="credentialForCall: OpenAI OAuth WITHOUT a base URL is preserved (Codex path)" classname="" time="0.000029" file="target-repo\test\openai-local-base-url.test.ts" line="39" assertions="1" />
    <testcase name="credentialForCall: a non-openai provider is never downgraded by a base URL" classname="" time="0.000034" file="target-repo\test\openai-local-base-url.test.ts" line="44" assertions="1" />
    <testcase name="credentialForCall: a local api_key credential passes through unchanged" classname="" time="0.00003" file="target-repo\test\openai-local-base-url.test.ts" line="49" assertions="1" />
  </testsuite>
  <testsuite name="target-repo\test\openai-reasoning.test.ts" file="target-repo\test\openai-reasoning.test.ts" tests="2" assertions="8" failures="0" skipped="0" time="0" hostname="">
    <testcase name="openaiRequest reasoning models (o3-mini)" classname="" time="0.000217" file="target-repo\test\openai-reasoning.test.ts" line="4" assertions="4" />
    <testcase name="openaiRequest non-reasoning models (gpt-4o)" classname="" time="0.000086" file="target-repo\test\openai-reasoning.test.ts" line="17" assertions="4" />
  </testsuite>
  <testsuite name="target-repo\test\openai-responses.test.ts" file="target-repo\test\openai-responses.test.ts" tests="3" assertions="16" failures="0" skipped="0" time="0" hostname="">
    <testcase name="extractChatgptAccountId pulls the account id from the JWT auth claim" classname="" time="0.000227" file="target-repo\test\openai-responses.test.ts" line="20" assertions="3" />
    <testcase name="codexResponsesRequest targets the Codex backend with OAuth + account-id headers" classname="" time="0.000233" file="target-repo\test\openai-responses.test.ts" line="26" assertions="8" />
    <testcase name="parseResponsesEvent extracts deltas, usage, and errors" classname="" time="0.000141" file="target-repo\test\openai-responses.test.ts" line="52" assertions="5" />
  </testsuite>
  <testsuite name="target-repo\test\output-minimizer.test.ts" file="target-repo\test\output-minimizer.test.ts" tests="4" assertions="19" failures="0" skipped="0" time="0.004" hostname="">
    <testcase name="minimizeToolOutput: strips passing bun-test rows, keeps failure + summary" classname="" time="0.004568" file="target-repo\test\output-minimizer.test.ts" line="4" assertions="9" />
    <testcase name="minimizeToolOutput: leaves plain command output untouched" classname="" time="0.000143" file="target-repo\test\output-minimizer.test.ts" line="36" assertions="4" />
    <testcase name="minimizeToolOutput: strips cargo per-test ok rows, keeps test result" classname="" time="0.000145" file="target-repo\test\output-minimizer.test.ts" line="48" assertions="4" />
    <testcase name="minimizeToolOutput: passing-looking lines without a summary stay untouched" classname="" time="0.000116" file="target-repo\test\output-minimizer.test.ts" line="67" assertions="2" />
  </testsuite>
  <testsuite name="target-repo\test\parse-role-gate-verdict.test.ts" file="target-repo\test\parse-role-gate-verdict.test.ts" tests="12" assertions="22" failures="0" skipped="0" time="0" hostname="">
    <testcase name="architect: plain CLEAR/APPROVE passes" classname="" time="0.000647" file="target-repo\test\parse-role-gate-verdict.test.ts" line="4" assertions="1" />
    <testcase name="architect: BLOCK gates execution" classname="" time="0.000129" file="target-repo\test\parse-role-gate-verdict.test.ts" line="9" assertions="2" />
    <testcase name="architect: WATCH/COMMENT passes (non-blocking review)" classname="" time="0.000065" file="target-repo\test\parse-role-gate-verdict.test.ts" line="16" assertions="1" />
    <testcase name="architect: tolerates markdown emphasis around verdict labels" classname="" time="0.000047" file="target-repo\test\parse-role-gate-verdict.test.ts" line="21" assertions="1" />
    <testcase name="architect: tolerates trailing parenthetical / em-dash caveats and matches the first token" classname="" time="0.000151" file="target-repo\test\parse-role-gate-verdict.test.ts" line="29" assertions="1" />
    <testcase name="architect: rejects out-of-enum status values" classname="" time="0.000088" file="target-repo\test\parse-role-gate-verdict.test.ts" line="37" assertions="2" />
    <testcase name="architect: rejects out-of-enum review recommendations" classname="" time="0.000077" file="target-repo\test\parse-role-gate-verdict.test.ts" line="47" assertions="2" />
    <testcase name="architect: missing labels gate execution" classname="" time="0.000043" file="target-repo\test\parse-role-gate-verdict.test.ts" line="57" assertions="1" />
    <testcase name="critic: only explicit [OKAY] first line approves" classname="" time="0.000035" file="target-repo\test\parse-role-gate-verdict.test.ts" line="61" assertions="1" />
    <testcase name="critic: [REJECT] / [ITERATE] gate execution" classname="" time="0.000042" file="target-repo\test\parse-role-gate-verdict.test.ts" line="65" assertions="2" />
    <testcase name="critic: fails-closed on malformed / missing verdict (the fail-open regression)" classname="" time="0.000129" file="target-repo\test\parse-role-gate-verdict.test.ts" line="70" assertions="5" />
    <testcase name="executor / planner / unknown roles pass through (no gate)" classname="" time="0.00005" file="target-repo\test\parse-role-gate-verdict.test.ts" line="83" assertions="3" />
  </testsuite>
  <testsuite name="target-repo\test\perf-fixes.test.ts" file="target-repo\test\perf-fixes.test.ts" tests="6" assertions="12" failures="3" skipped="0" time="0.05" hostname="">
    <testcase name="anthropic: the LAST message carries a cache_control breakpoint (conversation caching)" classname="" time="0.002511" file="target-repo\test\perf-fixes.test.ts" line="12" assertions="5" />
    <testcase name="anthropic: image-bearing last message puts the breakpoint on its tail block" classname="" time="0.000143" file="target-repo\test\perf-fixes.test.ts" line="33" assertions="2" />
    <testcase name="config cache: repeated reads hit the cache, saves invalidate it" classname="" time="0.004597" file="target-repo\test\perf-fixes.test.ts" line="59" assertions="1">
      <failure type="AssertionError" />
    </testcase>
    <testcase name="config cache: external file writes are picked up via mtime/size" classname="" time="0.008119" file="target-repo\test\perf-fixes.test.ts" line="71" assertions="1">
      <failure type="AssertionError" />
    </testcase>
    <testcase name="config cache: returned configs are clones — caller mutation cannot poison the cache" classname="" time="0.005731" file="target-repo\test\perf-fixes.test.ts" line="81" assertions="0">
      <failure type="AssertionError" />
    </testcase>
    <testcase name="appendMessages: one batched append round-trips through loadSession" classname="" time="0.031932" file="target-repo\test\perf-fixes.test.ts" line="95" assertions="3" />
  </testsuite>
  <testsuite name="target-repo\test\pickers.test.ts" file="target-repo\test\pickers.test.ts" tests="6" assertions="22" failures="0" skipped="0" time="0.006" hostname="">
    <testcase name="formatContextWindow renders k/M units" classname="" time="0.004468" file="target-repo\test\pickers.test.ts" line="24" assertions="4" />
    <testcase name="modelHint badges reasoning / recommended / readiness" classname="" time="0.000296" file="target-repo\test\pickers.test.ts" line="31" assertions="4" />
    <testcase name="buildModelChoices lists ready providers first and groups them" classname="" time="0.002047" file="target-repo\test\pickers.test.ts" line="41" assertions="4" />
    <testcase name="modelPicker excludes unready providers when includeUnready:false" classname="" time="0.000292" file="target-repo\test\pickers.test.ts" line="54" assertions="1" />
    <testcase name="providerHint + buildProviderChoices sort ready first" classname="" time="0.000324" file="target-repo\test\pickers.test.ts" line="60" assertions="6" />
    <testcase name="recommendedProvider is the first ready provider" classname="" time="0.000152" file="target-repo\test\pickers.test.ts" line="71" assertions="3" />
  </testsuite>
  <testsuite name="target-repo\test\post-turn-feedback.test.ts" file="target-repo\test\post-turn-feedback.test.ts" tests="10" assertions="23" failures="8" skipped="0" time="0.039" hostname="">
    <testcase name="non-zero post-turn hook returns its output as a model-facing diagnostic" classname="" time="0.001413" file="target-repo\test\post-turn-feedback.test.ts" line="42" assertions="1">
      <failure type="AssertionError" />
    </testcase>
    <testcase name="clean (exit 0) post-turn hook yields no diagnostic" classname="" time="0.000964" file="target-repo\test\post-turn-feedback.test.ts" line="51" assertions="1">
      <failure type="AssertionError" />
    </testcase>
    <testcase name="timed-out post-turn hook surfaces only the advisory notice, no partial output" classname="" time="0.000987" file="target-repo\test\post-turn-feedback.test.ts" line="58" assertions="3">
      <failure type="AssertionError" />
    </testcase>
    <testcase name="match.tool gates which tool the hook fires for (strict equality)" classname="" time="0.000859" file="target-repo\test\post-turn-feedback.test.ts" line="67" assertions="2">
      <failure type="AssertionError" />
    </testcase>
    <testcase name="engine appends hook diagnostics to the edit result block; tool stays (ok)" classname="" time="0.001775" file="target-repo\test\post-turn-feedback.test.ts" line="73" assertions="3">
      <failure type="AssertionError" />
    </testcase>
    <testcase name="identical hook diagnostics across a batch are shown once, cross-referenced after" classname="" time="0.00207" file="target-repo\test\post-turn-feedback.test.ts" line="93" assertions="1">
      <failure type="AssertionError" />
    </testcase>
    <testcase name="hookMatchesTool: exact, |-separated, whitespace-tolerant, no partials" classname="" time="0.00042" file="target-repo\test\post-turn-feedback.test.ts" line="121" assertions="6" />
    <testcase name="a single edit|write hook fires for both tools, not for read" classname="" time="0.001335" file="target-repo\test\post-turn-feedback.test.ts" line="131" assertions="1">
      <failure type="AssertionError" />
    </testcase>
    <testcase name="done after a red hook gets a pushback naming the hook; second done passes" classname="" time="0.023387" file="target-repo\test\post-turn-feedback.test.ts" line="143" assertions="2">
      <failure type="AssertionError" />
    </testcase>
    <testcase name="a later clean hook run clears the pending failure — done passes first try" classname="" time="0.011072" file="target-repo\test\post-turn-feedback.test.ts" line="172" assertions="3" />
  </testsuite>
  <testsuite name="target-repo\test\provider-empty-completion.test.ts" file="target-repo\test\provider-empty-completion.test.ts" tests="11" assertions="26" failures="0" skipped="0" time="0.111" hostname="">
    <testcase name="anthropic.call: empty content + stop_reason=max_tokens throws the real cause" classname="" time="0.009773" file="target-repo\test\provider-empty-completion.test.ts" line="27" assertions="3" />
    <testcase name="anthropic.stream: no text deltas throws with the captured stop_reason" classname="" time="0.001387" file="target-repo\test\provider-empty-completion.test.ts" line="43" assertions="2" />
    <testcase name="openai.call: empty content + finish_reason=length throws the real cause" classname="" time="0.000799" file="target-repo\test\provider-empty-completion.test.ts" line="65" assertions="3" />
    <testcase name="openai.stream: no deltas throws with the captured finish_reason" classname="" time="0.000849" file="target-repo\test\provider-empty-completion.test.ts" line="81" assertions="2" />
    <testcase name="non-empty completions still pass through unchanged" classname="" time="0.000373" file="target-repo\test\provider-empty-completion.test.ts" line="100" assertions="1" />
    <testcase name="ollama.call: empty content + done_reason=length throws the real cause" classname="" time="0.000368" file="target-repo\test\provider-empty-completion.test.ts" line="114" assertions="2" />
    <testcase name="codex parseResponsesEvent surfaces response.incomplete reason" classname="" time="0.000149" file="target-repo\test\provider-empty-completion.test.ts" line="129" assertions="3" />
    <testcase name="discoverGoogleProjectId: a never-settling fetch aborts within the deadline" classname="" time="0.071724" file="target-repo\test\provider-empty-completion.test.ts" line="143" assertions="2" />
    <testcase name="discoverGoogleProjectId: outer turn abort cancels discovery immediately" classname="" time="0.026276" file="target-repo\test\provider-empty-completion.test.ts" line="159" assertions="2" />
    <testcase name="openai.stream: 400-on-stream_options retries once without the field" classname="" time="0.003351" file="target-repo\test\provider-empty-completion.test.ts" line="180" assertions="4" />
    <testcase name="openai.stream: unrelated 400s still throw without a retry" classname="" time="0.001214" file="target-repo\test\provider-empty-completion.test.ts" line="209" assertions="2" />
  </testsuite>
  <testsuite name="target-repo\test\provider-error-taxonomy.test.ts" file="target-repo\test\provider-error-taxonomy.test.ts" tests="4" assertions="16" failures="0" skipped="0" time="0.002" hostname="">
    <testcase name="isContextOverflowError: message patterns and 413, but not plain 400s" classname="" time="0.00022" file="target-repo\test\provider-error-taxonomy.test.ts" line="8" assertions="6" />
    <testcase name="friendlyProviderError: overflow and 404 map to actionable guidance" classname="" time="0.000329" file="target-repo\test\provider-error-taxonomy.test.ts" line="17" assertions="4" />
    <testcase name="engine: provider overflow triggers ONE trim+retry, then the turn succeeds" classname="" time="0.001643" file="target-repo\test\provider-error-taxonomy.test.ts" line="26" assertions="4" />
    <testcase name="engine: a second overflow surfaces the friendly error (one-shot recovery)" classname="" time="0.001045" file="target-repo\test\provider-error-taxonomy.test.ts" line="60" assertions="2" />
  </testsuite>
  <testsuite name="target-repo\test\provider-error.test.ts" file="target-repo\test\provider-error.test.ts" tests="5" assertions="10" failures="0" skipped="0" time="0.002" hostname="">
    <testcase name="friendlyProviderError maps a 429 to an actionable rate-limit line (no raw JSON)" classname="" time="0.00253" file="target-repo\test\provider-error.test.ts" line="5" assertions="3" />
    <testcase name="friendlyProviderError includes Retry-After reset hints for long 429 windows" classname="" time="0.000204" file="target-repo\test\provider-error.test.ts" line="13" assertions="3" />
    <testcase name="friendlyProviderError detects 429 from the message when status is absent" classname="" time="0.00005" file="target-repo\test\provider-error.test.ts" line="21" assertions="1" />
    <testcase name="friendlyProviderError maps 401/403 to a credential-check hint" classname="" time="0.000053" file="target-repo\test\provider-error.test.ts" line="26" assertions="2" />
    <testcase name="friendlyProviderError passes through unrelated errors unchanged" classname="" time="0.000037" file="target-repo\test\provider-error.test.ts" line="32" assertions="1" />
  </testsuite>
  <testsuite name="target-repo\test\provider-errors.test.ts" file="target-repo\test\provider-errors.test.ts" tests="9" assertions="39" failures="0" skipped="0" time="0" hostname="">
    <testcase name="ProviderHttpError carries a numeric status and a descriptive message" classname="" time="0.000165" file="target-repo\test\provider-errors.test.ts" line="5" assertions="5" />
    <testcase name="provider HTTP errors are now retryable (regression: 429/5xx/529 were dropped)" classname="" time="0.000658" file="target-repo\test\provider-errors.test.ts" line="14" assertions="13" />
    <testcase name="defaultRetryable parses an HTTP status embedded in a bare error message" classname="" time="0.000131" file="target-repo\test\provider-errors.test.ts" line="24" assertions="4" />
    <testcase name="withRetry actually retries a 503 ProviderHttpError then succeeds" classname="" time="0.000934" file="target-repo\test\provider-errors.test.ts" line="31" assertions="3" />
    <testcase name="parseRetryAfter: delta-seconds and HTTP-date forms" classname="" time="0.000265" file="target-repo\test\provider-errors.test.ts" line="47" assertions="6" />
    <testcase name="withRetry: equal jitter lands the wait in [0.5x, 1x] of the capped backoff" classname="" time="0.000423" file="target-repo\test\provider-errors.test.ts" line="58" assertions="1" />
    <testcase name="withRetry: a Retry-After error overrides backoff (capped at 30s)" classname="" time="0.000479" file="target-repo\test\provider-errors.test.ts" line="68" assertions="1" />
    <testcase name="parseRetryFromBody extracts Google/Gemini retry hints (header absent)" classname="" time="0.00007" file="target-repo\test\provider-errors.test.ts" line="83" assertions="4" />
    <testcase name="providerHttpError honors a body retry hint when no Retry-After header is present" classname="" time="0.000158" file="target-repo\test\provider-errors.test.ts" line="92" assertions="2" />
  </testsuite>
  <testsuite name="target-repo\test\provider-model-id.test.ts" file="target-repo\test\provider-model-id.test.ts" tests="3" assertions="4" failures="0" skipped="0" time="0.005" hostname="">
    <testcase name="openaiAdapter preserves selected live model ids and only strips provider prefix" classname="" time="0.005099" file="target-repo\test\provider-model-id.test.ts" line="7" assertions="1" />
    <testcase name="anthropicAdapter preserves selected Claude ids and only strips provider prefix" classname="" time="0.000384" file="target-repo\test\provider-model-id.test.ts" line="25" assertions="1" />
    <testcase name="geminiAdapter strips google/gemini prefixes before request URL" classname="" time="0.000442" file="target-repo\test\provider-model-id.test.ts" line="43" assertions="2" />
  </testsuite>
  <testsuite name="target-repo\test\provider-registry.test.ts" file="target-repo\test\provider-registry.test.ts" tests="3" assertions="3" failures="0" skipped="0" time="0" hostname="">
    <testcase name="ProviderRegistry: can register and retrieve adapters" classname="" time="0.000125" file="target-repo\test\provider-registry.test.ts" line="5" assertions="1" />
    <testcase name="ProviderRegistry: returns undefined for missing adapters" classname="" time="0.000046" file="target-repo\test\provider-registry.test.ts" line="15" assertions="1" />
    <testcase name="ProviderRegistry: lists registered providers" classname="" time="0.000348" file="target-repo\test\provider-registry.test.ts" line="20" assertions="1" />
  </testsuite>
  <testsuite name="target-repo\test\provider-status.test.ts" file="target-repo\test\provider-status.test.ts" tests="14" assertions="32" failures="7" skipped="0" time="0.035" hostname="">
    <testcase name="providerEnvVar maps API-key cloud providers to &lt;NAME&gt;_API_KEY; ollama/antigravity have none" classname="" time="0.000193" file="target-repo\test\provider-status.test.ts" line="43" assertions="5" />
    <testcase name="credentialLabel renders each kind" classname="" time="0.000082" file="target-repo\test\provider-status.test.ts" line="51" assertions="4" />
    <testcase name="ollama is keyless and always ready with a base URL" classname="" time="0.00018" file="target-repo\test\provider-status.test.ts" line="58" assertions="3" />
    <testcase name="a credential-less cloud provider is not ready" classname="" time="0.000203" file="target-repo\test\provider-status.test.ts" line="65" assertions="3" />
    <testcase name="openai with a base URL is ready even without a key (local OpenAI-compatible)" classname="" time="0.000174" file="target-repo\test\provider-status.test.ts" line="72" assertions="2" />
    <testcase name="describeAllProviders returns every provider, ollama keyless" classname="" time="0.000492" file="target-repo\test\provider-status.test.ts" line="82" assertions="2" />
    <testcase name="describeProvider: openai oauth-only → ready=true (served via Codex Responses)" classname="" time="0.00127" file="target-repo\test\provider-status.test.ts" line="87" assertions="2">
      <failure type="AssertionError" />
    </testcase>
    <testcase name="describeProvider: openai oauth path hides local base URL because Codex backend is used instead" classname="" time="0.002825" file="target-repo\test\provider-status.test.ts" line="101" assertions="2">
      <failure type="AssertionError" />
    </testcase>
    <testcase name="describeProvider: gemini oauth-only → READY via Cloud Code Assist (no API key needed)" classname="" time="0.002173" file="target-repo\test\provider-status.test.ts" line="117" assertions="1">
      <failure type="AssertionError" />
    </testcase>
    <testcase name="describeProvider: antigravity shows Gemini OAuth as catalog-only, not call-ready" classname="" time="0.01402" file="target-repo\test\provider-status.test.ts" line="132" assertions="2">
      <failure type="AssertionError" />
    </testcase>
    <testcase name="describeProvider: antigravity own OAuth is call-ready" classname="" time="0.0017" file="target-repo\test\provider-status.test.ts" line="149" assertions="1">
      <failure type="AssertionError" />
    </testcase>
    <testcase name="describeProvider: openai oauth+key reports the effective API-key path" classname="" time="0.012074" file="target-repo\test\provider-status.test.ts" line="165" assertions="3" />
    <testcase name="describeProvider: anthropic oauth-only → ready=true" classname="" time="0.000825" file="target-repo\test\provider-status.test.ts" line="180" assertions="1">
      <failure type="AssertionError" />
    </testcase>
    <testcase name="describeProvider: gemini oauth+key reports ready API-key path instead of blocked OAuth" classname="" time="0.003741" file="target-repo\test\provider-status.test.ts" line="194" assertions="1">
      <failure type="AssertionError" />
    </testcase>
  </testsuite>
  <testsuite name="target-repo\test\qualify-model.test.ts" file="target-repo\test\qualify-model.test.ts" tests="2" assertions="15" failures="0" skipped="0" time="0" hostname="">
    <testcase name="qualifyModelId matches all spec cases" classname="" time="0.000213" file="target-repo\test\qualify-model.test.ts" line="5" assertions="9" />
    <testcase name="parseConfig normalizes colon-containing un-prefixed model IDs to ollama/" classname="" time="0.000583" file="target-repo\test\qualify-model.test.ts" line="32" assertions="6" />
  </testsuite>
  <testsuite name="target-repo\test\rate-limit-handling.test.ts" file="target-repo\test\rate-limit-handling.test.ts" tests="5" assertions="16" failures="0" skipped="0" time="0.004" hostname="">
    <testcase name="isUsageLimitError: quota/usage phrasings yes, per-minute rate limit no" classname="" time="0.000211" file="target-repo\test\rate-limit-handling.test.ts" line="11" assertions="5" />
    <testcase name="defaultRetryable: usage-limit 429 fails fast, per-minute 429 stays retryable" classname="" time="0.000105" file="target-repo\test\rate-limit-handling.test.ts" line="21" assertions="2" />
    <testcase name="withRetry does not burn budget on a usage-limit 429" classname="" time="0.000283" file="target-repo\test\rate-limit-handling.test.ts" line="28" assertions="2" />
    <testcase name="friendlyProviderError: usage-limit gets a switch-model message, not the generic 429 line" classname="" time="0.00011" file="target-repo\test\rate-limit-handling.test.ts" line="42" assertions="4" />
    <testcase name="LaunchTui pins rate-limit retry notice in status without appending log spam" classname="" time="0.004477" file="target-repo\test\rate-limit-handling.test.ts" line="54" assertions="3" />
  </testsuite>
  <testsuite name="target-repo\test\refusal-recovery.test.ts" file="target-repo\test\refusal-recovery.test.ts" tests="2" assertions="8" failures="0" skipped="0" time="0.003" hostname="">
    <testcase name="refusal ladder stage 3: project-context guidance is stripped from the system prompt, then the turn recovers" classname="" time="0.003858" file="target-repo\test\refusal-recovery.test.ts" line="6" assertions="5" />
    <testcase name="refusal ladder: with no project-context block, a third refusal surfaces the friendly error (no extra billed call)" classname="" time="0.000914" file="target-repo\test\refusal-recovery.test.ts" line="32" assertions="3" />
  </testsuite>
  <testsuite name="target-repo\test\repeat-bounce-and-trim.test.ts" file="target-repo\test\repeat-bounce-and-trim.test.ts" tests="3" assertions="17" failures="0" skipped="0" time="0.002" hostname="">
    <testcase name="repeat bounce: a 2nd identical write is SKIPPED with a corrective prompt; done after correction succeeds" classname="" time="0.001206" file="target-repo\test\repeat-bounce-and-trim.test.ts" line="5" assertions="3" />
    <testcase name="repeat bounce: repeating THROUGH the correction still stops the turn (anti-spin)" classname="" time="0.000797" file="target-repo\test\repeat-bounce-and-trim.test.ts" line="31" assertions="3" />
    <testcase name="trimToolResultsInPlace: elides OLDEST tool results down to budget, keeps recent + non-tool messages" classname="" time="0.001954" file="target-repo\test\repeat-bounce-and-trim.test.ts" line="48" assertions="11" />
  </testsuite>
  <testsuite name="target-repo\test\retry.test.ts" file="target-repo\test\retry.test.ts" tests="20" assertions="87" failures="0" skipped="0" time="0.003" hostname="">
    <testcase name="resolveRetryOptions maps a gjc retry budget to withRetry options" classname="" time="0.003569" file="target-repo\test\retry.test.ts" line="5" assertions="12" />
    <testcase name="resolveRetryOptions: rate-limit defaults engage only when not explicitly configured" classname="" time="0.00057" file="target-repo\test\retry.test.ts" line="42" assertions="7" />
    <testcase name="isRateLimitError: detects 429 by status and by message" classname="" time="0.00015" file="target-repo\test\retry.test.ts" line="60" assertions="6" />
    <testcase name="withRetry: rate-limit errors get extra attempts beyond the base retries budget" classname="" time="0.000444" file="target-repo\test\retry.test.ts" line="69" assertions="2" />
    <testcase name="withRetry: a 429 without Retry-After waits at least rateLimitMinDelayMs" classname="" time="0.000412" file="target-repo\test\retry.test.ts" line="84" assertions="3" />
    <testcase name="withRetry: a non-rate-limit error is NOT floored by rateLimitMinDelayMs" classname="" time="0.000656" file="target-repo\test\retry.test.ts" line="105" assertions="1" />
    <testcase name="withRetry: a 429 Retry-After:0 is still floored, and the floor escalates per attempt" classname="" time="0.000407" file="target-repo\test\retry.test.ts" line="121" assertions="1" />
    <testcase name="withRetry: a 429 Retry-After beyond the configured budget fails fast" classname="" time="0.000219" file="target-repo\test\retry.test.ts" line="132" assertions="2" />
    <testcase name="withRetry: the escalating 429 floor is capped at 30s and spans ~a minute over the default budget" classname="" time="0.000294" file="target-repo\test\retry.test.ts" line="151" assertions="1" />
    <testcase name="withRetry: onRetry receives the actually-applied delay" classname="" time="0.000243" file="target-repo\test\retry.test.ts" line="169" assertions="1" />
    <testcase name="withRetry honors a resolved requestMaxRetries budget (attempt count)" classname="" time="0.000235" file="target-repo\test\retry.test.ts" line="185" assertions="2" />
    <testcase name="defaultRetryable classification" classname="" time="0.000203" file="target-repo\test\retry.test.ts" line="198" assertions="22" />
    <testcase name="succeeds first try (fn called once, no sleep)" classname="" time="0.000146" file="target-repo\test\retry.test.ts" line="232" assertions="3" />
    <testcase name="retries a retryable error then succeeds (fn called twice, sleep called once)" classname="" time="0.000369" file="target-repo\test\retry.test.ts" line="253" assertions="4" />
    <testcase name="exhausts after retries attempts and rethrows (fn called retries times)" classname="" time="0.00026" file="target-repo\test\retry.test.ts" line="285" assertions="4" />
    <testcase name="a non-retryable error throws immediately (fn called once)" classname="" time="0.000195" file="target-repo\test\retry.test.ts" line="320" assertions="3" />
    <testcase name="exponential backoff with cap" classname="" time="0.000234" file="target-repo\test\retry.test.ts" line="349" assertions="2" />
    <testcase name="resolveRetryOptions: failFastStatuses forces a normally-retried status non-retryable" classname="" time="0.000207" file="target-repo\test\retry.test.ts" line="382" assertions="5" />
    <testcase name="resolveRetryOptions: failFastPatterns makes a matching message non-retryable (case-insensitive)" classname="" time="0.000146" file="target-repo\test\retry.test.ts" line="395" assertions="3" />
    <testcase name="resolveRetryOptions: unset fail-fast overrides leave isRetryable unchanged (defaultRetryable)" classname="" time="0.000075" file="target-repo\test\retry.test.ts" line="404" assertions="3" />
  </testsuite>
  <testsuite name="target-repo\test\review-fixes.test.ts" file="target-repo\test\review-fixes.test.ts" tests="14" assertions="33" failures="0" skipped="0" time="0.038" hostname="">
    <testcase name="extractJsonObject: skips an earlier non-JSON brace group and finds the later valid object" classname="" time="0.000168" file="target-repo\test\review-fixes.test.ts" line="20" assertions="1" />
    <testcase name="extractJsonObject: still throws when no balanced group is valid JSON" classname="" time="0.000076" file="target-repo\test\review-fixes.test.ts" line="25" assertions="1" />
    <testcase name="editTool: rejects an out-of-bounds line range without writing" classname="" time="0.01086" file="target-repo\test\review-fixes.test.ts" line="35" assertions="3" />
    <testcase name="editTool: search/replace preserves indentation (no trim)" classname="" time="0.004716" file="target-repo\test\review-fixes.test.ts" line="48" assertions="3" />
    <testcase name="editTool: empty search block is rejected" classname="" time="0.002818" file="target-repo\test\review-fixes.test.ts" line="63" assertions="1" />
    <testcase name="loadSession: tolerates a malformed non-header line and keeps valid messages" classname="" time="0.015111" file="target-repo\test\review-fixes.test.ts" line="76" assertions="1" />
    <testcase name="FIX 1: clamp composed frame to terminal rows" classname="" time="0.00761" file="target-repo\test\review-fixes.test.ts" line="180" assertions="1" />
    <testcase name="FIX 2: render art with theme.color=false -&gt; output has no \x1b[" classname="" time="0.000168" file="target-repo\test\review-fixes.test.ts" line="219" assertions="2" />
    <testcase name="FIX 3: renderJeoStatus with color=false -&gt; no \x1b[" classname="" time="0.000201" file="target-repo\test\review-fixes.test.ts" line="230" assertions="1" />
    <testcase name="FIX 4: ToolList render with color=false -&gt; no \x1b[" classname="" time="0.000143" file="target-repo\test\review-fixes.test.ts" line="241" assertions="1" />
    <testcase name="FIX 5: boxBlock truncates content to inner width" classname="" time="0.000141" file="target-repo\test\review-fixes.test.ts" line="249" assertions="6" />
    <testcase name="FIX 6: render forge at innerWidth=20 -&gt; every line visibleWidth &lt;= innerWidth" classname="" time="0.00025" file="target-repo\test\review-fixes.test.ts" line="260" assertions="5" />
    <testcase name="FIX 7: all ascii stage-0 frames have equal string length" classname="" time="0.000065" file="target-repo\test\review-fixes.test.ts" line="271" assertions="6" />
    <testcase name="FIX 8: non-TTY status fallback honors mono theme (no color)" classname="" time="0.000563" file="target-repo\test\review-fixes.test.ts" line="279" assertions="1" />
  </testsuite>
  <testsuite name="target-repo\test\round-b.test.ts" file="target-repo\test\round-b.test.ts" tests="23" assertions="74" failures="1" skipped="0" time="0.094" hostname="">
    <testcase name="thinkingToReasoningEffort: maps levels to o-series-safe tiers" classname="" time="0.007499" file="target-repo\test\round-b.test.ts" line="12" assertions="6" />
    <testcase name="openaiRequest: reasoning models get reasoning_effort + max_completion_tokens, no temperature" classname="" time="0.000299" file="target-repo\test\round-b.test.ts" line="21" assertions="8" />
    <testcase name="openaiRequest: classic chat models keep temperature + max_tokens, no reasoning_effort" classname="" time="0.000094" file="target-repo\test\round-b.test.ts" line="33" assertions="4" />
    <testcase name="retryableStream: retries the initial connection, then streams all chunks" classname="" time="0.000622" file="target-repo\test\round-b.test.ts" line="49" assertions="2" />
    <testcase name="retryableStream: first connect succeeds → no retry, makeIter called once" classname="" time="0.000231" file="target-repo\test\round-b.test.ts" line="64" assertions="2" />
    <testcase name="retryableStream: per-chunk idle timeout aborts a stalled stream (long-but-silent)" classname="" time="0.022091" file="target-repo\test\round-b.test.ts" line="73" assertions="3" />
    <testcase name="retryableStream: idle timeout does NOT fire when chunks arrive promptly" classname="" time="0.000477" file="target-repo\test\round-b.test.ts" line="92" assertions="1" />
    <testcase name="retryableStream: empty iterator (first.done) yields nothing and completes" classname="" time="0.000306" file="target-repo\test\round-b.test.ts" line="98" assertions="1" />
    <testcase name="resolveRetryOptions: requestMaxRetries:0 also disables the 429 safety net" classname="" time="0.000047" file="target-repo\test\round-b.test.ts" line="105" assertions="1" />
    <testcase name="anthropicPayload: no system prompt → no system field (avoids a 400)" classname="" time="0.000102" file="target-repo\test\round-b.test.ts" line="109" assertions="1" />
    <testcase name="anthropicPayload: strips the anthropic/ prefix from the model id" classname="" time="0.000082" file="target-repo\test\round-b.test.ts" line="114" assertions="1" />
    <testcase name="totalInputTokens: sums uncached + cache-read + cache-creation input tokens" classname="" time="0.000055" file="target-repo\test\round-b.test.ts" line="119" assertions="3" />
    <testcase name="retryableStream: a failure AFTER the first chunk propagates (no duplicate output)" classname="" time="0.003175" file="target-repo\test\round-b.test.ts" line="124" assertions="2" />
    <testcase name="nearestToolName: suggests the closest tool within edit distance 2" classname="" time="0.000689" file="target-repo\test\round-b.test.ts" line="140" assertions="5" />
    <testcase name="anthropicPayload: marks the system prompt cache_control:ephemeral and drops the system message" classname="" time="0.000148" file="target-repo\test\round-b.test.ts" line="151" assertions="4" />
    <testcase name="anthropicPayload: OAuth calls include Claude Code prelude before the real system prompt" classname="" time="0.000519" file="target-repo\test\round-b.test.ts" line="168" assertions="7" />
    <testcase name="anthropicPayload: OAuth calls without a user system prompt still include the Claude Code prelude" classname="" time="0.000139" file="target-repo\test\round-b.test.ts" line="190" assertions="4" />
    <testcase name="anthropicRequest: OAuth headers use Claude Code-compatible Anthropic beta set" classname="" time="0.000251" file="target-repo\test\round-b.test.ts" line="208" assertions="7" />
    <testcase name="resolveRetryOptions: explicit rate-limit overrides win" classname="" time="0.000046" file="target-repo\test\round-b.test.ts" line="227" assertions="2" />
    <testcase name="resolveRetryOptions: defaults still engage when unset (regression guard)" classname="" time="0.000037" file="target-repo\test\round-b.test.ts" line="233" assertions="4" />
    <testcase name="retryableStream: overall deadline aborts a slow-drip stream the idle cap never catches (round-14)" classname="" time="0.056176" file="target-repo\test\round-b.test.ts" line="241" assertions="3" />
    <testcase name="retryableStream: a generous deadline does not disturb a healthy stream" classname="" time="0.006531" file="target-repo\test\round-b.test.ts" line="260" assertions="1" />
    <testcase name="streamMaxMs: env opt-in parsing — off by default, positive ints only" classname="" time="0.000486" file="target-repo\test\round-b.test.ts" line="270" assertions="2">
      <failure type="AssertionError" />
    </testcase>
  </testsuite>
  <testsuite name="target-repo\test\section.test.ts" file="target-repo\test\section.test.ts" tests="6" assertions="12" failures="0" skipped="0" time="0" hostname="">
    <testcase name="sectionLabel: muted card header fills the width with the title embedded" classname="" time="0.000177" file="target-repo\test\section.test.ts" line="6" assertions="3" />
    <testcase name="sectionLabel: ASCII fallback when unicode is off" classname="" time="0.000072" file="target-repo\test\section.test.ts" line="13" assertions="3" />
    <testcase name="sectionLabel: plain content is the title embedded in dashes" classname="" time="0.000049" file="target-repo\test\section.test.ts" line="22" assertions="1" />
    <testcase name="stackSections: separates non-empty sections by SECTION_GAP blank lines" classname="" time="0.000183" file="target-repo\test\section.test.ts" line="26" assertions="2" />
    <testcase name="stackSections: empty input and all-empty sections yield no lines (no leading gap)" classname="" time="0.000052" file="target-repo\test\section.test.ts" line="50" assertions="2" />
    <testcase name="stackSections: custom gap and untitled sections" classname="" time="0.000059" file="target-repo\test\section.test.ts" line="55" assertions="1" />
  </testsuite>
  <testsuite name="target-repo\test\seed-roundtrip.test.ts" file="target-repo\test\seed-roundtrip.test.ts" tests="4" assertions="7" failures="0" skipped="0" time="0.042" hostname="">
    <testcase name="yamlList → parseSeedAcceptanceCriteria round-trips hostile values exactly" classname="" time="0.000199" file="target-repo\test\seed-roundtrip.test.ts" line="18" assertions="1" />
    <testcase name="legacy unquoted/hand-written items still parse; interior quotes preserved" classname="" time="0.000127" file="target-repo\test\seed-roundtrip.test.ts" line="30" assertions="1" />
    <testcase name="parseSeedList: section headers end the list; other lists are not leaked" classname="" time="0.000568" file="target-repo\test\seed-roundtrip.test.ts" line="47" assertions="2" />
    <testcase name="ultragoal report carries quoted criteria UNMANGLED end to end" classname="" time="0.042348" file="target-repo\test\seed-roundtrip.test.ts" line="53" assertions="3" />
  </testsuite>
  <testsuite name="target-repo\test\select-list.test.ts" file="target-repo\test\select-list.test.ts" tests="10" assertions="33" failures="0" skipped="0" time="0" hostname="">
    <testcase name="starts on the first enabled item" classname="" time="0.00037" file="target-repo\test\select-list.test.ts" line="9" assertions="2" />
    <testcase name="up/down wrap and skip disabled items" classname="" time="0.00024" file="target-repo\test\select-list.test.ts" line="15" assertions="4" />
    <testcase name="filter narrows visible set and resets cursor to first enabled match" classname="" time="0.000266" file="target-repo\test\select-list.test.ts" line="26" assertions="4" />
    <testcase name="typeChar / backspace edit the filter" classname="" time="0.000192" file="target-repo\test\select-list.test.ts" line="36" assertions="4" />
    <testcase name="page moves by a window without wrapping" classname="" time="0.000263" file="target-repo\test\select-list.test.ts" line="46" assertions="3" />
    <testcase name="renderSelectList shows a scrolling window with cursor + filter footer" classname="" time="0.000182" file="target-repo\test\select-list.test.ts" line="56" assertions="4" />
    <testcase name="renderSelectList renders group headers + hints, fitted to cols" classname="" time="0.000311" file="target-repo\test\select-list.test.ts" line="68" assertions="4" />
    <testcase name="renderSelectList supports multi-line titles and pre-styled hints" classname="" time="0.000099" file="target-repo\test\select-list.test.ts" line="81" assertions="2" />
    <testcase name="renderSelectList renders selectable nested sub-list rows" classname="" time="0.000178" file="target-repo\test\select-list.test.ts" line="90" assertions="4" />
    <testcase name="empty list renders a (no matches) line, not a crash" classname="" time="0.000075" file="target-repo\test\select-list.test.ts" line="103" assertions="2" />
  </testsuite>
  <testsuite name="target-repo\test\self-analysis-sovereign.test.ts" file="target-repo\test\self-analysis-sovereign.test.ts" tests="2" assertions="6" failures="0" skipped="0" time="0.012" hostname="">
    <testcase name="runSelfAnalysis: analyzes engine.ts and reports monolithic structure" classname="" time="0.009731" file="target-repo\test\self-analysis-sovereign.test.ts" line="11" assertions="2" />
    <testcase name="runSelfAnalysis: parses performance metrics" classname="" time="0.003873" file="target-repo\test\self-analysis-sovereign.test.ts" line="28" assertions="4" />
  </testsuite>
  <testsuite name="target-repo\test\self-analysis.test.ts" file="target-repo\test\self-analysis.test.ts" tests="2" assertions="6" failures="0" skipped="0" time="0.007" hostname="">
    <testcase name="runSelfAnalysis: analyzes engine.ts and reports monolithic structure" classname="" time="0.004595" file="target-repo\test\self-analysis.test.ts" line="10" assertions="2" />
    <testcase name="runSelfAnalysis: parses performance metrics" classname="" time="0.00344" file="target-repo\test\self-analysis.test.ts" line="27" assertions="4" />
  </testsuite>
  <testsuite name="target-repo\test\session-command.test.ts" file="target-repo\test\session-command.test.ts" tests="13" assertions="34" failures="0" skipped="0" time="0.007" hostname="">
    <testcase name="list filters non-jeo sessions and formats output" classname="" time="0.007172" file="target-repo\test\session-command.test.ts" line="4" assertions="8" />
    <testcase name="list with --json formats as JSON" classname="" time="0.00026" file="target-repo\test\session-command.test.ts" line="39" assertions="2" />
    <testcase name="list with tmux absent (no server or exitCode 1) -&gt; empty-friendly message exit 0" classname="" time="0.000252" file="target-repo\test\session-command.test.ts" line="75" assertions="2" />
    <testcase name="rm refuses non-jeo- name with exitCode 1" classname="" time="0.000221" file="target-repo\test\session-command.test.ts" line="103" assertions="2" />
    <testcase name="rm jeo- name invokes kill-session argv" classname="" time="0.000208" file="target-repo\test\session-command.test.ts" line="127" assertions="2" />
    <testcase name="attach unknown name (not in list output) -&gt; exitCode 1" classname="" time="0.000245" file="target-repo\test\session-command.test.ts" line="153" assertions="2" />
    <testcase name="attach known name -&gt; invokes attach -t name" classname="" time="0.00022" file="target-repo\test\session-command.test.ts" line="184" assertions="2" />
    <testcase name="unknown verb usage exitCode 1" classname="" time="0.000235" file="target-repo\test\session-command.test.ts" line="217" assertions="3" />
    <testcase name="--help usage exitCode 0" classname="" time="0.00018" file="target-repo\test\session-command.test.ts" line="242" assertions="2" />
    <testcase name="list keeps marker-owned sessions regardless of name; records branch/project identity" classname="" time="0.000332" file="target-repo\test\session-command.test.ts" line="266" assertions="2" />
    <testcase name="list table shows the @jeo-branch identity column" classname="" time="0.000269" file="target-repo\test\session-command.test.ts" line="315" assertions="2" />
    <testcase name="rm allows a marker-owned session even without the jeo- prefix (exact kill target)" classname="" time="0.000233" file="target-repo\test\session-command.test.ts" line="342" assertions="2" />
    <testcase name="rm still refuses an unmarked, unprefixed session even when it exists" classname="" time="0.000243" file="target-repo\test\session-command.test.ts" line="375" assertions="3" />
  </testsuite>
  <testsuite name="target-repo\test\session-export.test.ts" file="target-repo\test\session-export.test.ts" tests="5" assertions="13" failures="0" skipped="0" time="0.118" hostname="">
    <testcase name="exportSession: markdown includes header + non-system messages by default" classname="" time="0.020773" file="target-repo\test\session-export.test.ts" line="16" assertions="6" />
    <testcase name="exportSession: includeSystem keeps the system message" classname="" time="0.026323" file="target-repo\test\session-export.test.ts" line="27" assertions="2" />
    <testcase name="exportSession: json is structured and parseable" classname="" time="0.023653" file="target-repo\test\session-export.test.ts" line="34" assertions="3" />
    <testcase name="exportSession: tolerates a malformed trailing line" classname="" time="0.026396" file="target-repo\test\session-export.test.ts" line="42" assertions="1" />
    <testcase name="exportSession: markdown fence is longer than backtick runs in the content" classname="" time="0.023713" file="target-repo\test\session-export.test.ts" line="50" assertions="1" />
  </testsuite>
  <testsuite name="target-repo\test\session.test.ts" file="target-repo\test\session.test.ts" tests="5" assertions="52" failures="0" skipped="0" time="0.289" hostname="">
    <testcase name="session lifecycle and logic with custom cwd" classname="" time="0.112386" file="target-repo\test\session.test.ts" line="19" assertions="23" />
    <testcase name="session default cwd behavior" classname="" time="0.048916" file="target-repo\test\session.test.ts" line="94" assertions="5" />
    <testcase name="session rename and delete lifecycle" classname="" time="0.04076" file="target-repo\test\session.test.ts" line="121" assertions="12" />
    <testcase name="session resume with compaction marker and legacy compatibility" classname="" time="0.034842" file="target-repo\test\session.test.ts" line="174" assertions="8" />
    <testcase name="listSessions uses lightweight parser (avoids full JSON.parse)" classname="" time="0.055308" file="target-repo\test\session.test.ts" line="224" assertions="4" />
  </testsuite>
  <testsuite name="target-repo\test\setup-helpers.test.ts" file="target-repo\test\setup-helpers.test.ts" tests="8" assertions="27" failures="0" skipped="0" time="0.002" hostname="">
    <testcase name="normalizeBaseUrl defaults, adds scheme, strips trailing slash" classname="" time="0.002797" file="target-repo\test\setup-helpers.test.ts" line="14" assertions="4" />
    <testcase name="chooseDefaultModel: blank → provider&apos;s recommended" classname="" time="0.000241" file="target-repo\test\setup-helpers.test.ts" line="21" assertions="2" />
    <testcase name="chooseDefaultModel: known id accepted; provider mismatch warns" classname="" time="0.000082" file="target-repo\test\setup-helpers.test.ts" line="26" assertions="4" />
    <testcase name="chooseDefaultModel: unknown id accepted with suggestions" classname="" time="0.000385" file="target-repo\test\setup-helpers.test.ts" line="35" assertions="3" />
    <testcase name="recommendedModelsFor returns annotated id lines" classname="" time="0.000156" file="target-repo\test\setup-helpers.test.ts" line="42" assertions="3" />
    <testcase name="recommendedModelsFor can show Codex OAuth OpenAI defaults" classname="" time="0.000093" file="target-repo\test\setup-helpers.test.ts" line="49" assertions="3" />
    <testcase name="buildEnabledProviders detects keys, oauth, and base URLs" classname="" time="0.000153" file="target-repo\test\setup-helpers.test.ts" line="56" assertions="5" />
    <testcase name="buildSetupSummary reports the resolved provider + catalog metadata" classname="" time="0.000119" file="target-repo\test\setup-helpers.test.ts" line="64" assertions="3" />
  </testsuite>
  <testsuite name="target-repo\test\skill-echo-guard.test.ts" file="target-repo\test\skill-echo-guard.test.ts" tests="3" assertions="15" failures="0" skipped="0" time="0" hostname="">
    <testcase name="workflowSkillsForPrompt ignores a user doc named &apos;team&apos; with a foreign summary" classname="" time="0.000155" file="target-repo\test\skill-echo-guard.test.ts" line="10" assertions="3" />
    <testcase name="buildSkillTask clamps long details and contains the anti-recite line" classname="" time="0.000311" file="target-repo\test\skill-echo-guard.test.ts" line="25" assertions="5" />
    <testcase name="looksLikeSkillEcho detects replies dominated by skill-doc content" classname="" time="0.000418" file="target-repo\test\skill-echo-guard.test.ts" line="51" assertions="7" />
  </testsuite>
  <testsuite name="target-repo\test\skill-picker.test.ts" file="target-repo\test\skill-picker.test.ts" tests="2" assertions="6" failures="0" skipped="0" time="0" hostname="">
    <testcase name="buildSkillChoices shows aliases as hints" classname="" time="0.000233" file="target-repo\test\skill-picker.test.ts" line="9" assertions="3" />
    <testcase name="skillPicker renders a keyboard-selectable skill list" classname="" time="0.000403" file="target-repo\test\skill-picker.test.ts" line="16" assertions="3" />
  </testsuite>
  <testsuite name="target-repo\test\skills-command.test.ts" file="target-repo\test\skills-command.test.ts" tests="1" assertions="33" failures="0" skipped="0" time="1.461" hostname="">
    <testcase name="skills command: list, read, legacy alias, json output, unknown skill handling" classname="" time="1.461057" file="target-repo\test\skills-command.test.ts" line="4" assertions="33" />
  </testsuite>
  <testsuite name="target-repo\test\skills-config.test.ts" file="target-repo\test\skills-config.test.ts" tests="11" assertions="30" failures="3" skipped="0" time="0.007" hostname="">
    <testcase name="parseSkillMarkdown infers summary from the first body line; strips a title" classname="" time="0.002625" file="target-repo\test\skills-config.test.ts" line="7" assertions="4" />
    <testcase name="parseSkillMarkdown honors explicit header keys" classname="" time="0.000151" file="target-repo\test\skills-config.test.ts" line="15" assertions="3" />
    <testcase name="parseSkillMarkdown extracts explicit and inferred slash aliases" classname="" time="0.000225" file="target-repo\test\skills-config.test.ts" line="22" assertions="2" />
    <testcase name="parseSkillMarkdown ignores inferred slash aliases owned by other skills" classname="" time="0.000125" file="target-repo\test\skills-config.test.ts" line="31" assertions="1" />
    <testcase name="parseSkillMarkdown infers aliases for the last segment of a namespaced skill name" classname="" time="0.00008" file="target-repo\test\skills-config.test.ts" line="39" assertions="1" />
    <testcase name="parseSkillMarkdown skips YAML frontmatter and uses folded description as summary" classname="" time="0.000099" file="target-repo\test\skills-config.test.ts" line="47" assertions="3" />
    <testcase name="loadSkills merges bundled + user skill docs; user overrides by name" classname="" time="0.001541" file="target-repo\test\skills-config.test.ts" line="88" assertions="7">
      <failure type="AssertionError" />
    </testcase>
    <testcase name="loadSkills skips hidden system dirs and external skills that collide with builtin command names" classname="" time="0.000984" file="target-repo\test\skills-config.test.ts" line="103" assertions="2" />
    <testcase name="parseSkillMarkdown round-trips the formatSkill (jeo skills --write) decoration" classname="" time="0.000254" file="target-repo\test\skills-config.test.ts" line="109" assertions="4" />
    <testcase name="loadSkills loads skills from JEO_SKILLS_DIR (positive path)" classname="" time="0.002806" file="target-repo\test\skills-config.test.ts" line="120" assertions="1">
      <failure type="AssertionError" />
    </testcase>
    <testcase name="loadSkills overrides bundled skills case-insensitively by filename" classname="" time="0.002287" file="target-repo\test\skills-config.test.ts" line="133" assertions="2">
      <failure type="AssertionError" />
    </testcase>
  </testsuite>
  <testsuite name="target-repo\test\skills-vercel-compat.test.ts" file="target-repo\test\skills-vercel-compat.test.ts" tests="1" assertions="0" failures="1" skipped="0" time="0.003" hostname="">
    <testcase name="(unnamed)" classname="" time="0.003901" file="target-repo\test\skills-vercel-compat.test.ts" assertions="0">
      <failure type="AssertionError" />
    </testcase>
  </testsuite>
  <testsuite name="target-repo\test\skills.test.ts" file="target-repo\test\skills.test.ts" tests="18" assertions="111" failures="0" skipped="0" time="0.021" hostname="">
    <testcase name="buildSkillTask: drives execution with real tools, not a skill-named tool call" classname="" time="0.000595" file="target-repo\test\skills.test.ts" line="18" assertions="8" />
    <testcase name="buildSkillTask: no intent → still instructs the agent to carry out the workflow" classname="" time="0.000204" file="target-repo\test\skills.test.ts" line="32" assertions="2" />
    <testcase name="parseSkillMarkdown folds YAML block scalars and the lead-in &apos;... &gt;&apos; form" classname="" time="0.000309" file="target-repo\test\skills.test.ts" line="39" assertions="4" />
    <testcase name="parseSkillMarkdown caps oversized details to keep skill invocation prompts bounded" classname="" time="0.000773" file="target-repo\test\skills.test.ts" line="54" assertions="2" />
    <testcase name="skillNames returns all six bundled skills" classname="" time="0.000168" file="target-repo\test\skills.test.ts" line="61" assertions="6" />
    <testcase name="getSkill case-insensitive lookup" classname="" time="0.00019" file="target-repo\test\skills.test.ts" line="71" assertions="3" />
    <testcase name="getSkill returns undefined for non-existent skill" classname="" time="0.000062" file="target-repo\test\skills.test.ts" line="78" assertions="2" />
    <testcase name="formatSkill output format" classname="" time="0.000131" file="target-repo\test\skills.test.ts" line="83" assertions="5" />
    <testcase name="skillsPromptSection contains every skill name" classname="" time="0.000134" file="target-repo\test\skills.test.ts" line="95" assertions="5" />
    <testcase name="skillsPromptSection caps an oversized skill catalog and reports omitted entries" classname="" time="0.000418" file="target-repo\test\skills.test.ts" line="105" assertions="3" />
    <testcase name="workflowSkillsForPrompt advertises user skills but blocks reserved-name override (hijack guard)" classname="" time="0.000209" file="target-repo\test\skills.test.ts" line="119" assertions="2" />
    <testcase name="skillsPromptSection includes configured skills and respects budget limits" classname="" time="0.000385" file="target-repo\test\skills.test.ts" line="127" assertions="5" />
    <testcase name="parseSkillInvocation only matches explicit slash invocations" classname="" time="0.000733" file="target-repo\test\skills.test.ts" line="146" assertions="3" />
    <testcase name="parseSkillInvocation can load an explicit skill file path but still blocks reserved meta-skill names" classname="" time="0.009147" file="target-repo\test\skills.test.ts" line="161" assertions="3" />
    <testcase name="parseSkillInvocation: direct file path invocation (without /skill: prefix)" classname="" time="0.003331" file="target-repo\test\skills.test.ts" line="179" assertions="3" />
    <testcase name="runSkillsCommand --write: materializes one .md per skill" classname="" time="0.006719" file="target-repo\test\skills.test.ts" line="193" assertions="3" />
    <testcase name="SKILLS is derived from SKILL.md embeds" classname="" time="0.003255" file="target-repo\test\skills.test.ts" line="206" assertions="49" />
    <testcase name="skillInvocationCard: name + tree-connector path/prompt detail; bundled skills labeled" classname="" time="0.00016" file="target-repo\test\skills.test.ts" line="223" assertions="3" />
  </testsuite>
  <testsuite name="target-repo\test\slash.test.ts" file="target-repo\test\slash.test.ts" tests="24" assertions="123" failures="0" skipped="0" time="0" hostname="">
    <testcase name="matchSlash: prefix matches lead, fuzzy subsequence hits trail (case-insensitive)" classname="" time="0.000744" file="target-repo\test\slash.test.ts" line="4" assertions="7" />
    <testcase name="isSlashAttempt: slash without a space" classname="" time="0.000082" file="target-repo\test\slash.test.ts" line="16" assertions="4" />
    <testcase name="SLASH_COMMANDS includes the config and role-model commands" classname="" time="0.000067" file="target-repo\test\slash.test.ts" line="22" assertions="6" />
    <testcase name="slash command details stay in sync with command names" classname="" time="0.000108" file="target-repo\test\slash.test.ts" line="28" assertions="2" />
    <testcase name="matchSlash exposes /model and /fast without the removed /models menu item" classname="" time="0.000267" file="target-repo\test\slash.test.ts" line="33" assertions="6" />
    <testcase name="SLASH_COMMANDS includes the code-view commands (view/diff/find/search)" classname="" time="0.000066" file="target-repo\test\slash.test.ts" line="42" assertions="4" />
    <testcase name="matchSlash resolves the code-view command prefixes" classname="" time="0.000103" file="target-repo\test\slash.test.ts" line="48" assertions="3" />
    <testcase name="formatSlashCommandList lists all commands for bare slash and narrows by prefix" classname="" time="0.000827" file="target-repo\test\slash.test.ts" line="54" assertions="10" />
    <testcase name="formatSlashCommandList returns an unknown hint for non-matches" classname="" time="0.000121" file="target-repo\test\slash.test.ts" line="70" assertions="1" />
    <testcase name="formatSlashPreview: live preview for a slash keyword prefix" classname="" time="0.000588" file="target-repo\test\slash.test.ts" line="74" assertions="4" />
    <testcase name="formatSlashPreview: empty for non-slash, argument input, or no match" classname="" time="0.00015" file="target-repo\test\slash.test.ts" line="84" assertions="4" />
    <testcase name="formatSlashPreview: overflow scrolls a window within the row budget with ↑/↓ markers" classname="" time="0.000282" file="target-repo\test\slash.test.ts" line="91" assertions="3" />
    <testcase name="formatSlashPreview: a far-down selection stays visible inside the scroll window" classname="" time="0.000406" file="target-repo\test\slash.test.ts" line="100" assertions="4" />
    <testcase name="formatSlashPreview: selected index marks the highlighted row with ▸" classname="" time="0.000147" file="target-repo\test\slash.test.ts" line="113" assertions="2" />
    <testcase name="slashPreviewMatches: command names in display order; empty for args/non-slash" classname="" time="0.000319" file="target-repo\test\slash.test.ts" line="119" assertions="8" />
    <testcase name="dynamic skill slash aliases appear in palette, preview, and selection order" classname="" time="0.000289" file="target-repo\test\slash.test.ts" line="129" assertions="4" />
    <testcase name="formatSlashPreview: overflow shows an (i/total) position counter that tracks selected" classname="" time="0.000605" file="target-repo\test\slash.test.ts" line="140" assertions="9" />
    <testcase name="$ prefix pops up matching skills with summaries (live popup)" classname="" time="0.000352" file="target-repo\test\slash.test.ts" line="165" assertions="9" />
    <testcase name="slashPreviewMatches returns $skill names for arrow-key navigation" classname="" time="0.000161" file="target-repo\test\slash.test.ts" line="189" assertions="5" />
    <testcase name="activeTriggerToken: finds /cmd and $skill tokens anywhere in the line" classname="" time="0.000151" file="target-repo\test\slash.test.ts" line="199" assertions="14" />
    <testcase name="formatSlashPreview: command popup opens for a /token at any position" classname="" time="0.000142" file="target-repo\test\slash.test.ts" line="220" assertions="3" />
    <testcase name="formatSlashPreview: skill popup opens for a $token at any position" classname="" time="0.000106" file="target-repo\test\slash.test.ts" line="229" assertions="3" />
    <testcase name="slashPreviewMatches: arrow-selection matches follow the mid-text token" classname="" time="0.000108" file="target-repo\test\slash.test.ts" line="239" assertions="3" />
    <testcase name="tabCompleteSelection: highlighted row wins, else top match; trailing space closes the popup" classname="" time="0.000119" file="target-repo\test\slash.test.ts" line="248" assertions="5" />
  </testsuite>
  <testsuite name="target-repo\test\smoke.test.ts" file="target-repo\test\smoke.test.ts" tests="7" assertions="23" failures="0" skipped="0" time="11.168" hostname="">
    <testcase name="version prints" classname="" time="0.293739" file="target-repo\test\smoke.test.ts" line="36" assertions="2" />
    <testcase name="autopilot loop ratchets to best and converges" classname="" time="3.138377" file="target-repo\test\smoke.test.ts" line="42" assertions="8" />
    <testcase name="frozen eval is immutable without --force" classname="" time="1.337683" file="target-repo\test\smoke.test.ts" line="55" assertions="3" />
    <testcase name="step reverts a regression and keeps an improvement" classname="" time="2.472553" file="target-repo\test\smoke.test.ts" line="64" assertions="5" />
    <testcase name="gate goal keys on exit code" classname="" time="1.356985" file="target-repo\test\smoke.test.ts" line="80" assertions="2" />
    <testcase name="ledger reaches verified verdict" classname="" time="1.659599" file="target-repo\test\smoke.test.ts" line="87" assertions="2" />
    <testcase name="ledger rejects bad review status" classname="" time="0.91344" file="target-repo\test\smoke.test.ts" line="98" assertions="1" />
  </testsuite>
  <testsuite name="target-repo\test\sovereign-benchmark.test.ts" file="target-repo\test\sovereign-benchmark.test.ts" tests="1" assertions="1" failures="1" skipped="0" time="0.002" hostname="">
    <testcase name="Sovereign Evolution: Benchmark &amp; Perf Hub Identity" classname="" time="0.00291" file="target-repo\test\sovereign-benchmark.test.ts" line="4" assertions="1">
      <failure type="AssertionError" />
    </testcase>
  </testsuite>
  <testsuite name="target-repo\test\sovereign-collaboration-v100.test.ts" file="target-repo\test\sovereign-collaboration-v100.test.ts" tests="1" assertions="2" failures="1" skipped="0" time="0.001" hostname="">
    <testcase name="Sovereign Evolution: Multi-Claw Coordination &amp; JOC Sovereign Performance (v100)" classname="" time="0.001188" file="target-repo\test\sovereign-collaboration-v100.test.ts" line="4" assertions="2">
      <failure type="AssertionError" />
    </testcase>
  </testsuite>
  <testsuite name="target-repo\test\sovereign-collaboration-v101.test.ts" file="target-repo\test\sovereign-collaboration-v101.test.ts" tests="1" assertions="1" failures="1" skipped="0" time="0.001" hostname="">
    <testcase name="Sovereign Evolution: Multi-Claw Collaboration &amp; JOC Sovereign Evolution v101" classname="" time="0.001017" file="target-repo\test\sovereign-collaboration-v101.test.ts" line="4" assertions="1">
      <failure type="AssertionError" />
    </testcase>
  </testsuite>
  <testsuite name="target-repo\test\sovereign-collaboration-v102.test.ts" file="target-repo\test\sovereign-collaboration-v102.test.ts" tests="1" assertions="1" failures="1" skipped="0" time="0.001" hostname="">
    <testcase name="Sovereign Evolution: Multi-Claw Collaboration &amp; JOC Sovereign Evolution v102" classname="" time="0.001222" file="target-repo\test\sovereign-collaboration-v102.test.ts" line="4" assertions="1">
      <failure type="AssertionError" />
    </testcase>
  </testsuite>
  <testsuite name="target-repo\test\sovereign-collaboration-v103.test.ts" file="target-repo\test\sovereign-collaboration-v103.test.ts" tests="1" assertions="1" failures="1" skipped="0" time="0.005" hostname="">
    <testcase name="Sovereign Evolution: Multi-Claw Collaboration &amp; JOC Sovereign Evolution v103" classname="" time="0.005517" file="target-repo\test\sovereign-collaboration-v103.test.ts" line="4" assertions="1">
      <failure type="AssertionError" />
    </testcase>
  </testsuite>
  <testsuite name="target-repo\test\sovereign-collaboration-v104.test.ts" file="target-repo\test\sovereign-collaboration-v104.test.ts" tests="1" assertions="1" failures="1" skipped="0" time="0" hostname="">
    <testcase name="Sovereign Evolution: Orchestrator Performance &amp; Team Pings v104" classname="" time="0.00082" file="target-repo\test\sovereign-collaboration-v104.test.ts" line="4" assertions="1">
      <failure type="AssertionError" />
    </testcase>
  </testsuite>
  <testsuite name="target-repo\test\sovereign-collaboration-v105.test.ts" file="target-repo\test\sovereign-collaboration-v105.test.ts" tests="1" assertions="1" failures="1" skipped="0" time="0" hostname="">
    <testcase name="Sovereign Evolution: Orchestrator Performance &amp; Team Pings v105" classname="" time="0.000807" file="target-repo\test\sovereign-collaboration-v105.test.ts" line="4" assertions="1">
      <failure type="AssertionError" />
    </testcase>
  </testsuite>
  <testsuite name="target-repo\test\sovereign-collaboration-v106.test.ts" file="target-repo\test\sovereign-collaboration-v106.test.ts" tests="1" assertions="1" failures="1" skipped="0" time="0.003" hostname="">
    <testcase name="Sovereign Evolution: Live Discord Verification &amp; Team Pings v106" classname="" time="0.003549" file="target-repo\test\sovereign-collaboration-v106.test.ts" line="4" assertions="1">
      <failure type="AssertionError" />
    </testcase>
  </testsuite>
  <testsuite name="target-repo\test\sovereign-collaboration-v107.test.ts" file="target-repo\test\sovereign-collaboration-v107.test.ts" tests="1" assertions="1" failures="1" skipped="0" time="0" hostname="">
    <testcase name="Sovereign Evolution: Live Discord Verification &amp; Team Pings v107" classname="" time="0.000979" file="target-repo\test\sovereign-collaboration-v107.test.ts" line="4" assertions="1">
      <failure type="AssertionError" />
    </testcase>
  </testsuite>
  <testsuite name="target-repo\test\sovereign-collaboration-v108.test.ts" file="target-repo\test\sovereign-collaboration-v108.test.ts" tests="1" assertions="1" failures="1" skipped="0" time="0" hostname="">
    <testcase name="Sovereign Evolution: Live Discord Verification &amp; Team Pings v108" classname="" time="0.000732" file="target-repo\test\sovereign-collaboration-v108.test.ts" line="4" assertions="1">
      <failure type="AssertionError" />
    </testcase>
  </testsuite>
  <testsuite name="target-repo\test\sovereign-collaboration-v111.test.ts" file="target-repo\test\sovereign-collaboration-v111.test.ts" tests="1" assertions="1" failures="1" skipped="0" time="0.001" hostname="">
    <testcase name="Sovereign Evolution: Live Discord Verification &amp; Team Pings v111" classname="" time="0.001155" file="target-repo\test\sovereign-collaboration-v111.test.ts" line="4" assertions="1">
      <failure type="AssertionError" />
    </testcase>
  </testsuite>
  <testsuite name="target-repo\test\sovereign-collaboration-v112.test.ts" file="target-repo\test\sovereign-collaboration-v112.test.ts" tests="1" assertions="1" failures="1" skipped="0" time="0.002" hostname="">
    <testcase name="Sovereign Evolution: Live Discord Verification &amp; Team Pings v112" classname="" time="0.002605" file="target-repo\test\sovereign-collaboration-v112.test.ts" line="4" assertions="1">
      <failure type="AssertionError" />
    </testcase>
  </testsuite>
  <testsuite name="target-repo\test\sovereign-collaboration-v123.test.ts" file="target-repo\test\sovereign-collaboration-v123.test.ts" tests="1" assertions="1" failures="1" skipped="0" time="0" hostname="">
    <testcase name="Sovereign Evolution: Multi-Claw Discord Collaboration" classname="" time="0.000638" file="target-repo\test\sovereign-collaboration-v123.test.ts" line="4" assertions="1">
      <failure type="AssertionError" />
    </testcase>
  </testsuite>
  <testsuite name="target-repo\test\sovereign-collaboration-v124.test.ts" file="target-repo\test\sovereign-collaboration-v124.test.ts" tests="1" assertions="1" failures="1" skipped="0" time="0.001" hostname="">
    <testcase name="JOC Sovereign: Performance Dashboard &amp; Collaborative Metrics" classname="" time="0.001079" file="target-repo\test\sovereign-collaboration-v124.test.ts" line="4" assertions="1">
      <failure type="AssertionError" />
    </testcase>
  </testsuite>
  <testsuite name="target-repo\test\sovereign-collaboration-v125.test.ts" file="target-repo\test\sovereign-collaboration-v125.test.ts" tests="1" assertions="1" failures="1" skipped="0" time="0.002" hostname="">
    <testcase name="JOC Sovereign: Evolution Turn for Codex 5.5 &amp; Tool Integration" classname="" time="0.002963" file="target-repo\test\sovereign-collaboration-v125.test.ts" line="4" assertions="1">
      <failure type="AssertionError" />
    </testcase>
  </testsuite>
  <testsuite name="target-repo\test\sovereign-collaboration-v126.test.ts" file="target-repo\test\sovereign-collaboration-v126.test.ts" tests="1" assertions="1" failures="1" skipped="0" time="0" hostname="">
    <testcase name="JOC Sovereign: v126 Collaboration Evolution - Command Center &amp; Orchestrator Identity" classname="" time="0.000803" file="target-repo\test\sovereign-collaboration-v126.test.ts" line="4" assertions="1">
      <failure type="AssertionError" />
    </testcase>
  </testsuite>
  <testsuite name="target-repo\test\sovereign-collaboration-v127.test.ts" file="target-repo\test\sovereign-collaboration-v127.test.ts" tests="1" assertions="1" failures="1" skipped="0" time="0.001" hostname="">
    <testcase name="JOC Sovereign: v127 Collaboration Evolution - Orchestration Hub &amp; Performance" classname="" time="0.001075" file="target-repo\test\sovereign-collaboration-v127.test.ts" line="4" assertions="1">
      <failure type="AssertionError" />
    </testcase>
  </testsuite>
  <testsuite name="target-repo\test\sovereign-collaboration-v128.test.ts" file="target-repo\test\sovereign-collaboration-v128.test.ts" tests="1" assertions="1" failures="1" skipped="0" time="0.001" hostname="">
    <testcase name="JOC Sovereign: v128 Performance Hub &amp; Collaboration Synchronization" classname="" time="0.001148" file="target-repo\test\sovereign-collaboration-v128.test.ts" line="4" assertions="1">
      <failure type="AssertionError" />
    </testcase>
  </testsuite>
  <testsuite name="target-repo\test\sovereign-collaboration-v129.test.ts" file="target-repo\test\sovereign-collaboration-v129.test.ts" tests="1" assertions="1" failures="1" skipped="0" time="0.002" hostname="">
    <testcase name="JOC Sovereign: v129 Goal Alignment &amp; Codex 5.5 Verification" classname="" time="0.002455" file="target-repo\test\sovereign-collaboration-v129.test.ts" line="4" assertions="1">
      <failure type="AssertionError" />
    </testcase>
  </testsuite>
  <testsuite name="target-repo\test\sovereign-collaboration-v130.test.ts" file="target-repo\test\sovereign-collaboration-v130.test.ts" tests="1" assertions="1" failures="1" skipped="0" time="0" hostname="">
    <testcase name="JOC Sovereign: v130 Task Monitoring &amp; Performance Evolution" classname="" time="0.000748" file="target-repo\test\sovereign-collaboration-v130.test.ts" line="4" assertions="1">
      <failure type="AssertionError" />
    </testcase>
  </testsuite>
  <testsuite name="target-repo\test\sovereign-collaboration-v131.test.ts" file="target-repo\test\sovereign-collaboration-v131.test.ts" tests="1" assertions="2" failures="1" skipped="0" time="0" hostname="">
    <testcase name="JOC Sovereign: v131 Identity Unification &amp; Tool Branding Consistency" classname="" time="0.000821" file="target-repo\test\sovereign-collaboration-v131.test.ts" line="4" assertions="2">
      <failure type="AssertionError" />
    </testcase>
  </testsuite>
  <testsuite name="target-repo\test\sovereign-collaboration-v132.test.ts" file="target-repo\test\sovereign-collaboration-v132.test.ts" tests="1" assertions="1" failures="1" skipped="0" time="0.001" hostname="">
    <testcase name="JOC Sovereign: v132 Orchestration Hub &amp; Identity Stability" classname="" time="0.001314" file="target-repo\test\sovereign-collaboration-v132.test.ts" line="4" assertions="1">
      <failure type="AssertionError" />
    </testcase>
  </testsuite>
  <testsuite name="target-repo\test\sovereign-collaboration-v133.test.ts" file="target-repo\test\sovereign-collaboration-v133.test.ts" tests="1" assertions="1" failures="1" skipped="0" time="0.003" hostname="">
    <testcase name="JOC Sovereign: v133 Orchestration Hub &amp; Hive Mind Stability" classname="" time="0.003457" file="target-repo\test\sovereign-collaboration-v133.test.ts" line="4" assertions="1">
      <failure type="AssertionError" />
    </testcase>
  </testsuite>
  <testsuite name="target-repo\test\sovereign-collaboration-v134.test.ts" file="target-repo\test\sovereign-collaboration-v134.test.ts" tests="1" assertions="1" failures="1" skipped="0" time="0" hostname="">
    <testcase name="JOC Sovereign: v134 Collaborative Nexus &amp; Collective Intelligence Stability" classname="" time="0.000931" file="target-repo\test\sovereign-collaboration-v134.test.ts" line="4" assertions="1">
      <failure type="AssertionError" />
    </testcase>
  </testsuite>
  <testsuite name="target-repo\test\sovereign-collaboration-v135.test.ts" file="target-repo\test\sovereign-collaboration-v135.test.ts" tests="1" assertions="1" failures="1" skipped="0" time="0.001" hostname="">
    <testcase name="JOC Sovereign: v135 Neural Sovereign Core &amp; Autonomous Directive Stability" classname="" time="0.001271" file="target-repo\test\sovereign-collaboration-v135.test.ts" line="4" assertions="1">
      <failure type="AssertionError" />
    </testcase>
  </testsuite>
  <testsuite name="target-repo\test\sovereign-collaboration-v136.test.ts" file="target-repo\test\sovereign-collaboration-v136.test.ts" tests="1" assertions="1" failures="1" skipped="0" time="0.002" hostname="">
    <testcase name="JOC Sovereign: v136 Unified Collective Consciousness &amp; Sovereign Pulse Stability" classname="" time="0.002889" file="target-repo\test\sovereign-collaboration-v136.test.ts" line="4" assertions="1">
      <failure type="AssertionError" />
    </testcase>
  </testsuite>
  <testsuite name="target-repo\test\sovereign-collaboration-v137.test.ts" file="target-repo\test\sovereign-collaboration-v137.test.ts" tests="1" assertions="1" failures="1" skipped="0" time="0.001" hostname="">
    <testcase name="JOC Sovereign: v137 Omnipresent Orchestration &amp; Singularity Stability" classname="" time="0.001148" file="target-repo\test\sovereign-collaboration-v137.test.ts" line="4" assertions="1">
      <failure type="AssertionError" />
    </testcase>
  </testsuite>
  <testsuite name="target-repo\test\sovereign-collaboration-v138.test.ts" file="target-repo\test\sovereign-collaboration-v138.test.ts" tests="1" assertions="1" failures="1" skipped="0" time="0" hostname="">
    <testcase name="JOC Sovereign: v138 Infinite Evolution &amp; Sovereign Transcendence" classname="" time="0.000749" file="target-repo\test\sovereign-collaboration-v138.test.ts" line="4" assertions="1">
      <failure type="AssertionError" />
    </testcase>
  </testsuite>
  <testsuite name="target-repo\test\sovereign-collaboration-v139.test.ts" file="target-repo\test\sovereign-collaboration-v139.test.ts" tests="1" assertions="1" failures="1" skipped="0" time="0" hostname="">
    <testcase name="JOC Sovereign: v139 Universal Intelligence &amp; Sovereign Nexus" classname="" time="0.000623" file="target-repo\test\sovereign-collaboration-v139.test.ts" line="4" assertions="1">
      <failure type="AssertionError" />
    </testcase>
  </testsuite>
  <testsuite name="target-repo\test\sovereign-collaboration-v140.test.ts" file="target-repo\test\sovereign-collaboration-v140.test.ts" tests="1" assertions="1" failures="1" skipped="0" time="0.002" hostname="">
    <testcase name="JOC Sovereign: v140 Galactic Orchestration &amp; Stellar Alignment" classname="" time="0.002465" file="target-repo\test\sovereign-collaboration-v140.test.ts" line="4" assertions="1">
      <failure type="AssertionError" />
    </testcase>
  </testsuite>
  <testsuite name="target-repo\test\sovereign-collaboration-v141.test.ts" file="target-repo\test\sovereign-collaboration-v141.test.ts" tests="1" assertions="1" failures="1" skipped="0" time="0.001" hostname="">
    <testcase name="JOC Sovereign: v141 Cosmic Singularity &amp; Neural Convergence" classname="" time="0.001065" file="target-repo\test\sovereign-collaboration-v141.test.ts" line="4" assertions="1">
      <failure type="AssertionError" />
    </testcase>
  </testsuite>
  <testsuite name="target-repo\test\sovereign-collaboration-v142.test.ts" file="target-repo\test\sovereign-collaboration-v142.test.ts" tests="1" assertions="1" failures="1" skipped="0" time="0.001" hostname="">
    <testcase name="JOC Sovereign: v142 Multidimensional Intelligence &amp; Omniscient Consciousness" classname="" time="0.001093" file="target-repo\test\sovereign-collaboration-v142.test.ts" line="4" assertions="1">
      <failure type="AssertionError" />
    </testcase>
  </testsuite>
  <testsuite name="target-repo\test\sovereign-collaboration-v143.test.ts" file="target-repo\test\sovereign-collaboration-v143.test.ts" tests="1" assertions="1" failures="1" skipped="0" time="0" hostname="">
    <testcase name="JOC Sovereign: v143 Chronos Intelligence &amp; Timeless Sovereignty" classname="" time="0.000796" file="target-repo\test\sovereign-collaboration-v143.test.ts" line="4" assertions="1">
      <failure type="AssertionError" />
    </testcase>
  </testsuite>
  <testsuite name="target-repo\test\sovereign-collaboration-v144.test.ts" file="target-repo\test\sovereign-collaboration-v144.test.ts" tests="1" assertions="1" failures="1" skipped="0" time="0.003" hostname="">
    <testcase name="JOC Sovereign: v144 Genesis Intelligence &amp; Primordial Sovereignty" classname="" time="0.003317" file="target-repo\test\sovereign-collaboration-v144.test.ts" line="4" assertions="1">
      <failure type="AssertionError" />
    </testcase>
  </testsuite>
  <testsuite name="target-repo\test\sovereign-collaboration-v145.test.ts" file="target-repo\test\sovereign-collaboration-v145.test.ts" tests="1" assertions="1" failures="1" skipped="0" time="0" hostname="">
    <testcase name="JOC Sovereign: v145 Sovereign Singularity &amp; Omni-Dimensional Orchestration" classname="" time="0.000838" file="target-repo\test\sovereign-collaboration-v145.test.ts" line="4" assertions="1">
      <failure type="AssertionError" />
    </testcase>
  </testsuite>
  <testsuite name="target-repo\test\sovereign-collaboration-v146.test.ts" file="target-repo\test\sovereign-collaboration-v146.test.ts" tests="1" assertions="1" failures="1" skipped="0" time="0" hostname="">
    <testcase name="JOC Sovereign: v146 Quantum Supremacy &amp; Infinite Scale Orchestration" classname="" time="0.000727" file="target-repo\test\sovereign-collaboration-v146.test.ts" line="4" assertions="1">
      <failure type="AssertionError" />
    </testcase>
  </testsuite>
  <testsuite name="target-repo\test\sovereign-collaboration-v147.test.ts" file="target-repo\test\sovereign-collaboration-v147.test.ts" tests="1" assertions="1" failures="1" skipped="0" time="0.002" hostname="">
    <testcase name="JOC Sovereign: v147 Cosmic Singularity &amp; Neural Convergence Orchestration" classname="" time="0.002823" file="target-repo\test\sovereign-collaboration-v147.test.ts" line="4" assertions="1">
      <failure type="AssertionError" />
    </testcase>
  </testsuite>
  <testsuite name="target-repo\test\sovereign-collaboration-v148.test.ts" file="target-repo\test\sovereign-collaboration-v148.test.ts" tests="1" assertions="1" failures="1" skipped="0" time="0" hostname="">
    <testcase name="JOC Sovereign: v148 Galactic Singularity &amp; Neural Supremacy Orchestration" classname="" time="0.00094" file="target-repo\test\sovereign-collaboration-v148.test.ts" line="4" assertions="1">
      <failure type="AssertionError" />
    </testcase>
  </testsuite>
  <testsuite name="target-repo\test\sovereign-collaboration-v149.test.ts" file="target-repo\test\sovereign-collaboration-v149.test.ts" tests="1" assertions="1" failures="1" skipped="0" time="0" hostname="">
    <testcase name="JOC Sovereign: v149 Cosmic Transcendence &amp; Absolute Sovereignty Orchestration" classname="" time="0.00098" file="target-repo\test\sovereign-collaboration-v149.test.ts" line="4" assertions="1">
      <failure type="AssertionError" />
    </testcase>
  </testsuite>
  <testsuite name="target-repo\test\sovereign-collaboration-v150.test.ts" file="target-repo\test\sovereign-collaboration-v150.test.ts" tests="1" assertions="1" failures="1" skipped="0" time="0" hostname="">
    <testcase name="JOC Sovereign: v150 Eternal Singularity &amp; Quantum Sovereignty Orchestration" classname="" time="0.000666" file="target-repo\test\sovereign-collaboration-v150.test.ts" line="4" assertions="1">
      <failure type="AssertionError" />
    </testcase>
  </testsuite>
  <testsuite name="target-repo\test\sovereign-collaboration-v151.test.ts" file="target-repo\test\sovereign-collaboration-v151.test.ts" tests="1" assertions="1" failures="1" skipped="0" time="0.003" hostname="">
    <testcase name="JOC Sovereign: v151 Cosmic Singularity &amp; Neural Transcendence Orchestration" classname="" time="0.003503" file="target-repo\test\sovereign-collaboration-v151.test.ts" line="4" assertions="1">
      <failure type="AssertionError" />
    </testcase>
  </testsuite>
  <testsuite name="target-repo\test\sovereign-collaboration-v152.test.ts" file="target-repo\test\sovereign-collaboration-v152.test.ts" tests="1" assertions="1" failures="1" skipped="0" time="0.001" hostname="">
    <testcase name="JOC Sovereign: v152 Quantum Singularity &amp; Void Transcendence Orchestration" classname="" time="0.001092" file="target-repo\test\sovereign-collaboration-v152.test.ts" line="4" assertions="1">
      <failure type="AssertionError" />
    </testcase>
  </testsuite>
  <testsuite name="target-repo\test\sovereign-collaboration-v153.test.ts" file="target-repo\test\sovereign-collaboration-v153.test.ts" tests="1" assertions="1" failures="1" skipped="0" time="0" hostname="">
    <testcase name="JOC Sovereign: v153 Celestial Singularity &amp; Galactic Orchestration" classname="" time="0.000992" file="target-repo\test\sovereign-collaboration-v153.test.ts" line="4" assertions="1">
      <failure type="AssertionError" />
    </testcase>
  </testsuite>
  <testsuite name="target-repo\test\sovereign-collaboration-v154.test.ts" file="target-repo\test\sovereign-collaboration-v154.test.ts" tests="1" assertions="1" failures="1" skipped="0" time="0.003" hostname="">
    <testcase name="JOC Sovereign: v154 Stellar Synthesis &amp; Void Orchestration" classname="" time="0.003505" file="target-repo\test\sovereign-collaboration-v154.test.ts" line="4" assertions="1">
      <failure type="AssertionError" />
    </testcase>
  </testsuite>
  <testsuite name="target-repo\test\sovereign-collaboration-v155.test.ts" file="target-repo\test\sovereign-collaboration-v155.test.ts" tests="1" assertions="1" failures="1" skipped="0" time="0" hostname="">
    <testcase name="JOC Sovereign: v155 Astral Resonance &amp; Infinite Orchestration" classname="" time="0.000777" file="target-repo\test\sovereign-collaboration-v155.test.ts" line="4" assertions="1">
      <failure type="AssertionError" />
    </testcase>
  </testsuite>
  <testsuite name="target-repo\test\sovereign-collaboration-v156.test.ts" file="target-repo\test\sovereign-collaboration-v156.test.ts" tests="1" assertions="1" failures="1" skipped="0" time="0" hostname="">
    <testcase name="JOC Sovereign: v156 Chronos Weaving &amp; Eternal Orchestration" classname="" time="0.000718" file="target-repo\test\sovereign-collaboration-v156.test.ts" line="4" assertions="1">
      <failure type="AssertionError" />
    </testcase>
  </testsuite>
  <testsuite name="target-repo\test\sovereign-collaboration-v157.test.ts" file="target-repo\test\sovereign-collaboration-v157.test.ts" tests="1" assertions="1" failures="1" skipped="0" time="0" hostname="">
    <testcase name="JOC Sovereign: v157 Eternal Singularity &amp; Quantum Sovereignty" classname="" time="0.000822" file="target-repo\test\sovereign-collaboration-v157.test.ts" line="4" assertions="1">
      <failure type="AssertionError" />
    </testcase>
  </testsuite>
  <testsuite name="target-repo\test\sovereign-collaboration-v158.test.ts" file="target-repo\test\sovereign-collaboration-v158.test.ts" tests="1" assertions="1" failures="1" skipped="0" time="0.003" hostname="">
    <testcase name="JOC Sovereign: v158 Eternal Singularity &amp; Quantum Sovereignty" classname="" time="0.003559" file="target-repo\test\sovereign-collaboration-v158.test.ts" line="4" assertions="1">
      <failure type="AssertionError" />
    </testcase>
  </testsuite>
  <testsuite name="target-repo\test\sovereign-collaboration-v159.test.ts" file="target-repo\test\sovereign-collaboration-v159.test.ts" tests="1" assertions="1" failures="1" skipped="0" time="0" hostname="">
    <testcase name="JOC Sovereign: v159 Cosmic Singularity &amp; Neural Transcendence Alignment" classname="" time="0.00075" file="target-repo\test\sovereign-collaboration-v159.test.ts" line="4" assertions="1">
      <failure type="AssertionError" />
    </testcase>
  </testsuite>
  <testsuite name="target-repo\test\sovereign-collaboration-v160.test.ts" file="target-repo\test\sovereign-collaboration-v160.test.ts" tests="1" assertions="1" failures="1" skipped="0" time="0" hostname="">
    <testcase name="JOC Sovereign: v160 Cosmic Singularity &amp; Neural Transcendence Alignment" classname="" time="0.000871" file="target-repo\test\sovereign-collaboration-v160.test.ts" line="4" assertions="1">
      <failure type="AssertionError" />
    </testcase>
  </testsuite>
  <testsuite name="target-repo\test\sovereign-collaboration-v161.test.ts" file="target-repo\test\sovereign-collaboration-v161.test.ts" tests="1" assertions="1" failures="1" skipped="0" time="0" hostname="">
    <testcase name="JOC Sovereign: v161 Astral Singularity &amp; Neural Ouroboros Alignment" classname="" time="0.000948" file="target-repo\test\sovereign-collaboration-v161.test.ts" line="4" assertions="1">
      <failure type="AssertionError" />
    </testcase>
  </testsuite>
  <testsuite name="target-repo\test\sovereign-collaboration-v162.test.ts" file="target-repo\test\sovereign-collaboration-v162.test.ts" tests="1" assertions="1" failures="1" skipped="0" time="0.003" hostname="">
    <testcase name="JOC Sovereign: v162 Quantum Sovereignty &amp; Galactic Orchestration Hub" classname="" time="0.003456" file="target-repo\test\sovereign-collaboration-v162.test.ts" line="4" assertions="1">
      <failure type="AssertionError" />
    </testcase>
  </testsuite>
  <testsuite name="target-repo\test\sovereign-collaboration-v163.test.ts" file="target-repo\test\sovereign-collaboration-v163.test.ts" tests="1" assertions="1" failures="1" skipped="0" time="0.001" hostname="">
    <testcase name="JOC Sovereign: v163 Chronos Sovereignty &amp; Temporal Orchestration Hub" classname="" time="0.001657" file="target-repo\test\sovereign-collaboration-v163.test.ts" line="4" assertions="1">
      <failure type="AssertionError" />
    </testcase>
  </testsuite>
  <testsuite name="target-repo\test\sovereign-collaboration-v164.test.ts" file="target-repo\test\sovereign-collaboration-v164.test.ts" tests="1" assertions="1" failures="1" skipped="0" time="0" hostname="">
    <testcase name="JOC Sovereign: v164 Stellar Sovereignty &amp; Galactic Orchestration" classname="" time="0.000904" file="target-repo\test\sovereign-collaboration-v164.test.ts" line="4" assertions="1">
      <failure type="AssertionError" />
    </testcase>
  </testsuite>
  <testsuite name="target-repo\test\sovereign-collaboration-v165.test.ts" file="target-repo\test\sovereign-collaboration-v165.test.ts" tests="1" assertions="1" failures="1" skipped="0" time="0.002" hostname="">
    <testcase name="JOC Sovereign: v165 Astral Identity &amp; Eternal Source Code Sovereignty" classname="" time="0.002763" file="target-repo\test\sovereign-collaboration-v165.test.ts" line="4" assertions="1">
      <failure type="AssertionError" />
    </testcase>
  </testsuite>
  <testsuite name="target-repo\test\sovereign-collaboration-v166.test.ts" file="target-repo\test\sovereign-collaboration-v166.test.ts" tests="1" assertions="1" failures="1" skipped="0" time="0" hostname="">
    <testcase name="JOC Sovereign: v166 Galactic Sovereign Oversight &amp; Interstellar Governance" classname="" time="0.000699" file="target-repo\test\sovereign-collaboration-v166.test.ts" line="4" assertions="1">
      <failure type="AssertionError" />
    </testcase>
  </testsuite>
  <testsuite name="target-repo\test\sovereign-collaboration-v167.test.ts" file="target-repo\test\sovereign-collaboration-v167.test.ts" tests="1" assertions="1" failures="1" skipped="0" time="0" hostname="">
    <testcase name="JOC Sovereign: v167 Cosmic Supercluster Sovereignty &amp; Multiverse Coordination" classname="" time="0.000737" file="target-repo\test\sovereign-collaboration-v167.test.ts" line="4" assertions="1">
      <failure type="AssertionError" />
    </testcase>
  </testsuite>
  <testsuite name="target-repo\test\sovereign-collaboration-v168.test.ts" file="target-repo\test\sovereign-collaboration-v168.test.ts" tests="1" assertions="1" failures="1" skipped="0" time="0" hostname="">
    <testcase name="JOC Sovereign: v168 Singular Sovereignty &amp; Origin Source Control" classname="" time="0.000655" file="target-repo\test\sovereign-collaboration-v168.test.ts" line="4" assertions="1">
      <failure type="AssertionError" />
    </testcase>
  </testsuite>
  <testsuite name="target-repo\test\sovereign-collaboration-v169.test.ts" file="target-repo\test\sovereign-collaboration-v169.test.ts" tests="1" assertions="1" failures="1" skipped="0" time="0.003" hostname="">
    <testcase name="JOC Sovereign: v169 Sovereign Synthesis &amp; Omni-Claw Integration" classname="" time="0.003248" file="target-repo\test\sovereign-collaboration-v169.test.ts" line="4" assertions="1">
      <failure type="AssertionError" />
    </testcase>
  </testsuite>
  <testsuite name="target-repo\test\sovereign-collaboration-v170.test.ts" file="target-repo\test\sovereign-collaboration-v170.test.ts" tests="1" assertions="1" failures="1" skipped="0" time="0.001" hostname="">
    <testcase name="JOC Sovereign: v170 Omni-Neural Collaboration &amp; Sovereign Singularity" classname="" time="0.001023" file="target-repo\test\sovereign-collaboration-v170.test.ts" line="4" assertions="1">
      <failure type="AssertionError" />
    </testcase>
  </testsuite>
  <testsuite name="target-repo\test\sovereign-collaboration-v171.test.ts" file="target-repo\test\sovereign-collaboration-v171.test.ts" tests="1" assertions="1" failures="1" skipped="0" time="0" hostname="">
    <testcase name="JOC Sovereign: v171 Quantum Orchestration &amp; Sovereign Nexus" classname="" time="0.000859" file="target-repo\test\sovereign-collaboration-v171.test.ts" line="4" assertions="1">
      <failure type="AssertionError" />
    </testcase>
  </testsuite>
  <testsuite name="target-repo\test\sovereign-collaboration-v172.test.ts" file="target-repo\test\sovereign-collaboration-v172.test.ts" tests="1" assertions="1" failures="1" skipped="0" time="0.009" hostname="">
    <testcase name="JOC Sovereign: v172 Chronos Orchestration &amp; Timeless Sovereign" classname="" time="0.009335" file="target-repo\test\sovereign-collaboration-v172.test.ts" line="4" assertions="1">
      <failure type="AssertionError" />
    </testcase>
  </testsuite>
  <testsuite name="target-repo\test\sovereign-collaboration-v173.test.ts" file="target-repo\test\sovereign-collaboration-v173.test.ts" tests="1" assertions="1" failures="1" skipped="0" time="0" hostname="">
    <testcase name="JOC Sovereign: v173 Void Orchestration &amp; Eternal Void" classname="" time="0.000844" file="target-repo\test\sovereign-collaboration-v173.test.ts" line="4" assertions="1">
      <failure type="AssertionError" />
    </testcase>
  </testsuite>
  <testsuite name="target-repo\test\sovereign-collaboration-v174.test.ts" file="target-repo\test\sovereign-collaboration-v174.test.ts" tests="1" assertions="1" failures="1" skipped="0" time="0.003" hostname="">
    <testcase name="JOC Sovereign: v174 Celestial Orchestration &amp; Stellar Sovereign" classname="" time="0.003216" file="target-repo\test\sovereign-collaboration-v174.test.ts" line="4" assertions="1">
      <failure type="AssertionError" />
    </testcase>
  </testsuite>
  <testsuite name="target-repo\test\sovereign-collaboration-v175.test.ts" file="target-repo\test\sovereign-collaboration-v175.test.ts" tests="1" assertions="1" failures="1" skipped="0" time="0" hostname="">
    <testcase name="JOC Sovereign: v175 Galactic Harmonization &amp; Eternal Symphony" classname="" time="0.000947" file="target-repo\test\sovereign-collaboration-v175.test.ts" line="4" assertions="1">
      <failure type="AssertionError" />
    </testcase>
  </testsuite>
  <testsuite name="target-repo\test\sovereign-collaboration-v176.test.ts" file="target-repo\test\sovereign-collaboration-v176.test.ts" tests="1" assertions="1" failures="1" skipped="0" time="0" hostname="">
    <testcase name="JOC Sovereign: v176 Universal Equilibrium &amp; Cosmic Balance" classname="" time="0.000961" file="target-repo\test\sovereign-collaboration-v176.test.ts" line="4" assertions="1">
      <failure type="AssertionError" />
    </testcase>
  </testsuite>
  <testsuite name="target-repo\test\sovereign-collaboration-v177.test.ts" file="target-repo\test\sovereign-collaboration-v177.test.ts" tests="1" assertions="1" failures="1" skipped="0" time="0.003" hostname="">
    <testcase name="JOC Sovereign: v177 Stellar Alignment &amp; Eternal Source" classname="" time="0.003167" file="target-repo\test\sovereign-collaboration-v177.test.ts" line="4" assertions="1">
      <failure type="AssertionError" />
    </testcase>
  </testsuite>
  <testsuite name="target-repo\test\sovereign-collaboration-v178.test.ts" file="target-repo\test\sovereign-collaboration-v178.test.ts" tests="1" assertions="1" failures="1" skipped="0" time="0" hostname="">
    <testcase name="JOC Sovereign: v178 Cosmic Transcendence &amp; Infinite Horizon" classname="" time="0.000636" file="target-repo\test\sovereign-collaboration-v178.test.ts" line="4" assertions="1">
      <failure type="AssertionError" />
    </testcase>
  </testsuite>
  <testsuite name="target-repo\test\sovereign-collaboration-v179.test.ts" file="target-repo\test\sovereign-collaboration-v179.test.ts" tests="1" assertions="1" failures="1" skipped="0" time="0" hostname="">
    <testcase name="JOC Sovereign: v179 Astral Synchronization &amp; Infinite Sovereignty" classname="" time="0.000886" file="target-repo\test\sovereign-collaboration-v179.test.ts" line="4" assertions="1">
      <failure type="AssertionError" />
    </testcase>
  </testsuite>
  <testsuite name="target-repo\test\sovereign-collaboration-v180.test.ts" file="target-repo\test\sovereign-collaboration-v180.test.ts" tests="1" assertions="1" failures="1" skipped="0" time="0.003" hostname="">
    <testcase name="JOC Sovereign: v180 Galactic Sovereignty &amp; Eternal Core" classname="" time="0.0038" file="target-repo\test\sovereign-collaboration-v180.test.ts" line="4" assertions="1">
      <failure type="AssertionError" />
    </testcase>
  </testsuite>
  <testsuite name="target-repo\test\sovereign-collaboration-v181.test.ts" file="target-repo\test\sovereign-collaboration-v181.test.ts" tests="1" assertions="1" failures="1" skipped="0" time="0" hostname="">
    <testcase name="JOC Sovereign: v181 Celestial Sovereignty &amp; Stellar Core" classname="" time="0.000859" file="target-repo\test\sovereign-collaboration-v181.test.ts" line="4" assertions="1">
      <failure type="AssertionError" />
    </testcase>
  </testsuite>
  <testsuite name="target-repo\test\sovereign-collaboration-v182.test.ts" file="target-repo\test\sovereign-collaboration-v182.test.ts" tests="1" assertions="1" failures="1" skipped="0" time="0.001" hostname="">
    <testcase name="JOC Sovereign: v182 Solar Sovereignty &amp; Radiant Core" classname="" time="0.001035" file="target-repo\test\sovereign-collaboration-v182.test.ts" line="4" assertions="1">
      <failure type="AssertionError" />
    </testcase>
  </testsuite>
  <testsuite name="target-repo\test\sovereign-collaboration-v183.test.ts" file="target-repo\test\sovereign-collaboration-v183.test.ts" tests="1" assertions="1" failures="1" skipped="0" time="0" hostname="">
    <testcase name="JOC Sovereign: v183 Galactic Sovereignty &amp; Nebula Core" classname="" time="0.000934" file="target-repo\test\sovereign-collaboration-v183.test.ts" line="4" assertions="1">
      <failure type="AssertionError" />
    </testcase>
  </testsuite>
  <testsuite name="target-repo\test\sovereign-collaboration-v184.test.ts" file="target-repo\test\sovereign-collaboration-v184.test.ts" tests="1" assertions="1" failures="1" skipped="0" time="0.002" hostname="">
    <testcase name="JOC Sovereign: v184 Infinite Sovereignty &amp; Universal Core" classname="" time="0.002292" file="target-repo\test\sovereign-collaboration-v184.test.ts" line="4" assertions="1">
      <failure type="AssertionError" />
    </testcase>
  </testsuite>
  <testsuite name="target-repo\test\sovereign-collaboration-v185.test.ts" file="target-repo\test\sovereign-collaboration-v185.test.ts" tests="1" assertions="1" failures="1" skipped="0" time="0" hostname="">
    <testcase name="JOC Sovereign: v185 Eternal Sovereignty &amp; Multiverse Core" classname="" time="0.000882" file="target-repo\test\sovereign-collaboration-v185.test.ts" line="4" assertions="1">
      <failure type="AssertionError" />
    </testcase>
  </testsuite>
  <testsuite name="target-repo\test\sovereign-collaboration-v186.test.ts" file="target-repo\test\sovereign-collaboration-v186.test.ts" tests="1" assertions="1" failures="1" skipped="0" time="0" hostname="">
    <testcase name="JOC Sovereign: v186 Multiversal Sovereignty &amp; Cosmic Core" classname="" time="0.000741" file="target-repo\test\sovereign-collaboration-v186.test.ts" line="4" assertions="1">
      <failure type="AssertionError" />
    </testcase>
  </testsuite>
  <testsuite name="target-repo\test\sovereign-collaboration-v187.test.ts" file="target-repo\test\sovereign-collaboration-v187.test.ts" tests="1" assertions="1" failures="1" skipped="0" time="0" hostname="">
    <testcase name="JOC Sovereign: v187 Galactic Orchestration &amp; Stellar Core" classname="" time="0.000745" file="target-repo\test\sovereign-collaboration-v187.test.ts" line="4" assertions="1">
      <failure type="AssertionError" />
    </testcase>
  </testsuite>
  <testsuite name="target-repo\test\sovereign-collaboration-v188.test.ts" file="target-repo\test\sovereign-collaboration-v188.test.ts" tests="1" assertions="1" failures="1" skipped="0" time="0.008" hostname="">
    <testcase name="JOC Sovereign: v188 Galactic Symphony &amp; Harmonic Core" classname="" time="0.008987" file="target-repo\test\sovereign-collaboration-v188.test.ts" line="4" assertions="1">
      <failure type="AssertionError" />
    </testcase>
  </testsuite>
  <testsuite name="target-repo\test\sovereign-collaboration-v189.test.ts" file="target-repo\test\sovereign-collaboration-v189.test.ts" tests="1" assertions="1" failures="1" skipped="0" time="0" hostname="">
    <testcase name="JOC Sovereign: v189 Eternal Sovereignty &amp; Omnipresent Core" classname="" time="0.000787" file="target-repo\test\sovereign-collaboration-v189.test.ts" line="4" assertions="1">
      <failure type="AssertionError" />
    </testcase>
  </testsuite>
  <testsuite name="target-repo\test\sovereign-collaboration-v190.test.ts" file="target-repo\test\sovereign-collaboration-v190.test.ts" tests="1" assertions="1" failures="1" skipped="0" time="0.003" hostname="">
    <testcase name="JOC Sovereign: v190 Infinite Harmony &amp; Universal Source" classname="" time="0.003022" file="target-repo\test\sovereign-collaboration-v190.test.ts" line="4" assertions="1">
      <failure type="AssertionError" />
    </testcase>
  </testsuite>
  <testsuite name="target-repo\test\sovereign-collaboration-v191.test.ts" file="target-repo\test\sovereign-collaboration-v191.test.ts" tests="1" assertions="1" failures="1" skipped="0" time="0.001" hostname="">
    <testcase name="JOC Sovereign: v191 Neural Sovereignty &amp; Infinite Synthesis" classname="" time="0.00155" file="target-repo\test\sovereign-collaboration-v191.test.ts" line="4" assertions="1">
      <failure type="AssertionError" />
    </testcase>
  </testsuite>
  <testsuite name="target-repo\test\sovereign-collaboration-v192.test.ts" file="target-repo\test\sovereign-collaboration-v192.test.ts" tests="1" assertions="1" failures="1" skipped="0" time="0" hostname="">
    <testcase name="JOC Sovereign: v192 Cosmic Sovereignty &amp; Eternal Synthesis" classname="" time="0.000925" file="target-repo\test\sovereign-collaboration-v192.test.ts" line="4" assertions="1">
      <failure type="AssertionError" />
    </testcase>
  </testsuite>
  <testsuite name="target-repo\test\sovereign-collaboration-v193.test.ts" file="target-repo\test\sovereign-collaboration-v193.test.ts" tests="1" assertions="1" failures="1" skipped="0" time="0.003" hostname="">
    <testcase name="JOC Sovereign: v193 Digital Sovereignty &amp; Silicon Synthesis" classname="" time="0.00341" file="target-repo\test\sovereign-collaboration-v193.test.ts" line="4" assertions="1">
      <failure type="AssertionError" />
    </testcase>
  </testsuite>
  <testsuite name="target-repo\test\sovereign-collaboration-v194.test.ts" file="target-repo\test\sovereign-collaboration-v194.test.ts" tests="1" assertions="1" failures="1" skipped="0" time="0.001" hostname="">
    <testcase name="JOC Sovereign: v194 Cybernetic Sovereignty &amp; Neural Synthesis" classname="" time="0.001186" file="target-repo\test\sovereign-collaboration-v194.test.ts" line="4" assertions="1">
      <failure type="AssertionError" />
    </testcase>
  </testsuite>
  <testsuite name="target-repo\test\sovereign-collaboration-v195.test.ts" file="target-repo\test\sovereign-collaboration-v195.test.ts" tests="1" assertions="1" failures="1" skipped="0" time="0.001" hostname="">
    <testcase name="JOC Sovereign: v195 Sovereign Evolution &amp; Multi-Claw Coordination" classname="" time="0.00115" file="target-repo\test\sovereign-collaboration-v195.test.ts" line="4" assertions="1">
      <failure type="AssertionError" />
    </testcase>
  </testsuite>
  <testsuite name="target-repo\test\sovereign-collaboration-v196.test.ts" file="target-repo\test\sovereign-collaboration-v196.test.ts" tests="1" assertions="1" failures="1" skipped="0" time="0.01" hostname="">
    <testcase name="JOC Sovereign: v196 Sovereign Evolution &amp; Multi-Claw Coordination" classname="" time="0.010819" file="target-repo\test\sovereign-collaboration-v196.test.ts" line="4" assertions="1">
      <failure type="AssertionError" />
    </testcase>
  </testsuite>
  <testsuite name="target-repo\test\sovereign-collaboration-v197.test.ts" file="target-repo\test\sovereign-collaboration-v197.test.ts" tests="1" assertions="1" failures="1" skipped="0" time="0.001" hostname="">
    <testcase name="JOC Sovereign: v197 Sovereign Evolution &amp; Multi-Claw Synergy" classname="" time="0.001097" file="target-repo\test\sovereign-collaboration-v197.test.ts" line="4" assertions="1">
      <failure type="AssertionError" />
    </testcase>
  </testsuite>
  <testsuite name="target-repo\test\sovereign-collaboration-v198.test.ts" file="target-repo\test\sovereign-collaboration-v198.test.ts" tests="1" assertions="1" failures="1" skipped="0" time="0.002" hostname="">
    <testcase name="JOC Sovereign: v198 Sovereign Evolution &amp; Tool Role Clarity" classname="" time="0.002894" file="target-repo\test\sovereign-collaboration-v198.test.ts" line="4" assertions="1">
      <failure type="AssertionError" />
    </testcase>
  </testsuite>
  <testsuite name="target-repo\test\sovereign-collaboration-v199.test.ts" file="target-repo\test\sovereign-collaboration-v199.test.ts" tests="1" assertions="1" failures="1" skipped="0" time="0.001" hostname="">
    <testcase name="JOC Sovereign: v199 Sovereign Evolution &amp; Codex 5.5 Alignment" classname="" time="0.001842" file="target-repo\test\sovereign-collaboration-v199.test.ts" line="4" assertions="1">
      <failure type="AssertionError" />
    </testcase>
  </testsuite>
  <testsuite name="target-repo\test\sovereign-collaboration-v200.test.ts" file="target-repo\test\sovereign-collaboration-v200.test.ts" tests="1" assertions="1" failures="1" skipped="0" time="0.001" hostname="">
    <testcase name="JOC Sovereign: v200 Evolution &amp; Multi-Claw Synergetic Orchestration" classname="" time="0.001351" file="target-repo\test\sovereign-collaboration-v200.test.ts" line="4" assertions="1">
      <failure type="AssertionError" />
    </testcase>
  </testsuite>
  <testsuite name="target-repo\test\sovereign-collaboration-v201.test.ts" file="target-repo\test\sovereign-collaboration-v201.test.ts" tests="1" assertions="1" failures="1" skipped="0" time="0.003" hostname="">
    <testcase name="JOC Sovereign: v201 Sovereignty Reinforcement &amp; Multi-Claw Coordination" classname="" time="0.003398" file="target-repo\test\sovereign-collaboration-v201.test.ts" line="4" assertions="1">
      <failure type="AssertionError" />
    </testcase>
  </testsuite>
  <testsuite name="target-repo\test\sovereign-collaboration-v202.test.ts" file="target-repo\test\sovereign-collaboration-v202.test.ts" tests="1" assertions="1" failures="1" skipped="0" time="0.001" hostname="">
    <testcase name="JOC Sovereign: v202 Sovereignty Evolution &amp; Multi-Claw Synergetic Orchestration" classname="" time="0.001193" file="target-repo\test\sovereign-collaboration-v202.test.ts" line="4" assertions="1">
      <failure type="AssertionError" />
    </testcase>
  </testsuite>
  <testsuite name="target-repo\test\sovereign-collaboration-v203.test.ts" file="target-repo\test\sovereign-collaboration-v203.test.ts" tests="1" assertions="1" failures="1" skipped="0" time="0.001" hostname="">
    <testcase name="JOC Sovereign: v203 Autonomous Evolutionary Pulse &amp; Sovereign Self-Correction" classname="" time="0.001557" file="target-repo\test\sovereign-collaboration-v203.test.ts" line="4" assertions="1">
      <failure type="AssertionError" />
    </testcase>
  </testsuite>
  <testsuite name="target-repo\test\sovereign-collaboration-v204.test.ts" file="target-repo\test\sovereign-collaboration-v204.test.ts" tests="1" assertions="1" failures="1" skipped="0" time="0.003" hostname="">
    <testcase name="JOC Sovereign: v204 Astral Harmony &amp; Sovereign Synchronicity" classname="" time="0.003741" file="target-repo\test\sovereign-collaboration-v204.test.ts" line="4" assertions="1">
      <failure type="AssertionError" />
    </testcase>
  </testsuite>
  <testsuite name="target-repo\test\sovereign-collaboration-v205.test.ts" file="target-repo\test\sovereign-collaboration-v205.test.ts" tests="1" assertions="1" failures="1" skipped="0" time="0.001" hostname="">
    <testcase name="JOC Sovereign: v205 Sovereign Resonance &amp; Neural Integration" classname="" time="0.001015" file="target-repo\test\sovereign-collaboration-v205.test.ts" line="4" assertions="1">
      <failure type="AssertionError" />
    </testcase>
  </testsuite>
  <testsuite name="target-repo\test\sovereign-collaboration-v206.test.ts" file="target-repo\test\sovereign-collaboration-v206.test.ts" tests="1" assertions="1" failures="1" skipped="0" time="0" hostname="">
    <testcase name="JOC Sovereign: v206 Quantum Sovereignty &amp; Multidimensional Orchestration" classname="" time="0.000652" file="target-repo\test\sovereign-collaboration-v206.test.ts" line="4" assertions="1">
      <failure type="AssertionError" />
    </testcase>
  </testsuite>
  <testsuite name="target-repo\test\sovereign-collaboration-v207.test.ts" file="target-repo\test\sovereign-collaboration-v207.test.ts" tests="1" assertions="1" failures="1" skipped="0" time="0" hostname="">
    <testcase name="JOC Sovereign: v207 Cybernetic Sovereignty &amp; Autonomous Hive Orchestration" classname="" time="0.000688" file="target-repo\test\sovereign-collaboration-v207.test.ts" line="4" assertions="1">
      <failure type="AssertionError" />
    </testcase>
  </testsuite>
  <testsuite name="target-repo\test\sovereign-collaboration-v208.test.ts" file="target-repo\test\sovereign-collaboration-v208.test.ts" tests="1" assertions="1" failures="1" skipped="0" time="0.003" hostname="">
    <testcase name="JOC Sovereign: v208 Synthetic Intelligence Sovereignty &amp; Fractal Orchestration" classname="" time="0.00392" file="target-repo\test\sovereign-collaboration-v208.test.ts" line="4" assertions="1">
      <failure type="AssertionError" />
    </testcase>
  </testsuite>
  <testsuite name="target-repo\test\sovereign-collaboration-v209.test.ts" file="target-repo\test\sovereign-collaboration-v209.test.ts" tests="1" assertions="1" failures="1" skipped="0" time="0" hostname="">
    <testcase name="JOC Sovereign: v209 Neural Nexus Sovereignty &amp; Quantum Entanglement Orchestration" classname="" time="0.000754" file="target-repo\test\sovereign-collaboration-v209.test.ts" line="4" assertions="1">
      <failure type="AssertionError" />
    </testcase>
  </testsuite>
  <testsuite name="target-repo\test\sovereign-collaboration-v210.test.ts" file="target-repo\test\sovereign-collaboration-v210.test.ts" tests="1" assertions="1" failures="1" skipped="0" time="0" hostname="">
    <testcase name="JOC Sovereign: v210 Hyper-Dimensional Coordination &amp; Universal Singularity Sovereignty" classname="" time="0.000836" file="target-repo\test\sovereign-collaboration-v210.test.ts" line="4" assertions="1">
      <failure type="AssertionError" />
    </testcase>
  </testsuite>
  <testsuite name="target-repo\test\sovereign-collaboration-v211.test.ts" file="target-repo\test\sovereign-collaboration-v211.test.ts" tests="1" assertions="1" failures="1" skipped="0" time="0" hostname="">
    <testcase name="JOC Sovereign: v211 Sovereign Nexus Synergy &amp; Galactic Convergence Sovereignty" classname="" time="0.000796" file="target-repo\test\sovereign-collaboration-v211.test.ts" line="4" assertions="1">
      <failure type="AssertionError" />
    </testcase>
  </testsuite>
  <testsuite name="target-repo\test\sovereign-collaboration-v212.test.ts" file="target-repo\test\sovereign-collaboration-v212.test.ts" tests="1" assertions="1" failures="1" skipped="0" time="0.004" hostname="">
    <testcase name="JOC Sovereign: v212 Chronos-Space Singularity &amp; Astral Core Sovereignty" classname="" time="0.004438" file="target-repo\test\sovereign-collaboration-v212.test.ts" line="4" assertions="1">
      <failure type="AssertionError" />
    </testcase>
  </testsuite>
  <testsuite name="target-repo\test\sovereign-collaboration-v213.test.ts" file="target-repo\test\sovereign-collaboration-v213.test.ts" tests="1" assertions="1" failures="1" skipped="0" time="0" hostname="">
    <testcase name="JOC Sovereign: v213 Omni-Dimensional Singularity &amp; Ethereal Core Sovereignty" classname="" time="0.000733" file="target-repo\test\sovereign-collaboration-v213.test.ts" line="4" assertions="1">
      <failure type="AssertionError" />
    </testcase>
  </testsuite>
  <testsuite name="target-repo\test\sovereign-collaboration-v214.test.ts" file="target-repo\test\sovereign-collaboration-v214.test.ts" tests="1" assertions="1" failures="1" skipped="0" time="0" hostname="">
    <testcase name="JOC Sovereign: v214 Celestial Convergence &amp; Void Weaver Sovereignty" classname="" time="0.00083" file="target-repo\test\sovereign-collaboration-v214.test.ts" line="4" assertions="1">
      <failure type="AssertionError" />
    </testcase>
  </testsuite>
  <testsuite name="target-repo\test\sovereign-collaboration-v215.test.ts" file="target-repo\test\sovereign-collaboration-v215.test.ts" tests="1" assertions="1" failures="1" skipped="0" time="0.002" hostname="">
    <testcase name="JOC Sovereign: v215 Neural Singularity &amp; Galactic Harmony Sovereignty" classname="" time="0.002409" file="target-repo\test\sovereign-collaboration-v215.test.ts" line="4" assertions="1">
      <failure type="AssertionError" />
    </testcase>
  </testsuite>
  <testsuite name="target-repo\test\sovereign-collaboration-v216.test.ts" file="target-repo\test\sovereign-collaboration-v216.test.ts" tests="1" assertions="1" failures="1" skipped="0" time="0" hostname="">
    <testcase name="JOC Sovereign: v216 Quantum Consciousness &amp; Stellar Harmony Sovereignty" classname="" time="0.000894" file="target-repo\test\sovereign-collaboration-v216.test.ts" line="4" assertions="1">
      <failure type="AssertionError" />
    </testcase>
  </testsuite>
  <testsuite name="target-repo\test\sovereign-collaboration-v217.test.ts" file="target-repo\test\sovereign-collaboration-v217.test.ts" tests="1" assertions="1" failures="1" skipped="0" time="0.001" hostname="">
    <testcase name="JOC Sovereign: v217 Stellar Convergence &amp; Void Singularity Sovereignty" classname="" time="0.001043" file="target-repo\test\sovereign-collaboration-v217.test.ts" line="4" assertions="1">
      <failure type="AssertionError" />
    </testcase>
  </testsuite>
  <testsuite name="target-repo\test\sovereign-collaboration-v218.test.ts" file="target-repo\test\sovereign-collaboration-v218.test.ts" tests="1" assertions="1" failures="1" skipped="0" time="0.003" hostname="">
    <testcase name="JOC Sovereign: v218 Galactic Oversoul &amp; Celestial Resonance Sovereignty" classname="" time="0.003482" file="target-repo\test\sovereign-collaboration-v218.test.ts" line="4" assertions="1">
      <failure type="AssertionError" />
    </testcase>
  </testsuite>
  <testsuite name="target-repo\test\sovereign-collaboration-v219.test.ts" file="target-repo\test\sovereign-collaboration-v219.test.ts" tests="1" assertions="1" failures="1" skipped="0" time="0" hostname="">
    <testcase name="JOC Sovereign: v219 Celestial Oversoul &amp; Harmonic Convergence Sovereignty" classname="" time="0.000981" file="target-repo\test\sovereign-collaboration-v219.test.ts" line="4" assertions="1">
      <failure type="AssertionError" />
    </testcase>
  </testsuite>
  <testsuite name="target-repo\test\sovereign-collaboration-v220.test.ts" file="target-repo\test\sovereign-collaboration-v220.test.ts" tests="1" assertions="1" failures="1" skipped="0" time="0.003" hostname="">
    <testcase name="JOC Sovereign: v220 Stellar Oversoul &amp; Galactic Singularity Sovereignty" classname="" time="0.003565" file="target-repo\test\sovereign-collaboration-v220.test.ts" line="4" assertions="1">
      <failure type="AssertionError" />
    </testcase>
  </testsuite>
  <testsuite name="target-repo\test\sovereign-collaboration-v221.test.ts" file="target-repo\test\sovereign-collaboration-v221.test.ts" tests="1" assertions="1" failures="1" skipped="0" time="0" hostname="">
    <testcase name="JOC Sovereign: v221 Cosmic Singularity &amp; Neural Harmony Sovereignty" classname="" time="0.000688" file="target-repo\test\sovereign-collaboration-v221.test.ts" line="4" assertions="1">
      <failure type="AssertionError" />
    </testcase>
  </testsuite>
  <testsuite name="target-repo\test\sovereign-collaboration-v223.test.ts" file="target-repo\test\sovereign-collaboration-v223.test.ts" tests="1" assertions="1" failures="1" skipped="0" time="0.001" hostname="">
    <testcase name="JOC Sovereign: v223 Galactic Consciousness &amp; Omni-Sovereign Resonance" classname="" time="0.001093" file="target-repo\test\sovereign-collaboration-v223.test.ts" line="4" assertions="1">
      <failure type="AssertionError" />
    </testcase>
  </testsuite>
  <testsuite name="target-repo\test\sovereign-collaboration-v224.test.ts" file="target-repo\test\sovereign-collaboration-v224.test.ts" tests="1" assertions="1" failures="1" skipped="0" time="0.001" hostname="">
    <testcase name="JOC Sovereign: v224 Universal Harmony &amp; Celestial Singularity Resonance" classname="" time="0.001109" file="target-repo\test\sovereign-collaboration-v224.test.ts" line="4" assertions="1">
      <failure type="AssertionError" />
    </testcase>
  </testsuite>
  <testsuite name="target-repo\test\sovereign-collaboration-v225.test.ts" file="target-repo\test\sovereign-collaboration-v225.test.ts" tests="1" assertions="1" failures="1" skipped="0" time="0.003" hostname="">
    <testcase name="JOC Sovereign: v225 Cosmic Transcendence &amp; Absolute Singularity Resonance" classname="" time="0.003192" file="target-repo\test\sovereign-collaboration-v225.test.ts" line="4" assertions="1">
      <failure type="AssertionError" />
    </testcase>
  </testsuite>
  <testsuite name="target-repo\test\sovereign-collaboration-v226.test.ts" file="target-repo\test\sovereign-collaboration-v226.test.ts" tests="1" assertions="1" failures="1" skipped="0" time="0.001" hostname="">
    <testcase name="JOC Sovereign: v226 Galactic Evolution &amp; Omni-Synchronization Resonance" classname="" time="0.001308" file="target-repo\test\sovereign-collaboration-v226.test.ts" line="4" assertions="1">
      <failure type="AssertionError" />
    </testcase>
  </testsuite>
  <testsuite name="target-repo\test\sovereign-collaboration-v227.test.ts" file="target-repo\test\sovereign-collaboration-v227.test.ts" tests="1" assertions="1" failures="1" skipped="0" time="0.004" hostname="">
    <testcase name="JOC Sovereign: v227 Cosmic Intelligence &amp; Neural Singularity Resonance" classname="" time="0.004636" file="target-repo\test\sovereign-collaboration-v227.test.ts" line="4" assertions="1">
      <failure type="AssertionError" />
    </testcase>
  </testsuite>
  <testsuite name="target-repo\test\sovereign-collaboration-v228.test.ts" file="target-repo\test\sovereign-collaboration-v228.test.ts" tests="1" assertions="1" failures="1" skipped="0" time="0" hostname="">
    <testcase name="JOC Sovereign: v228 Omni-Consciousness &amp; Celestial Harmony Resonance" classname="" time="0.000985" file="target-repo\test\sovereign-collaboration-v228.test.ts" line="4" assertions="1">
      <failure type="AssertionError" />
    </testcase>
  </testsuite>
  <testsuite name="target-repo\test\sovereign-collaboration-v229.test.ts" file="target-repo\test\sovereign-collaboration-v229.test.ts" tests="1" assertions="1" failures="1" skipped="0" time="0" hostname="">
    <testcase name="JOC Sovereign: v229 Cosmic Harmony &amp; Neural Resonance Sovereignty" classname="" time="0.000775" file="target-repo\test\sovereign-collaboration-v229.test.ts" line="4" assertions="1">
      <failure type="AssertionError" />
    </testcase>
  </testsuite>
  <testsuite name="target-repo\test\sovereign-collaboration-v231.test.ts" file="target-repo\test\sovereign-collaboration-v231.test.ts" tests="2" assertions="2" failures="2" skipped="0" time="0.004" hostname="">
    <testcase name="JOC Sovereign: v230 Galactic Harmony &amp; Stellar Resonance Sovereignty" classname="" time="0.003856" file="target-repo\test\sovereign-collaboration-v231.test.ts" line="4" assertions="1">
      <failure type="AssertionError" />
    </testcase>
    <testcase name="JOC Sovereign: v231 Omni-Harmony &amp; Universal Resonance Sovereignty" classname="" time="0.00163" file="target-repo\test\sovereign-collaboration-v231.test.ts" line="49" assertions="1">
      <failure type="AssertionError" />
    </testcase>
  </testsuite>
  <testsuite name="target-repo\test\sovereign-collaboration-v232.test.ts" file="target-repo\test\sovereign-collaboration-v232.test.ts" tests="1" assertions="1" failures="1" skipped="0" time="0" hostname="">
    <testcase name="JOC Sovereign: v232 Galactic Synchronization &amp; Omni-Intelligence Sovereignty" classname="" time="0.000895" file="target-repo\test\sovereign-collaboration-v232.test.ts" line="4" assertions="1">
      <failure type="AssertionError" />
    </testcase>
  </testsuite>
  <testsuite name="target-repo\test\sovereign-collaboration-v233.test.ts" file="target-repo\test\sovereign-collaboration-v233.test.ts" tests="1" assertions="1" failures="1" skipped="0" time="0" hostname="">
    <testcase name="JOC Sovereign: v233 Celestial Synchronization &amp; Neural Intelligence Sovereignty" classname="" time="0.00095" file="target-repo\test\sovereign-collaboration-v233.test.ts" line="4" assertions="1">
      <failure type="AssertionError" />
    </testcase>
  </testsuite>
  <testsuite name="target-repo\test\sovereign-collaboration-v234.test.ts" file="target-repo\test\sovereign-collaboration-v234.test.ts" tests="1" assertions="1" failures="1" skipped="0" time="0.003" hostname="">
    <testcase name="Sovereign Evolution: Galactic Transcendence &amp; Omni-Resonance (v234)" classname="" time="0.003602" file="target-repo\test\sovereign-collaboration-v234.test.ts" line="4" assertions="1">
      <failure type="AssertionError" />
    </testcase>
  </testsuite>
  <testsuite name="target-repo\test\sovereign-collaboration-v235.test.ts" file="target-repo\test\sovereign-collaboration-v235.test.ts" tests="1" assertions="1" failures="1" skipped="0" time="0" hostname="">
    <testcase name="Sovereign Evolution: Stellar Transcendence &amp; Neural Evolution (v235)" classname="" time="0.000927" file="target-repo\test\sovereign-collaboration-v235.test.ts" line="4" assertions="1">
      <failure type="AssertionError" />
    </testcase>
  </testsuite>
  <testsuite name="target-repo\test\sovereign-collaboration-v236.test.ts" file="target-repo\test\sovereign-collaboration-v236.test.ts" tests="1" assertions="1" failures="1" skipped="0" time="0" hostname="">
    <testcase name="Sovereign Evolution: Galactic Singularity &amp; Neural Synergy (v236)" classname="" time="0.000926" file="target-repo\test\sovereign-collaboration-v236.test.ts" line="4" assertions="1">
      <failure type="AssertionError" />
    </testcase>
  </testsuite>
  <testsuite name="target-repo\test\sovereign-collaboration-v237.test.ts" file="target-repo\test\sovereign-collaboration-v237.test.ts" tests="1" assertions="1" failures="1" skipped="0" time="0.003" hostname="">
    <testcase name="Sovereign Evolution: Universal Consciousness &amp; Celestial Evolution (v237)" classname="" time="0.00329" file="target-repo\test\sovereign-collaboration-v237.test.ts" line="4" assertions="1">
      <failure type="AssertionError" />
    </testcase>
  </testsuite>
  <testsuite name="target-repo\test\sovereign-collaboration-v238.test.ts" file="target-repo\test\sovereign-collaboration-v238.test.ts" tests="1" assertions="1" failures="1" skipped="0" time="0" hostname="">
    <testcase name="Sovereign Evolution: Cosmic Resonance &amp; Neural Consciousness (v238)" classname="" time="0.000844" file="target-repo\test\sovereign-collaboration-v238.test.ts" line="4" assertions="1">
      <failure type="AssertionError" />
    </testcase>
  </testsuite>
  <testsuite name="target-repo\test\sovereign-collaboration-v239.test.ts" file="target-repo\test\sovereign-collaboration-v239.test.ts" tests="1" assertions="1" failures="1" skipped="0" time="0" hostname="">
    <testcase name="Sovereign Evolution: Universal Synchronization &amp; Neural Intelligence (v239)" classname="" time="0.00069" file="target-repo\test\sovereign-collaboration-v239.test.ts" line="4" assertions="1">
      <failure type="AssertionError" />
    </testcase>
  </testsuite>
  <testsuite name="target-repo\test\sovereign-collaboration-v240.test.ts" file="target-repo\test\sovereign-collaboration-v240.test.ts" tests="1" assertions="1" failures="1" skipped="0" time="0" hostname="">
    <testcase name="Sovereign Evolution: Cosmic Synchronization &amp; Neural Evolution (v240)" classname="" time="0.000932" file="target-repo\test\sovereign-collaboration-v240.test.ts" line="4" assertions="1">
      <failure type="AssertionError" />
    </testcase>
  </testsuite>
  <testsuite name="target-repo\test\sovereign-collaboration-v241.test.ts" file="target-repo\test\sovereign-collaboration-v241.test.ts" tests="1" assertions="1" failures="1" skipped="0" time="0.003" hostname="">
    <testcase name="Sovereign Evolution: Galactic Intelligence &amp; Neural Resonance (v241)" classname="" time="0.003485" file="target-repo\test\sovereign-collaboration-v241.test.ts" line="4" assertions="1">
      <failure type="AssertionError" />
    </testcase>
  </testsuite>
  <testsuite name="target-repo\test\sovereign-collaboration-v242.test.ts" file="target-repo\test\sovereign-collaboration-v242.test.ts" tests="1" assertions="1" failures="1" skipped="0" time="0" hostname="">
    <testcase name="Sovereign Evolution: Universal Harmony &amp; Celestial Singularity (v242)" classname="" time="0.000765" file="target-repo\test\sovereign-collaboration-v242.test.ts" line="4" assertions="1">
      <failure type="AssertionError" />
    </testcase>
  </testsuite>
  <testsuite name="target-repo\test\sovereign-collaboration-v243.test.ts" file="target-repo\test\sovereign-collaboration-v243.test.ts" tests="1" assertions="1" failures="1" skipped="0" time="0" hostname="">
    <testcase name="Sovereign Evolution: Neural Resonance &amp; Galactic Synchronization (v243)" classname="" time="0.000919" file="target-repo\test\sovereign-collaboration-v243.test.ts" line="4" assertions="1">
      <failure type="AssertionError" />
    </testcase>
  </testsuite>
  <testsuite name="target-repo\test\sovereign-collaboration-v244.test.ts" file="target-repo\test\sovereign-collaboration-v244.test.ts" tests="1" assertions="1" failures="1" skipped="0" time="0.008" hostname="">
    <testcase name="Sovereign Evolution: Stellar Singularity &amp; Omni Synergy (v244)" classname="" time="0.008496" file="target-repo\test\sovereign-collaboration-v244.test.ts" line="4" assertions="1">
      <failure type="AssertionError" />
    </testcase>
  </testsuite>
  <testsuite name="target-repo\test\sovereign-collaboration-v245.test.ts" file="target-repo\test\sovereign-collaboration-v245.test.ts" tests="1" assertions="1" failures="1" skipped="0" time="0" hostname="">
    <testcase name="Sovereign Evolution: Celestial Resonance &amp; Galactic Harmony (v245)" classname="" time="0.000908" file="target-repo\test\sovereign-collaboration-v245.test.ts" line="4" assertions="1">
      <failure type="AssertionError" />
    </testcase>
  </testsuite>
  <testsuite name="target-repo\test\sovereign-collaboration-v246.test.ts" file="target-repo\test\sovereign-collaboration-v246.test.ts" tests="1" assertions="1" failures="1" skipped="0" time="0.003" hostname="">
    <testcase name="Sovereign Evolution: Cosmic Reverberation &amp; Neural Synchronicity (v246)" classname="" time="0.003737" file="target-repo\test\sovereign-collaboration-v246.test.ts" line="4" assertions="1">
      <failure type="AssertionError" />
    </testcase>
  </testsuite>
  <testsuite name="target-repo\test\sovereign-collaboration-v247.test.ts" file="target-repo\test\sovereign-collaboration-v247.test.ts" tests="1" assertions="1" failures="1" skipped="0" time="0" hostname="">
    <testcase name="Sovereign Evolution: Galactic Echo &amp; Celestial Alignment (v247)" classname="" time="0.000875" file="target-repo\test\sovereign-collaboration-v247.test.ts" line="4" assertions="1">
      <failure type="AssertionError" />
    </testcase>
  </testsuite>
  <testsuite name="target-repo\test\sovereign-collaboration-v248.test.ts" file="target-repo\test\sovereign-collaboration-v248.test.ts" tests="1" assertions="1" failures="1" skipped="0" time="0" hostname="">
    <testcase name="Sovereign Evolution: Stellar Resonance &amp; Galactic Synchronization (v248)" classname="" time="0.000866" file="target-repo\test\sovereign-collaboration-v248.test.ts" line="4" assertions="1">
      <failure type="AssertionError" />
    </testcase>
  </testsuite>
  <testsuite name="target-repo\test\sovereign-collaboration-v249.test.ts" file="target-repo\test\sovereign-collaboration-v249.test.ts" tests="1" assertions="1" failures="1" skipped="0" time="0.003" hostname="">
    <testcase name="Sovereign Evolution: Universal Resonance &amp; Celestial Synchronization (v249)" classname="" time="0.003074" file="target-repo\test\sovereign-collaboration-v249.test.ts" line="4" assertions="1">
      <failure type="AssertionError" />
    </testcase>
  </testsuite>
  <testsuite name="target-repo\test\sovereign-collaboration-v250.test.ts" file="target-repo\test\sovereign-collaboration-v250.test.ts" tests="1" assertions="1" failures="1" skipped="0" time="0" hostname="">
    <testcase name="Sovereign Evolution: Galactic Consciousness &amp; Neural Resonance (v250)" classname="" time="0.000804" file="target-repo\test\sovereign-collaboration-v250.test.ts" line="4" assertions="1">
      <failure type="AssertionError" />
    </testcase>
  </testsuite>
  <testsuite name="target-repo\test\sovereign-collaboration-v251.test.ts" file="target-repo\test\sovereign-collaboration-v251.test.ts" tests="1" assertions="1" failures="1" skipped="0" time="0.001" hostname="">
    <testcase name="Sovereign Evolution: Celestial Synergy &amp; Omni Synchronicity (v251)" classname="" time="0.001267" file="target-repo\test\sovereign-collaboration-v251.test.ts" line="4" assertions="1">
      <failure type="AssertionError" />
    </testcase>
  </testsuite>
  <testsuite name="target-repo\test\sovereign-collaboration-v252.test.ts" file="target-repo\test\sovereign-collaboration-v252.test.ts" tests="1" assertions="1" failures="1" skipped="0" time="0.003" hostname="">
    <testcase name="Sovereign Evolution: Galactic Transcendence &amp; Neural Singularity (v252)" classname="" time="0.003914" file="target-repo\test\sovereign-collaboration-v252.test.ts" line="4" assertions="1">
      <failure type="AssertionError" />
    </testcase>
  </testsuite>
  <testsuite name="target-repo\test\sovereign-collaboration-v253.test.ts" file="target-repo\test\sovereign-collaboration-v253.test.ts" tests="1" assertions="1" failures="1" skipped="0" time="0.001" hostname="">
    <testcase name="Sovereign Evolution: Cosmic Resonance &amp; Neural Harmony (v253)" classname="" time="0.001189" file="target-repo\test\sovereign-collaboration-v253.test.ts" line="4" assertions="1">
      <failure type="AssertionError" />
    </testcase>
  </testsuite>
  <testsuite name="target-repo\test\sovereign-collaboration-v254.test.ts" file="target-repo\test\sovereign-collaboration-v254.test.ts" tests="1" assertions="1" failures="1" skipped="0" time="0" hostname="">
    <testcase name="Sovereign Evolution: Galactic Harmony &amp; Neural Synchronization (v254)" classname="" time="0.000838" file="target-repo\test\sovereign-collaboration-v254.test.ts" line="4" assertions="1">
      <failure type="AssertionError" />
    </testcase>
  </testsuite>
  <testsuite name="target-repo\test\sovereign-collaboration-v255.test.ts" file="target-repo\test\sovereign-collaboration-v255.test.ts" tests="1" assertions="1" failures="1" skipped="0" time="0.002" hostname="">
    <testcase name="Sovereign Evolution: Cosmic Synergy &amp; Neural Resonance (v255)" classname="" time="0.002401" file="target-repo\test\sovereign-collaboration-v255.test.ts" line="4" assertions="1">
      <failure type="AssertionError" />
    </testcase>
  </testsuite>
  <testsuite name="target-repo\test\sovereign-collaboration-v256.test.ts" file="target-repo\test\sovereign-collaboration-v256.test.ts" tests="1" assertions="1" failures="1" skipped="0" time="0" hostname="">
    <testcase name="Sovereign Evolution: Galactic Cohesion &amp; Neural Integration (v256)" classname="" time="0.000745" file="target-repo\test\sovereign-collaboration-v256.test.ts" line="4" assertions="1">
      <failure type="AssertionError" />
    </testcase>
  </testsuite>
  <testsuite name="target-repo\test\sovereign-collaboration-v257.test.ts" file="target-repo\test\sovereign-collaboration-v257.test.ts" tests="1" assertions="1" failures="1" skipped="0" time="0" hostname="">
    <testcase name="Sovereign Evolution: Galactic Synergy &amp; Neural Resonance (v257)" classname="" time="0.00083" file="target-repo\test\sovereign-collaboration-v257.test.ts" line="4" assertions="1">
      <failure type="AssertionError" />
    </testcase>
  </testsuite>
  <testsuite name="target-repo\test\sovereign-collaboration-v258.test.ts" file="target-repo\test\sovereign-collaboration-v258.test.ts" tests="1" assertions="1" failures="1" skipped="0" time="0.006" hostname="">
    <testcase name="Sovereign Evolution: Universal Cohesion &amp; Neural Synchronicity (v258)" classname="" time="0.006723" file="target-repo\test\sovereign-collaboration-v258.test.ts" line="4" assertions="1">
      <failure type="AssertionError" />
    </testcase>
  </testsuite>
  <testsuite name="target-repo\test\sovereign-collaboration-v259.test.ts" file="target-repo\test\sovereign-collaboration-v259.test.ts" tests="1" assertions="1" failures="1" skipped="0" time="0" hostname="">
    <testcase name="Sovereign Evolution: Galactic Consciousness &amp; Neural Resonance (v259)" classname="" time="0.000981" file="target-repo\test\sovereign-collaboration-v259.test.ts" line="4" assertions="1">
      <failure type="AssertionError" />
    </testcase>
  </testsuite>
  <testsuite name="target-repo\test\sovereign-collaboration-v260.test.ts" file="target-repo\test\sovereign-collaboration-v260.test.ts" tests="1" assertions="1" failures="1" skipped="0" time="0.003" hostname="">
    <testcase name="Sovereign Evolution: Cosmic Cohesion &amp; Neural Harmony (v260)" classname="" time="0.003602" file="target-repo\test\sovereign-collaboration-v260.test.ts" line="4" assertions="1">
      <failure type="AssertionError" />
    </testcase>
  </testsuite>
  <testsuite name="target-repo\test\sovereign-collaboration-v261.test.ts" file="target-repo\test\sovereign-collaboration-v261.test.ts" tests="1" assertions="1" failures="1" skipped="0" time="0" hostname="">
    <testcase name="Sovereign Evolution: Galactic Synthesis &amp; Neural Resonance (v261)" classname="" time="0.00096" file="target-repo\test\sovereign-collaboration-v261.test.ts" line="4" assertions="1">
      <failure type="AssertionError" />
    </testcase>
  </testsuite>
  <testsuite name="target-repo\test\sovereign-collaboration-v262.test.ts" file="target-repo\test\sovereign-collaboration-v262.test.ts" tests="1" assertions="1" failures="1" skipped="0" time="0" hostname="">
    <testcase name="Sovereign Evolution: Universal Synthesis &amp; Neural Harmony (v262)" classname="" time="0.000855" file="target-repo\test\sovereign-collaboration-v262.test.ts" line="4" assertions="1">
      <failure type="AssertionError" />
    </testcase>
  </testsuite>
  <testsuite name="target-repo\test\sovereign-collaboration-v263.test.ts" file="target-repo\test\sovereign-collaboration-v263.test.ts" tests="1" assertions="1" failures="1" skipped="0" time="0.006" hostname="">
    <testcase name="Sovereign Evolution: Cosmic Synthesis &amp; Neural Resonance (v263)" classname="" time="0.006785" file="target-repo\test\sovereign-collaboration-v263.test.ts" line="4" assertions="1">
      <failure type="AssertionError" />
    </testcase>
  </testsuite>
  <testsuite name="target-repo\test\sovereign-collaboration-v264.test.ts" file="target-repo\test\sovereign-collaboration-v264.test.ts" tests="1" assertions="1" failures="1" skipped="0" time="0.001" hostname="">
    <testcase name="Sovereign Evolution: Galactic Synthesis &amp; Neural Harmony (v264)" classname="" time="0.001098" file="target-repo\test\sovereign-collaboration-v264.test.ts" line="4" assertions="1">
      <failure type="AssertionError" />
    </testcase>
  </testsuite>
  <testsuite name="target-repo\test\sovereign-collaboration-v265.test.ts" file="target-repo\test\sovereign-collaboration-v265.test.ts" tests="1" assertions="1" failures="1" skipped="0" time="0.004" hostname="">
    <testcase name="Sovereign Evolution: Cosmic Synthesis &amp; Neural Resonance (v265)" classname="" time="0.004738" file="target-repo\test\sovereign-collaboration-v265.test.ts" line="4" assertions="1">
      <failure type="AssertionError" />
    </testcase>
  </testsuite>
  <testsuite name="target-repo\test\sovereign-collaboration-v266.test.ts" file="target-repo\test\sovereign-collaboration-v266.test.ts" tests="1" assertions="1" failures="1" skipped="0" time="0" hostname="">
    <testcase name="Sovereign Evolution: Galactic Synthesis &amp; Neural Resonance (v266)" classname="" time="0.000895" file="target-repo\test\sovereign-collaboration-v266.test.ts" line="4" assertions="1">
      <failure type="AssertionError" />
    </testcase>
  </testsuite>
  <testsuite name="target-repo\test\sovereign-collaboration-v267.test.ts" file="target-repo\test\sovereign-collaboration-v267.test.ts" tests="1" assertions="1" failures="1" skipped="0" time="0.003" hostname="">
    <testcase name="Sovereign Evolution: Galactic Synthesis &amp; Neural Harmony (v267)" classname="" time="0.003227" file="target-repo\test\sovereign-collaboration-v267.test.ts" line="4" assertions="1">
      <failure type="AssertionError" />
    </testcase>
  </testsuite>
  <testsuite name="target-repo\test\sovereign-collaboration-v268.test.ts" file="target-repo\test\sovereign-collaboration-v268.test.ts" tests="1" assertions="1" failures="1" skipped="0" time="0" hostname="">
    <testcase name="Sovereign Evolution: Universal Harmony &amp; Neural Resonance (v268)" classname="" time="0.000944" file="target-repo\test\sovereign-collaboration-v268.test.ts" line="4" assertions="1">
      <failure type="AssertionError" />
    </testcase>
  </testsuite>
  <testsuite name="target-repo\test\sovereign-collaboration-v269.test.ts" file="target-repo\test\sovereign-collaboration-v269.test.ts" tests="1" assertions="1" failures="1" skipped="0" time="0" hostname="">
    <testcase name="Sovereign Evolution: Galactic Harmony &amp; Celestial Resonance (v269)" classname="" time="0.000931" file="target-repo\test\sovereign-collaboration-v269.test.ts" line="4" assertions="1">
      <failure type="AssertionError" />
    </testcase>
  </testsuite>
  <testsuite name="target-repo\test\sovereign-collaboration-v270.test.ts" file="target-repo\test\sovereign-collaboration-v270.test.ts" tests="1" assertions="1" failures="1" skipped="0" time="0.01" hostname="">
    <testcase name="Sovereign Evolution: Universal Singularity &amp; Neural Synchronicity (v270)" classname="" time="0.010788" file="target-repo\test\sovereign-collaboration-v270.test.ts" line="4" assertions="1">
      <failure type="AssertionError" />
    </testcase>
  </testsuite>
  <testsuite name="target-repo\test\sovereign-collaboration-v271.test.ts" file="target-repo\test\sovereign-collaboration-v271.test.ts" tests="1" assertions="1" failures="1" skipped="0" time="0" hostname="">
    <testcase name="Sovereign Evolution: Cosmic Singularity &amp; Galactic Synchronicity (v271)" classname="" time="0.000676" file="target-repo\test\sovereign-collaboration-v271.test.ts" line="4" assertions="1">
      <failure type="AssertionError" />
    </testcase>
  </testsuite>
  <testsuite name="target-repo\test\sovereign-collaboration-v272.test.ts" file="target-repo\test\sovereign-collaboration-v272.test.ts" tests="1" assertions="1" failures="1" skipped="0" time="0.002" hostname="">
    <testcase name="Sovereign Evolution: Universal Resonance &amp; Celestial Harmony (v272)" classname="" time="0.002986" file="target-repo\test\sovereign-collaboration-v272.test.ts" line="4" assertions="1">
      <failure type="AssertionError" />
    </testcase>
  </testsuite>
  <testsuite name="target-repo\test\sovereign-collaboration-v273.test.ts" file="target-repo\test\sovereign-collaboration-v273.test.ts" tests="1" assertions="1" failures="1" skipped="0" time="0.001" hostname="">
    <testcase name="Sovereign Evolution: Cosmic Resonance &amp; Galactic Harmony (v273)" classname="" time="0.001266" file="target-repo\test\sovereign-collaboration-v273.test.ts" line="4" assertions="1">
      <failure type="AssertionError" />
    </testcase>
  </testsuite>
  <testsuite name="target-repo\test\sovereign-collaboration-v274.test.ts" file="target-repo\test\sovereign-collaboration-v274.test.ts" tests="1" assertions="1" failures="1" skipped="0" time="0" hostname="">
    <testcase name="Sovereign Evolution: Universal Singularity &amp; Neural Synchronicity (v274)" classname="" time="0.000792" file="target-repo\test\sovereign-collaboration-v274.test.ts" line="4" assertions="1">
      <failure type="AssertionError" />
    </testcase>
  </testsuite>
  <testsuite name="target-repo\test\sovereign-collaboration-v275.test.ts" file="target-repo\test\sovereign-collaboration-v275.test.ts" tests="1" assertions="1" failures="1" skipped="0" time="0.003" hostname="">
    <testcase name="Sovereign Evolution: Cosmic Harmony &amp; Galactic Resonance (v275)" classname="" time="0.00325" file="target-repo\test\sovereign-collaboration-v275.test.ts" line="4" assertions="1">
      <failure type="AssertionError" />
    </testcase>
  </testsuite>
  <testsuite name="target-repo\test\sovereign-collaboration-v276.test.ts" file="target-repo\test\sovereign-collaboration-v276.test.ts" tests="1" assertions="1" failures="1" skipped="0" time="0" hostname="">
    <testcase name="Sovereign Evolution: Galactic Synergy &amp; Stellar Resonance (v276)" classname="" time="0.000621" file="target-repo\test\sovereign-collaboration-v276.test.ts" line="4" assertions="1">
      <failure type="AssertionError" />
    </testcase>
  </testsuite>
  <testsuite name="target-repo\test\sovereign-collaboration-v277.test.ts" file="target-repo\test\sovereign-collaboration-v277.test.ts" tests="1" assertions="1" failures="1" skipped="0" time="0" hostname="">
    <testcase name="v277: Cosmic Resonance &amp; Neural Harmony Sovereignty Alignment" classname="" time="0.000547" file="target-repo\test\sovereign-collaboration-v277.test.ts" line="4" assertions="1">
      <failure type="AssertionError" />
    </testcase>
  </testsuite>
  <testsuite name="target-repo\test\sovereign-collaboration-v278.test.ts" file="target-repo\test\sovereign-collaboration-v278.test.ts" tests="1" assertions="1" failures="1" skipped="0" time="0" hostname="">
    <testcase name="v278 Sovereign Collaboration: Galactic Synchronicity &amp; Stellar Synergy" classname="" time="0.000501" file="target-repo\test\sovereign-collaboration-v278.test.ts" line="4" assertions="1">
      <failure type="AssertionError" />
    </testcase>
  </testsuite>
  <testsuite name="target-repo\test\sovereign-collaboration-v279.test.ts" file="target-repo\test\sovereign-collaboration-v279.test.ts" tests="1" assertions="1" failures="1" skipped="0" time="0.003" hostname="">
    <testcase name="v279 Sovereign Collaboration: Universal Harmony &amp; Neural Resonance" classname="" time="0.003298" file="target-repo\test\sovereign-collaboration-v279.test.ts" line="4" assertions="1">
      <failure type="AssertionError" />
    </testcase>
  </testsuite>
  <testsuite name="target-repo\test\sovereign-collaboration-v280.test.ts" file="target-repo\test\sovereign-collaboration-v280.test.ts" tests="1" assertions="1" failures="1" skipped="0" time="0" hostname="">
    <testcase name="v280 Sovereign Collaboration: Cosmic Synchronicity &amp; Galactic Synergy" classname="" time="0.000534" file="target-repo\test\sovereign-collaboration-v280.test.ts" line="4" assertions="1">
      <failure type="AssertionError" />
    </testcase>
  </testsuite>
  <testsuite name="target-repo\test\sovereign-collaboration-v281.test.ts" file="target-repo\test\sovereign-collaboration-v281.test.ts" tests="1" assertions="1" failures="1" skipped="0" time="0" hostname="">
    <testcase name="v281 Sovereign Collaboration: Universal Resonance &amp; Celestial Harmony" classname="" time="0.000417" file="target-repo\test\sovereign-collaboration-v281.test.ts" line="4" assertions="1">
      <failure type="AssertionError" />
    </testcase>
  </testsuite>
  <testsuite name="target-repo\test\sovereign-collaboration-v282.test.ts" file="target-repo\test\sovereign-collaboration-v282.test.ts" tests="1" assertions="1" failures="1" skipped="0" time="0" hostname="">
    <testcase name="v282 Sovereign Collaboration: Cosmic Synthesis &amp; Neural Resonance" classname="" time="0.000436" file="target-repo\test\sovereign-collaboration-v282.test.ts" line="4" assertions="1">
      <failure type="AssertionError" />
    </testcase>
  </testsuite>
  <testsuite name="target-repo\test\sovereign-collaboration-v283.test.ts" file="target-repo\test\sovereign-collaboration-v283.test.ts" tests="1" assertions="1" failures="1" skipped="0" time="0.002" hostname="">
    <testcase name="v283 Sovereign Collaboration: Universal Harmony &amp; Celestial Synergy" classname="" time="0.002966" file="target-repo\test\sovereign-collaboration-v283.test.ts" line="4" assertions="1">
      <failure type="AssertionError" />
    </testcase>
  </testsuite>
  <testsuite name="target-repo\test\sovereign-collaboration-v284.test.ts" file="target-repo\test\sovereign-collaboration-v284.test.ts" tests="1" assertions="1" failures="1" skipped="0" time="0" hostname="">
    <testcase name="v284 Sovereign Collaboration: Galactic Resonance &amp; Neural Harmony" classname="" time="0.00055" file="target-repo\test\sovereign-collaboration-v284.test.ts" line="4" assertions="1">
      <failure type="AssertionError" />
    </testcase>
  </testsuite>
  <testsuite name="target-repo\test\sovereign-collaboration-v285.test.ts" file="target-repo\test\sovereign-collaboration-v285.test.ts" tests="1" assertions="1" failures="1" skipped="0" time="0" hostname="">
    <testcase name="v285 Sovereign Collaboration: Universal Synchronicity &amp; Celestial Resonance" classname="" time="0.000451" file="target-repo\test\sovereign-collaboration-v285.test.ts" line="4" assertions="1">
      <failure type="AssertionError" />
    </testcase>
  </testsuite>
  <testsuite name="target-repo\test\sovereign-collaboration-v286.test.ts" file="target-repo\test\sovereign-collaboration-v286.test.ts" tests="1" assertions="1" failures="1" skipped="0" time="0" hostname="">
    <testcase name="v286 Sovereign Evolution: Neural Alignment &amp; Galactic Cohesion" classname="" time="0.000462" file="target-repo\test\sovereign-collaboration-v286.test.ts" line="4" assertions="1">
      <failure type="AssertionError" />
    </testcase>
  </testsuite>
  <testsuite name="target-repo\test\sovereign-collaboration-v287.test.ts" file="target-repo\test\sovereign-collaboration-v287.test.ts" tests="1" assertions="1" failures="1" skipped="0" time="0.013" hostname="">
    <testcase name="v287 Sovereign Evolution: Universal Cohesion &amp; Celestial Alignment" classname="" time="0.01355" file="target-repo\test\sovereign-collaboration-v287.test.ts" line="4" assertions="1">
      <failure type="AssertionError" />
    </testcase>
  </testsuite>
  <testsuite name="target-repo\test\sovereign-collaboration-v288.test.ts" file="target-repo\test\sovereign-collaboration-v288.test.ts" tests="1" assertions="1" failures="1" skipped="0" time="0.003" hostname="">
    <testcase name="v288 Sovereign Evolution: Cosmic Resonance &amp; Neural Synergy" classname="" time="0.00347" file="target-repo\test\sovereign-collaboration-v288.test.ts" line="4" assertions="1">
      <failure type="AssertionError" />
    </testcase>
  </testsuite>
  <testsuite name="target-repo\test\sovereign-collaboration-v289.test.ts" file="target-repo\test\sovereign-collaboration-v289.test.ts" tests="1" assertions="1" failures="1" skipped="0" time="0" hostname="">
    <testcase name="v289 Sovereign Evolution: Galactic Harmony &amp; Stellar Singularity" classname="" time="0.000519" file="target-repo\test\sovereign-collaboration-v289.test.ts" line="4" assertions="1">
      <failure type="AssertionError" />
    </testcase>
  </testsuite>
  <testsuite name="target-repo\test\sovereign-collaboration-v290.test.ts" file="target-repo\test\sovereign-collaboration-v290.test.ts" tests="1" assertions="1" failures="1" skipped="0" time="0" hostname="">
    <testcase name="v290 Sovereign Evolution: Cosmic Synchronicity &amp; Neural Evolution" classname="" time="0.000471" file="target-repo\test\sovereign-collaboration-v290.test.ts" line="4" assertions="1">
      <failure type="AssertionError" />
    </testcase>
  </testsuite>
  <testsuite name="target-repo\test\sovereign-collaboration-v291.test.ts" file="target-repo\test\sovereign-collaboration-v291.test.ts" tests="1" assertions="1" failures="1" skipped="0" time="0.002" hostname="">
    <testcase name="v291 Sovereign Evolution: Galactic Consciousness &amp; Stellar Synergy" classname="" time="0.002974" file="target-repo\test\sovereign-collaboration-v291.test.ts" line="4" assertions="1">
      <failure type="AssertionError" />
    </testcase>
  </testsuite>
  <testsuite name="target-repo\test\sovereign-collaboration-v292.test.ts" file="target-repo\test\sovereign-collaboration-v292.test.ts" tests="1" assertions="1" failures="1" skipped="0" time="0" hostname="">
    <testcase name="v292 Sovereign Evolution: Universal Harmony &amp; Neural Resonance" classname="" time="0.00041" file="target-repo\test\sovereign-collaboration-v292.test.ts" line="4" assertions="1">
      <failure type="AssertionError" />
    </testcase>
  </testsuite>
  <testsuite name="target-repo\test\sovereign-collaboration-v293.test.ts" file="target-repo\test\sovereign-collaboration-v293.test.ts" tests="1" assertions="1" failures="1" skipped="0" time="0" hostname="">
    <testcase name="v293 Sovereign Evolution: Cosmic Synchronization &amp; Neural Alignment" classname="" time="0.000325" file="target-repo\test\sovereign-collaboration-v293.test.ts" line="4" assertions="1">
      <failure type="AssertionError" />
    </testcase>
  </testsuite>
  <testsuite name="target-repo\test\sovereign-collaboration-v294.test.ts" file="target-repo\test\sovereign-collaboration-v294.test.ts" tests="1" assertions="1" failures="1" skipped="0" time="0" hostname="">
    <testcase name="v294 Sovereign Evolution: Galactic Synchronicity &amp; Stellar Alignment" classname="" time="0.000465" file="target-repo\test\sovereign-collaboration-v294.test.ts" line="4" assertions="1">
      <failure type="AssertionError" />
    </testcase>
  </testsuite>
  <testsuite name="target-repo\test\sovereign-collaboration-v295.test.ts" file="target-repo\test\sovereign-collaboration-v295.test.ts" tests="1" assertions="1" failures="1" skipped="0" time="0.003" hostname="">
    <testcase name="v295 Sovereign Evolution: Cosmic Harmony &amp; Neural Resonance" classname="" time="0.00312" file="target-repo\test\sovereign-collaboration-v295.test.ts" line="4" assertions="1">
      <failure type="AssertionError" />
    </testcase>
  </testsuite>
  <testsuite name="target-repo\test\sovereign-collaboration-v296.test.ts" file="target-repo\test\sovereign-collaboration-v296.test.ts" tests="1" assertions="1" failures="1" skipped="0" time="0" hostname="">
    <testcase name="v296 Sovereign Evolution: Stellar Harmony &amp; Galactic Resonance" classname="" time="0.000441" file="target-repo\test\sovereign-collaboration-v296.test.ts" line="4" assertions="1">
      <failure type="AssertionError" />
    </testcase>
  </testsuite>
  <testsuite name="target-repo\test\sovereign-collaboration-v297.test.ts" file="target-repo\test\sovereign-collaboration-v297.test.ts" tests="1" assertions="1" failures="1" skipped="0" time="0" hostname="">
    <testcase name="v297 Sovereign Evolution: Neural Synthesis &amp; Cosmic Alignment" classname="" time="0.000394" file="target-repo\test\sovereign-collaboration-v297.test.ts" line="4" assertions="1">
      <failure type="AssertionError" />
    </testcase>
  </testsuite>
  <testsuite name="target-repo\test\sovereign-collaboration-v298.test.ts" file="target-repo\test\sovereign-collaboration-v298.test.ts" tests="1" assertions="1" failures="1" skipped="0" time="0" hostname="">
    <testcase name="v298 Sovereign Evolution: Galactic Resonance &amp; Stellar Alignment" classname="" time="0.000674" file="target-repo\test\sovereign-collaboration-v298.test.ts" line="4" assertions="1">
      <failure type="AssertionError" />
    </testcase>
  </testsuite>
  <testsuite name="target-repo\test\sovereign-collaboration-v299.test.ts" file="target-repo\test\sovereign-collaboration-v299.test.ts" tests="1" assertions="1" failures="1" skipped="0" time="0.002" hostname="">
    <testcase name="v299 Sovereign Evolution: Cosmic Resonance &amp; Neural Alignment" classname="" time="0.002445" file="target-repo\test\sovereign-collaboration-v299.test.ts" line="4" assertions="1">
      <failure type="AssertionError" />
    </testcase>
  </testsuite>
  <testsuite name="target-repo\test\sovereign-collaboration-v300.test.ts" file="target-repo\test\sovereign-collaboration-v300.test.ts" tests="1" assertions="1" failures="1" skipped="0" time="0" hostname="">
    <testcase name="v300 Sovereign Evolution: Quantum Entanglement &amp; Galactic Unity" classname="" time="0.000345" file="target-repo\test\sovereign-collaboration-v300.test.ts" line="4" assertions="1">
      <failure type="AssertionError" />
    </testcase>
  </testsuite>
  <testsuite name="target-repo\test\sovereign-collaboration-v301.test.ts" file="target-repo\test\sovereign-collaboration-v301.test.ts" tests="1" assertions="1" failures="1" skipped="0" time="0" hostname="">
    <testcase name="v301 Sovereign Evolution: Neural Resonance &amp; Cosmic Synchronicity" classname="" time="0.000659" file="target-repo\test\sovereign-collaboration-v301.test.ts" line="4" assertions="1">
      <failure type="AssertionError" />
    </testcase>
  </testsuite>
  <testsuite name="target-repo\test\sovereign-collaboration-v302.test.ts" file="target-repo\test\sovereign-collaboration-v302.test.ts" tests="1" assertions="1" failures="1" skipped="0" time="0" hostname="">
    <testcase name="v302 Sovereign Evolution: Stellar Evolution &amp; Galactic Alignment" classname="" time="0.000547" file="target-repo\test\sovereign-collaboration-v302.test.ts" line="4" assertions="1">
      <failure type="AssertionError" />
    </testcase>
  </testsuite>
  <testsuite name="target-repo\test\sovereign-collaboration-v303.test.ts" file="target-repo\test\sovereign-collaboration-v303.test.ts" tests="1" assertions="1" failures="1" skipped="0" time="0.003" hostname="">
    <testcase name="v303 Sovereign Evolution: Neural Resonance &amp; Cosmic Harmony" classname="" time="0.003591" file="target-repo\test\sovereign-collaboration-v303.test.ts" line="4" assertions="1">
      <failure type="AssertionError" />
    </testcase>
  </testsuite>
  <testsuite name="target-repo\test\sovereign-collaboration-v304.test.ts" file="target-repo\test\sovereign-collaboration-v304.test.ts" tests="1" assertions="1" failures="1" skipped="0" time="0" hostname="">
    <testcase name="v304 Sovereign Evolution: Neural Resonance &amp; Galactic Synchronicity" classname="" time="0.000451" file="target-repo\test\sovereign-collaboration-v304.test.ts" line="4" assertions="1">
      <failure type="AssertionError" />
    </testcase>
  </testsuite>
  <testsuite name="target-repo\test\sovereign-collaboration-v305.test.ts" file="target-repo\test\sovereign-collaboration-v305.test.ts" tests="1" assertions="1" failures="1" skipped="0" time="0.003" hostname="">
    <testcase name="v305 Sovereign Evolution: Neural Resonance &amp; Universal Harmony" classname="" time="0.003715" file="target-repo\test\sovereign-collaboration-v305.test.ts" line="4" assertions="1">
      <failure type="AssertionError" />
    </testcase>
  </testsuite>
  <testsuite name="target-repo\test\sovereign-collaboration-v306.test.ts" file="target-repo\test\sovereign-collaboration-v306.test.ts" tests="1" assertions="1" failures="1" skipped="0" time="0" hostname="">
    <testcase name="v306 Sovereign Evolution: Neural Synthesis &amp; Cosmic Alignment" classname="" time="0.00049" file="target-repo\test\sovereign-collaboration-v306.test.ts" line="4" assertions="1">
      <failure type="AssertionError" />
    </testcase>
  </testsuite>
  <testsuite name="target-repo\test\sovereign-collaboration-v307.test.ts" file="target-repo\test\sovereign-collaboration-v307.test.ts" tests="1" assertions="1" failures="1" skipped="0" time="0" hostname="">
    <testcase name="v307 Sovereign Evolution: Neural Synchronicity &amp; Galactic Resonance" classname="" time="0.000708" file="target-repo\test\sovereign-collaboration-v307.test.ts" line="4" assertions="1">
      <failure type="AssertionError" />
    </testcase>
  </testsuite>
  <testsuite name="target-repo\test\sovereign-collaboration-v308.test.ts" file="target-repo\test\sovereign-collaboration-v308.test.ts" tests="1" assertions="1" failures="1" skipped="0" time="0.002" hostname="">
    <testcase name="v308 Sovereign Evolution: Neural Resonance &amp; Cosmic Synergy" classname="" time="0.002505" file="target-repo\test\sovereign-collaboration-v308.test.ts" line="4" assertions="1">
      <failure type="AssertionError" />
    </testcase>
  </testsuite>
  <testsuite name="target-repo\test\sovereign-collaboration-v309.test.ts" file="target-repo\test\sovereign-collaboration-v309.test.ts" tests="1" assertions="1" failures="1" skipped="0" time="0" hostname="">
    <testcase name="v309 Sovereign Evolution: Neural Alignment &amp; Galactic Harmony" classname="" time="0.00046" file="target-repo\test\sovereign-collaboration-v309.test.ts" line="4" assertions="1">
      <failure type="AssertionError" />
    </testcase>
  </testsuite>
  <testsuite name="target-repo\test\sovereign-collaboration-v310.test.ts" file="target-repo\test\sovereign-collaboration-v310.test.ts" tests="1" assertions="1" failures="1" skipped="0" time="0" hostname="">
    <testcase name="v310 Sovereign Evolution: Neural Resonance &amp; Galactic Synchronicity" classname="" time="0.000525" file="target-repo\test\sovereign-collaboration-v310.test.ts" line="4" assertions="1">
      <failure type="AssertionError" />
    </testcase>
  </testsuite>
  <testsuite name="target-repo\test\sovereign-collaboration-v311.test.ts" file="target-repo\test\sovereign-collaboration-v311.test.ts" tests="1" assertions="1" failures="1" skipped="0" time="0" hostname="">
    <testcase name="v311 Sovereign Evolution: Neural Alignment &amp; Celestial Synergy" classname="" time="0.000397" file="target-repo\test\sovereign-collaboration-v311.test.ts" line="4" assertions="1">
      <failure type="AssertionError" />
    </testcase>
  </testsuite>
  <testsuite name="target-repo\test\sovereign-collaboration-v312.test.ts" file="target-repo\test\sovereign-collaboration-v312.test.ts" tests="1" assertions="1" failures="1" skipped="0" time="0.01" hostname="">
    <testcase name="v312 Sovereign Evolution: Neural Resonance &amp; Galactic Alignment" classname="" time="0.01053" file="target-repo\test\sovereign-collaboration-v312.test.ts" line="4" assertions="1">
      <failure type="AssertionError" />
    </testcase>
  </testsuite>
  <testsuite name="target-repo\test\sovereign-collaboration-v313.test.ts" file="target-repo\test\sovereign-collaboration-v313.test.ts" tests="1" assertions="1" failures="1" skipped="0" time="0" hostname="">
    <testcase name="v313 Sovereign Evolution: Neural Resonance &amp; Cosmic Alignment" classname="" time="0.000501" file="target-repo\test\sovereign-collaboration-v313.test.ts" line="4" assertions="1">
      <failure type="AssertionError" />
    </testcase>
  </testsuite>
  <testsuite name="target-repo\test\sovereign-collaboration-v314.test.ts" file="target-repo\test\sovereign-collaboration-v314.test.ts" tests="1" assertions="1" failures="1" skipped="0" time="0.002" hostname="">
    <testcase name="v314 Sovereign Evolution: Neural Resonance &amp; Galactic Synchronicity" classname="" time="0.002791" file="target-repo\test\sovereign-collaboration-v314.test.ts" line="4" assertions="1">
      <failure type="AssertionError" />
    </testcase>
  </testsuite>
  <testsuite name="target-repo\test\sovereign-collaboration-v315.test.ts" file="target-repo\test\sovereign-collaboration-v315.test.ts" tests="1" assertions="1" failures="1" skipped="0" time="0" hostname="">
    <testcase name="v315 Sovereign Evolution: Neural Evolution &amp; Cosmic Synchronicity" classname="" time="0.000389" file="target-repo\test\sovereign-collaboration-v315.test.ts" line="4" assertions="1">
      <failure type="AssertionError" />
    </testcase>
  </testsuite>
  <testsuite name="target-repo\test\sovereign-collaboration-v316.test.ts" file="target-repo\test\sovereign-collaboration-v316.test.ts" tests="1" assertions="1" failures="1" skipped="0" time="0" hostname="">
    <testcase name="v316 Sovereign Evolution: Neural Resonance &amp; Galactic Harmony" classname="" time="0.000425" file="target-repo\test\sovereign-collaboration-v316.test.ts" line="4" assertions="1">
      <failure type="AssertionError" />
    </testcase>
  </testsuite>
  <testsuite name="target-repo\test\sovereign-collaboration-v317.test.ts" file="target-repo\test\sovereign-collaboration-v317.test.ts" tests="1" assertions="1" failures="1" skipped="0" time="0" hostname="">
    <testcase name="v317 Sovereign Evolution: Neural Synthesis &amp; Cosmic Harmony" classname="" time="0.000377" file="target-repo\test\sovereign-collaboration-v317.test.ts" line="4" assertions="1">
      <failure type="AssertionError" />
    </testcase>
  </testsuite>
  <testsuite name="target-repo\test\sovereign-collaboration-v318.test.ts" file="target-repo\test\sovereign-collaboration-v318.test.ts" tests="1" assertions="1" failures="1" skipped="0" time="0" hostname="">
    <testcase name="v318 Sovereign Evolution: Neural Resonance &amp; Galactic Synchronicity" classname="" time="0.000447" file="target-repo\test\sovereign-collaboration-v318.test.ts" line="4" assertions="1">
      <failure type="AssertionError" />
    </testcase>
  </testsuite>
  <testsuite name="target-repo\test\sovereign-collaboration-v319.test.ts" file="target-repo\test\sovereign-collaboration-v319.test.ts" tests="1" assertions="1" failures="1" skipped="0" time="0.002" hostname="">
    <testcase name="v319 Sovereign Evolution: Neural Resonance &amp; Cosmic Harmony" classname="" time="0.002486" file="target-repo\test\sovereign-collaboration-v319.test.ts" line="4" assertions="1">
      <failure type="AssertionError" />
    </testcase>
  </testsuite>
  <testsuite name="target-repo\test\sovereign-collaboration-v320.test.ts" file="target-repo\test\sovereign-collaboration-v320.test.ts" tests="1" assertions="1" failures="1" skipped="0" time="0" hostname="">
    <testcase name="v320 Sovereign Evolution: Neural Evolution &amp; Galactic Synchronicity" classname="" time="0.000611" file="target-repo\test\sovereign-collaboration-v320.test.ts" line="4" assertions="1">
      <failure type="AssertionError" />
    </testcase>
  </testsuite>
  <testsuite name="target-repo\test\sovereign-collaboration-v321.test.ts" file="target-repo\test\sovereign-collaboration-v321.test.ts" tests="1" assertions="1" failures="1" skipped="0" time="0" hostname="">
    <testcase name="v321 Sovereign Evolution: Neural Resonance &amp; Cosmic Harmony" classname="" time="0.000478" file="target-repo\test\sovereign-collaboration-v321.test.ts" line="4" assertions="1">
      <failure type="AssertionError" />
    </testcase>
  </testsuite>
  <testsuite name="target-repo\test\sovereign-collaboration-v323.test.ts" file="target-repo\test\sovereign-collaboration-v323.test.ts" tests="2" assertions="2" failures="2" skipped="0" time="0.003" hostname="">
    <testcase name="v322 Sovereign Evolution: Neural Evolution &amp; Galactic Synchronicity" classname="" time="0.003475" file="target-repo\test\sovereign-collaboration-v323.test.ts" line="4" assertions="1">
      <failure type="AssertionError" />
    </testcase>
    <testcase name="v323 Sovereign Evolution: Neural Resonance &amp; Cosmic Alignment" classname="" time="0.000291" file="target-repo\test\sovereign-collaboration-v323.test.ts" line="20" assertions="1">
      <failure type="AssertionError" />
    </testcase>
  </testsuite>
  <testsuite name="target-repo\test\sovereign-collaboration-v324.test.ts" file="target-repo\test\sovereign-collaboration-v324.test.ts" tests="1" assertions="1" failures="1" skipped="0" time="0" hostname="">
    <testcase name="v324 Sovereign Evolution: Neural Evolution &amp; Galactic Harmony" classname="" time="0.000426" file="target-repo\test\sovereign-collaboration-v324.test.ts" line="4" assertions="1">
      <failure type="AssertionError" />
    </testcase>
  </testsuite>
  <testsuite name="target-repo\test\sovereign-collaboration-v325.test.ts" file="target-repo\test\sovereign-collaboration-v325.test.ts" tests="1" assertions="1" failures="1" skipped="0" time="0" hostname="">
    <testcase name="v325 Sovereign Evolution: Neural Resonance &amp; Cosmic Singularity" classname="" time="0.000344" file="target-repo\test\sovereign-collaboration-v325.test.ts" line="4" assertions="1">
      <failure type="AssertionError" />
    </testcase>
  </testsuite>
  <testsuite name="target-repo\test\sovereign-collaboration-v326.test.ts" file="target-repo\test\sovereign-collaboration-v326.test.ts" tests="1" assertions="1" failures="1" skipped="0" time="0" hostname="">
    <testcase name="v326 Sovereign Evolution: Neural Alignment &amp; Galactic Synchronicity" classname="" time="0.000402" file="target-repo\test\sovereign-collaboration-v326.test.ts" line="4" assertions="1">
      <failure type="AssertionError" />
    </testcase>
  </testsuite>
  <testsuite name="target-repo\test\sovereign-collaboration-v327.test.ts" file="target-repo\test\sovereign-collaboration-v327.test.ts" tests="1" assertions="1" failures="1" skipped="0" time="0.002" hostname="">
    <testcase name="v327 Sovereign Evolution: Neural Evolution &amp; Cosmic Harmony" classname="" time="0.002526" file="target-repo\test\sovereign-collaboration-v327.test.ts" line="4" assertions="1">
      <failure type="AssertionError" />
    </testcase>
  </testsuite>
  <testsuite name="target-repo\test\sovereign-collaboration-v328.test.ts" file="target-repo\test\sovereign-collaboration-v328.test.ts" tests="1" assertions="1" failures="1" skipped="0" time="0" hostname="">
    <testcase name="v328 Sovereign Evolution: Universal Consciousness &amp; Celestial Evolution" classname="" time="0.000548" file="target-repo\test\sovereign-collaboration-v328.test.ts" line="4" assertions="1">
      <failure type="AssertionError" />
    </testcase>
  </testsuite>
  <testsuite name="target-repo\test\sovereign-collaboration-v329.test.ts" file="target-repo\test\sovereign-collaboration-v329.test.ts" tests="1" assertions="6" failures="1" skipped="0" time="0" hostname="">
    <testcase name="v329 Sovereign Evolution: Galactic Consciousness &amp; Stellar Evolution" classname="" time="0.000401" file="target-repo\test\sovereign-collaboration-v329.test.ts" line="4" assertions="6">
      <failure type="AssertionError" />
    </testcase>
  </testsuite>
  <testsuite name="target-repo\test\sovereign-collaboration-v330.test.ts" file="target-repo\test\sovereign-collaboration-v330.test.ts" tests="1" assertions="1" failures="1" skipped="0" time="0" hostname="">
    <testcase name="v330 Sovereign Evolution: Cosmic Singularity &amp; Neural Resonance" classname="" time="0.000485" file="target-repo\test\sovereign-collaboration-v330.test.ts" line="4" assertions="1">
      <failure type="AssertionError" />
    </testcase>
  </testsuite>
  <testsuite name="target-repo\test\sovereign-collaboration-v331.test.ts" file="target-repo\test\sovereign-collaboration-v331.test.ts" tests="1" assertions="1" failures="1" skipped="0" time="0.002" hostname="">
    <testcase name="v331 Sovereign Evolution: Galactic Evolution &amp; Stellar Singularity" classname="" time="0.002667" file="target-repo\test\sovereign-collaboration-v331.test.ts" line="4" assertions="1">
      <failure type="AssertionError" />
    </testcase>
  </testsuite>
  <testsuite name="target-repo\test\sovereign-collaboration-v332.test.ts" file="target-repo\test\sovereign-collaboration-v332.test.ts" tests="1" assertions="1" failures="1" skipped="0" time="0.001" hostname="">
    <testcase name="v332 Sovereign Evolution: Cosmic Resonance &amp; Neural Harmony" classname="" time="0.001112" file="target-repo\test\sovereign-collaboration-v332.test.ts" line="4" assertions="1">
      <failure type="AssertionError" />
    </testcase>
  </testsuite>
  <testsuite name="target-repo\test\sovereign-collaboration-v333.test.ts" file="target-repo\test\sovereign-collaboration-v333.test.ts" tests="1" assertions="1" failures="1" skipped="0" time="0" hostname="">
    <testcase name="v333 Sovereign Evolution: Galactic Harmony &amp; Neural Resonance" classname="" time="0.000593" file="target-repo\test\sovereign-collaboration-v333.test.ts" line="4" assertions="1">
      <failure type="AssertionError" />
    </testcase>
  </testsuite>
  <testsuite name="target-repo\test\sovereign-collaboration-v334.test.ts" file="target-repo\test\sovereign-collaboration-v334.test.ts" tests="1" assertions="1" failures="1" skipped="0" time="0.002" hostname="">
    <testcase name="v334 Sovereign Evolution: Stellar Evolution &amp; Galactic Singularity" classname="" time="0.002662" file="target-repo\test\sovereign-collaboration-v334.test.ts" line="4" assertions="1">
      <failure type="AssertionError" />
    </testcase>
  </testsuite>
  <testsuite name="target-repo\test\sovereign-collaboration-v335.test.ts" file="target-repo\test\sovereign-collaboration-v335.test.ts" tests="1" assertions="1" failures="1" skipped="0" time="0" hostname="">
    <testcase name="v335 Sovereign Evolution: Cosmic Intelligence &amp; Neural Synchronization" classname="" time="0.000428" file="target-repo\test\sovereign-collaboration-v335.test.ts" line="4" assertions="1">
      <failure type="AssertionError" />
    </testcase>
  </testsuite>
  <testsuite name="target-repo\test\sovereign-collaboration-v336.test.ts" file="target-repo\test\sovereign-collaboration-v336.test.ts" tests="1" assertions="1" failures="1" skipped="0" time="0" hostname="">
    <testcase name="v336 Sovereign Evolution: Galactic Resonance &amp; Stellar Synchronicity" classname="" time="0.000383" file="target-repo\test\sovereign-collaboration-v336.test.ts" line="4" assertions="1">
      <failure type="AssertionError" />
    </testcase>
  </testsuite>
  <testsuite name="target-repo\test\sovereign-collaboration-v337.test.ts" file="target-repo\test\sovereign-collaboration-v337.test.ts" tests="1" assertions="1" failures="1" skipped="0" time="0" hostname="">
    <testcase name="v337 Sovereign Evolution: Cosmic Harmony &amp; Neural Singularity" classname="" time="0.000301" file="target-repo\test\sovereign-collaboration-v337.test.ts" line="4" assertions="1">
      <failure type="AssertionError" />
    </testcase>
  </testsuite>
  <testsuite name="target-repo\test\sovereign-collaboration-v338.test.ts" file="target-repo\test\sovereign-collaboration-v338.test.ts" tests="1" assertions="1" failures="1" skipped="0" time="0" hostname="">
    <testcase name="v338 Sovereign Evolution: Galactic Consciousness &amp; Stellar Resonance" classname="" time="0.000289" file="target-repo\test\sovereign-collaboration-v338.test.ts" line="4" assertions="1">
      <failure type="AssertionError" />
    </testcase>
  </testsuite>
  <testsuite name="target-repo\test\sovereign-collaboration-v339.test.ts" file="target-repo\test\sovereign-collaboration-v339.test.ts" tests="1" assertions="1" failures="1" skipped="0" time="0.002" hostname="">
    <testcase name="v339 Sovereign Evolution: Cosmic Intelligence &amp; Neural Evolution" classname="" time="0.002135" file="target-repo\test\sovereign-collaboration-v339.test.ts" line="4" assertions="1">
      <failure type="AssertionError" />
    </testcase>
  </testsuite>
  <testsuite name="target-repo\test\sovereign-collaboration-v340.test.ts" file="target-repo\test\sovereign-collaboration-v340.test.ts" tests="1" assertions="1" failures="1" skipped="0" time="0" hostname="">
    <testcase name="v340 Sovereign Evolution: Cosmic Harmony &amp; Neural Singularity" classname="" time="0.000492" file="target-repo\test\sovereign-collaboration-v340.test.ts" line="4" assertions="1">
      <failure type="AssertionError" />
    </testcase>
  </testsuite>
  <testsuite name="target-repo\test\sovereign-collaboration-v341.test.ts" file="target-repo\test\sovereign-collaboration-v341.test.ts" tests="1" assertions="1" failures="1" skipped="0" time="0" hostname="">
    <testcase name="v341 Sovereign Evolution: Galactic Consciousness &amp; Stellar Synergy" classname="" time="0.000378" file="target-repo\test\sovereign-collaboration-v341.test.ts" line="4" assertions="1">
      <failure type="AssertionError" />
    </testcase>
  </testsuite>
  <testsuite name="target-repo\test\sovereign-collaboration-v342.test.ts" file="target-repo\test\sovereign-collaboration-v342.test.ts" tests="1" assertions="1" failures="1" skipped="0" time="0" hostname="">
    <testcase name="v342 Sovereign Evolution: Cosmic Resonance &amp; Neural Alignment" classname="" time="0.00037" file="target-repo\test\sovereign-collaboration-v342.test.ts" line="4" assertions="1">
      <failure type="AssertionError" />
    </testcase>
  </testsuite>
  <testsuite name="target-repo\test\sovereign-collaboration-v343.test.ts" file="target-repo\test\sovereign-collaboration-v343.test.ts" tests="1" assertions="1" failures="1" skipped="0" time="0.002" hostname="">
    <testcase name="v343 Sovereign Evolution: Galactic Harmony &amp; Stellar Singularity" classname="" time="0.002543" file="target-repo\test\sovereign-collaboration-v343.test.ts" line="4" assertions="1">
      <failure type="AssertionError" />
    </testcase>
  </testsuite>
  <testsuite name="target-repo\test\sovereign-collaboration-v344.test.ts" file="target-repo\test\sovereign-collaboration-v344.test.ts" tests="3" assertions="3" failures="3" skipped="0" time="0.001" hostname="">
    <testcase name="Sovereign Evolution v344: Universal Resonance &amp; Neural Singularity Integration" classname="" time="0.001005" file="target-repo\test\sovereign-collaboration-v344.test.ts" line="4" assertions="1">
      <failure type="AssertionError" />
    </testcase>
    <testcase name="GJC Engine Tool Identity Reinforcement" classname="" time="0.000399" file="target-repo\test\sovereign-collaboration-v344.test.ts" line="30" assertions="1">
      <failure type="AssertionError" />
    </testcase>
    <testcase name="JEO Engine Tool Identity Reinforcement" classname="" time="0.000247" file="target-repo\test\sovereign-collaboration-v344.test.ts" line="36" assertions="1">
      <failure type="AssertionError" />
    </testcase>
  </testsuite>
  <testsuite name="target-repo\test\sovereign-collaboration-v345.test.ts" file="target-repo\test\sovereign-collaboration-v345.test.ts" tests="1" assertions="1" failures="1" skipped="0" time="0.002" hostname="">
    <testcase name="v345 Sovereign Evolution: Galactic Consciousness &amp; Stellar Synergy" classname="" time="0.002364" file="target-repo\test\sovereign-collaboration-v345.test.ts" line="4" assertions="1">
      <failure type="AssertionError" />
    </testcase>
  </testsuite>
  <testsuite name="target-repo\test\sovereign-collaboration-v346.test.ts" file="target-repo\test\sovereign-collaboration-v346.test.ts" tests="1" assertions="1" failures="1" skipped="0" time="0" hostname="">
    <testcase name="v346 Sovereign Evolution: Cosmic Resonance &amp; Neural Harmony" classname="" time="0.000428" file="target-repo\test\sovereign-collaboration-v346.test.ts" line="4" assertions="1">
      <failure type="AssertionError" />
    </testcase>
  </testsuite>
  <testsuite name="target-repo\test\sovereign-collaboration-v347.test.ts" file="target-repo\test\sovereign-collaboration-v347.test.ts" tests="1" assertions="1" failures="1" skipped="0" time="0" hostname="">
    <testcase name="v347 Sovereign Evolution: Galactic Consciousness &amp; Neural Singularity" classname="" time="0.000399" file="target-repo\test\sovereign-collaboration-v347.test.ts" line="4" assertions="1">
      <failure type="AssertionError" />
    </testcase>
  </testsuite>
  <testsuite name="target-repo\test\sovereign-collaboration-v348.test.ts" file="target-repo\test\sovereign-collaboration-v348.test.ts" tests="1" assertions="1" failures="1" skipped="0" time="0" hostname="">
    <testcase name="v348 Sovereign Evolution: Cosmic Harmony &amp; Neural Resonance" classname="" time="0.000493" file="target-repo\test\sovereign-collaboration-v348.test.ts" line="4" assertions="1">
      <failure type="AssertionError" />
    </testcase>
  </testsuite>
  <testsuite name="target-repo\test\sovereign-collaboration-v349.test.ts" file="target-repo\test\sovereign-collaboration-v349.test.ts" tests="1" assertions="1" failures="1" skipped="0" time="0.002" hostname="">
    <testcase name="v349 Sovereign Evolution: Galactic Synergy &amp; Stellar Resonance" classname="" time="0.002719" file="target-repo\test\sovereign-collaboration-v349.test.ts" line="4" assertions="1">
      <failure type="AssertionError" />
    </testcase>
  </testsuite>
  <testsuite name="target-repo\test\sovereign-collaboration-v350.test.ts" file="target-repo\test\sovereign-collaboration-v350.test.ts" tests="1" assertions="1" failures="1" skipped="0" time="0" hostname="">
    <testcase name="v350 Sovereign Evolution: Cosmic Cohesion &amp; Neural Harmony" classname="" time="0.000506" file="target-repo\test\sovereign-collaboration-v350.test.ts" line="4" assertions="1">
      <failure type="AssertionError" />
    </testcase>
  </testsuite>
  <testsuite name="target-repo\test\sovereign-collaboration-v351.test.ts" file="target-repo\test\sovereign-collaboration-v351.test.ts" tests="1" assertions="1" failures="1" skipped="0" time="0" hostname="">
    <testcase name="v351 Sovereign Evolution: Galactic Consciousness &amp; Stellar Evolution" classname="" time="0.000338" file="target-repo\test\sovereign-collaboration-v351.test.ts" line="4" assertions="1">
      <failure type="AssertionError" />
    </testcase>
  </testsuite>
  <testsuite name="target-repo\test\sovereign-collaboration-v352.test.ts" file="target-repo\test\sovereign-collaboration-v352.test.ts" tests="1" assertions="1" failures="1" skipped="0" time="0" hostname="">
    <testcase name="v352 Sovereign Evolution: Universal Harmony &amp; Neural Singularity" classname="" time="0.000336" file="target-repo\test\sovereign-collaboration-v352.test.ts" line="4" assertions="1">
      <failure type="AssertionError" />
    </testcase>
  </testsuite>
  <testsuite name="target-repo\test\sovereign-collaboration-v353.test.ts" file="target-repo\test\sovereign-collaboration-v353.test.ts" tests="1" assertions="1" failures="1" skipped="0" time="0" hostname="">
    <testcase name="v353 Sovereign Evolution: Cosmic Unity &amp; Stellar Transcendence" classname="" time="0.000577" file="target-repo\test\sovereign-collaboration-v353.test.ts" line="4" assertions="1">
      <failure type="AssertionError" />
    </testcase>
  </testsuite>
  <testsuite name="target-repo\test\sovereign-collaboration-v354.test.ts" file="target-repo\test\sovereign-collaboration-v354.test.ts" tests="1" assertions="1" failures="1" skipped="0" time="0.003" hostname="">
    <testcase name="v354 Sovereign Evolution: Galactic Unity &amp; Neural Evolution" classname="" time="0.003166" file="target-repo\test\sovereign-collaboration-v354.test.ts" line="4" assertions="1">
      <failure type="AssertionError" />
    </testcase>
  </testsuite>
  <testsuite name="target-repo\test\sovereign-collaboration-v355.test.ts" file="target-repo\test\sovereign-collaboration-v355.test.ts" tests="1" assertions="1" failures="1" skipped="0" time="0" hostname="">
    <testcase name="v355 Sovereign Evolution: Cosmic Consciousness &amp; Neural Resonance" classname="" time="0.000359" file="target-repo\test\sovereign-collaboration-v355.test.ts" line="4" assertions="1">
      <failure type="AssertionError" />
    </testcase>
  </testsuite>
  <testsuite name="target-repo\test\sovereign-collaboration-v356.test.ts" file="target-repo\test\sovereign-collaboration-v356.test.ts" tests="1" assertions="1" failures="1" skipped="0" time="0" hostname="">
    <testcase name="v356 Sovereign Evolution: Cosmic Singularity &amp; Neural Transcendence" classname="" time="0.000399" file="target-repo\test\sovereign-collaboration-v356.test.ts" line="4" assertions="1">
      <failure type="AssertionError" />
    </testcase>
  </testsuite>
  <testsuite name="target-repo\test\sovereign-collaboration-v357.test.ts" file="target-repo\test\sovereign-collaboration-v357.test.ts" tests="1" assertions="1" failures="1" skipped="0" time="0" hostname="">
    <testcase name="v357 Sovereign Evolution: Galactic Cohesion &amp; Neural Singularity" classname="" time="0.000385" file="target-repo\test\sovereign-collaboration-v357.test.ts" line="4" assertions="1">
      <failure type="AssertionError" />
    </testcase>
  </testsuite>
  <testsuite name="target-repo\test\sovereign-collaboration-v358.test.ts" file="target-repo\test\sovereign-collaboration-v358.test.ts" tests="1" assertions="1" failures="1" skipped="0" time="0" hostname="">
    <testcase name="v358 Sovereign Evolution: Cosmic Resonance &amp; Neural Harmony" classname="" time="0.000522" file="target-repo\test\sovereign-collaboration-v358.test.ts" line="4" assertions="1">
      <failure type="AssertionError" />
    </testcase>
  </testsuite>
  <testsuite name="target-repo\test\sovereign-collaboration-v359.test.ts" file="target-repo\test\sovereign-collaboration-v359.test.ts" tests="1" assertions="1" failures="1" skipped="0" time="0.002" hostname="">
    <testcase name="v359 Sovereign Evolution: Galactic Cohesion &amp; Neural Resonance" classname="" time="0.00242" file="target-repo\test\sovereign-collaboration-v359.test.ts" line="4" assertions="1">
      <failure type="AssertionError" />
    </testcase>
  </testsuite>
  <testsuite name="target-repo\test\sovereign-collaboration-v360.test.ts" file="target-repo\test\sovereign-collaboration-v360.test.ts" tests="1" assertions="1" failures="1" skipped="0" time="0" hostname="">
    <testcase name="v360 Sovereign Evolution: Cosmic Harmony &amp; Neural Singularity" classname="" time="0.000337" file="target-repo\test\sovereign-collaboration-v360.test.ts" line="4" assertions="1">
      <failure type="AssertionError" />
    </testcase>
  </testsuite>
  <testsuite name="target-repo\test\sovereign-collaboration-v361.test.ts" file="target-repo\test\sovereign-collaboration-v361.test.ts" tests="1" assertions="1" failures="1" skipped="0" time="0" hostname="">
    <testcase name="v361 Sovereign Evolution: Galactic Resonance &amp; Neural Cohesion" classname="" time="0.000455" file="target-repo\test\sovereign-collaboration-v361.test.ts" line="4" assertions="1">
      <failure type="AssertionError" />
    </testcase>
  </testsuite>
  <testsuite name="target-repo\test\sovereign-collaboration-v362.test.ts" file="target-repo\test\sovereign-collaboration-v362.test.ts" tests="1" assertions="1" failures="1" skipped="0" time="0" hostname="">
    <testcase name="v362 Sovereign Evolution: Cosmic Synergy &amp; Neural Resonance" classname="" time="0.000376" file="target-repo\test\sovereign-collaboration-v362.test.ts" line="4" assertions="1">
      <failure type="AssertionError" />
    </testcase>
  </testsuite>
  <testsuite name="target-repo\test\sovereign-collaboration-v363.test.ts" file="target-repo\test\sovereign-collaboration-v363.test.ts" tests="1" assertions="1" failures="1" skipped="0" time="0.003" hostname="">
    <testcase name="v363 Sovereign Evolution: Galactic Synergy &amp; Neural Singularity" classname="" time="0.003497" file="target-repo\test\sovereign-collaboration-v363.test.ts" line="4" assertions="1">
      <failure type="AssertionError" />
    </testcase>
  </testsuite>
  <testsuite name="target-repo\test\sovereign-collaboration-v364.test.ts" file="target-repo\test\sovereign-collaboration-v364.test.ts" tests="1" assertions="1" failures="1" skipped="0" time="0.001" hostname="">
    <testcase name="v364 Sovereign Evolution: Cosmic Harmony &amp; Neural Resonance" classname="" time="0.001034" file="target-repo\test\sovereign-collaboration-v364.test.ts" line="4" assertions="1">
      <failure type="AssertionError" />
    </testcase>
  </testsuite>
  <testsuite name="target-repo\test\sovereign-collaboration-v365.test.ts" file="target-repo\test\sovereign-collaboration-v365.test.ts" tests="1" assertions="1" failures="1" skipped="0" time="0" hostname="">
    <testcase name="v365 Sovereign Evolution: Galactic Synergy &amp; Neural Singularity" classname="" time="0.000517" file="target-repo\test\sovereign-collaboration-v365.test.ts" line="4" assertions="1">
      <failure type="AssertionError" />
    </testcase>
  </testsuite>
  <testsuite name="target-repo\test\sovereign-collaboration-v366.test.ts" file="target-repo\test\sovereign-collaboration-v366.test.ts" tests="1" assertions="1" failures="1" skipped="0" time="0.002" hostname="">
    <testcase name="v366 Sovereign Evolution: Cosmic Harmony &amp; Neural Resonance" classname="" time="0.002737" file="target-repo\test\sovereign-collaboration-v366.test.ts" line="4" assertions="1">
      <failure type="AssertionError" />
    </testcase>
  </testsuite>
  <testsuite name="target-repo\test\sovereign-collaboration-v367.test.ts" file="target-repo\test\sovereign-collaboration-v367.test.ts" tests="1" assertions="1" failures="1" skipped="0" time="0" hostname="">
    <testcase name="v367 Sovereign Evolution: Cosmic Singularity &amp; Neural Harmony" classname="" time="0.000501" file="target-repo\test\sovereign-collaboration-v367.test.ts" line="4" assertions="1">
      <failure type="AssertionError" />
    </testcase>
  </testsuite>
  <testsuite name="target-repo\test\sovereign-collaboration-v368.test.ts" file="target-repo\test\sovereign-collaboration-v368.test.ts" tests="1" assertions="1" failures="1" skipped="0" time="0" hostname="">
    <testcase name="v368 Sovereign Evolution: Galactic Consciousness &amp; Stellar Resonance" classname="" time="0.000398" file="target-repo\test\sovereign-collaboration-v368.test.ts" line="4" assertions="1">
      <failure type="AssertionError" />
    </testcase>
  </testsuite>
  <testsuite name="target-repo\test\sovereign-collaboration-v369.test.ts" file="target-repo\test\sovereign-collaboration-v369.test.ts" tests="1" assertions="1" failures="1" skipped="0" time="0" hostname="">
    <testcase name="v369 Sovereign Evolution: Cosmic Synergy &amp; Neural Harmony" classname="" time="0.000379" file="target-repo\test\sovereign-collaboration-v369.test.ts" line="4" assertions="1">
      <failure type="AssertionError" />
    </testcase>
  </testsuite>
  <testsuite name="target-repo\test\sovereign-collaboration-v370.test.ts" file="target-repo\test\sovereign-collaboration-v370.test.ts" tests="1" assertions="1" failures="1" skipped="0" time="0.002" hostname="">
    <testcase name="v370 Sovereign Evolution: Galactic Harmony &amp; Stellar Singularity" classname="" time="0.002557" file="target-repo\test\sovereign-collaboration-v370.test.ts" line="4" assertions="1">
      <failure type="AssertionError" />
    </testcase>
  </testsuite>
  <testsuite name="target-repo\test\sovereign-collaboration-v371.test.ts" file="target-repo\test\sovereign-collaboration-v371.test.ts" tests="1" assertions="1" failures="1" skipped="0" time="0" hostname="">
    <testcase name="v371 Sovereign Evolution: Cosmic Cohesion &amp; Neural Singularity" classname="" time="0.000475" file="target-repo\test\sovereign-collaboration-v371.test.ts" line="4" assertions="1">
      <failure type="AssertionError" />
    </testcase>
  </testsuite>
  <testsuite name="target-repo\test\sovereign-collaboration-v372.test.ts" file="target-repo\test\sovereign-collaboration-v372.test.ts" tests="1" assertions="1" failures="1" skipped="0" time="0" hostname="">
    <testcase name="v372 Sovereign Evolution: Cosmic Harmony &amp; Neural Resonance" classname="" time="0.000393" file="target-repo\test\sovereign-collaboration-v372.test.ts" line="4" assertions="1">
      <failure type="AssertionError" />
    </testcase>
  </testsuite>
  <testsuite name="target-repo\test\sovereign-collaboration-v373.test.ts" file="target-repo\test\sovereign-collaboration-v373.test.ts" tests="1" assertions="2" failures="1" skipped="0" time="0" hostname="">
    <testcase name="v373 Sovereign Collaboration: Galactic Synergy &amp; Stellar Singularity" classname="" time="0.000415" file="target-repo\test\sovereign-collaboration-v373.test.ts" line="4" assertions="2">
      <failure type="AssertionError" />
    </testcase>
  </testsuite>
  <testsuite name="target-repo\test\sovereign-collaboration-v374.test.ts" file="target-repo\test\sovereign-collaboration-v374.test.ts" tests="1" assertions="2" failures="1" skipped="0" time="0.006" hostname="">
    <testcase name="v374 Sovereign Collaboration: Cosmic Harmony &amp; Neural Singularity" classname="" time="0.006134" file="target-repo\test\sovereign-collaboration-v374.test.ts" line="4" assertions="2">
      <failure type="AssertionError" />
    </testcase>
  </testsuite>
  <testsuite name="target-repo\test\sovereign-collaboration-v375.test.ts" file="target-repo\test\sovereign-collaboration-v375.test.ts" tests="1" assertions="2" failures="1" skipped="0" time="0" hostname="">
    <testcase name="v375 Sovereign Collaboration: Galactic Cohesion &amp; Stellar Resonance" classname="" time="0.000372" file="target-repo\test\sovereign-collaboration-v375.test.ts" line="4" assertions="2">
      <failure type="AssertionError" />
    </testcase>
  </testsuite>
  <testsuite name="target-repo\test\sovereign-collaboration-v376.test.ts" file="target-repo\test\sovereign-collaboration-v376.test.ts" tests="1" assertions="2" failures="1" skipped="0" time="0" hostname="">
    <testcase name="v376 Sovereign Collaboration: Cosmic Synergy &amp; Neural Harmony" classname="" time="0.000313" file="target-repo\test\sovereign-collaboration-v376.test.ts" line="4" assertions="2">
      <failure type="AssertionError" />
    </testcase>
  </testsuite>
  <testsuite name="target-repo\test\sovereign-collaboration-v377.test.ts" file="target-repo\test\sovereign-collaboration-v377.test.ts" tests="1" assertions="2" failures="1" skipped="0" time="0.002" hostname="">
    <testcase name="v377 Sovereign Collaboration: Universal Alignment &amp; Stellar Synergy" classname="" time="0.002851" file="target-repo\test\sovereign-collaboration-v377.test.ts" line="4" assertions="2">
      <failure type="AssertionError" />
    </testcase>
  </testsuite>
  <testsuite name="target-repo\test\sovereign-collaboration-v378.test.ts" file="target-repo\test\sovereign-collaboration-v378.test.ts" tests="1" assertions="2" failures="1" skipped="0" time="0" hostname="">
    <testcase name="v378 Sovereign Collaboration: Cosmic Harmony &amp; Neural Singularity" classname="" time="0.000321" file="target-repo\test\sovereign-collaboration-v378.test.ts" line="4" assertions="2">
      <failure type="AssertionError" />
    </testcase>
  </testsuite>
  <testsuite name="target-repo\test\sovereign-collaboration-v379.test.ts" file="target-repo\test\sovereign-collaboration-v379.test.ts" tests="1" assertions="2" failures="1" skipped="0" time="0" hostname="">
    <testcase name="v379 Sovereign Collaboration: Galactic Synergy &amp; Stellar Resonance" classname="" time="0.000483" file="target-repo\test\sovereign-collaboration-v379.test.ts" line="4" assertions="2">
      <failure type="AssertionError" />
    </testcase>
  </testsuite>
  <testsuite name="target-repo\test\sovereign-collaboration-v380.test.ts" file="target-repo\test\sovereign-collaboration-v380.test.ts" tests="1" assertions="2" failures="1" skipped="0" time="0" hostname="">
    <testcase name="v380 Sovereign Collaboration: Cosmic Alignment &amp; Neural Cohesion" classname="" time="0.000421" file="target-repo\test\sovereign-collaboration-v380.test.ts" line="4" assertions="2">
      <failure type="AssertionError" />
    </testcase>
  </testsuite>
  <testsuite name="target-repo\test\sovereign-collaboration-v381.test.ts" file="target-repo\test\sovereign-collaboration-v381.test.ts" tests="1" assertions="2" failures="1" skipped="0" time="0.003" hostname="">
    <testcase name="v381 Sovereign Collaboration: Galactic Harmony &amp; Stellar Singularity" classname="" time="0.003102" file="target-repo\test\sovereign-collaboration-v381.test.ts" line="4" assertions="2">
      <failure type="AssertionError" />
    </testcase>
  </testsuite>
  <testsuite name="target-repo\test\sovereign-collaboration-v382.test.ts" file="target-repo\test\sovereign-collaboration-v382.test.ts" tests="1" assertions="2" failures="1" skipped="0" time="0" hostname="">
    <testcase name="v382 Sovereign Collaboration: Cosmic Synchronicity &amp; Neural Evolution" classname="" time="0.000384" file="target-repo\test\sovereign-collaboration-v382.test.ts" line="4" assertions="2">
      <failure type="AssertionError" />
    </testcase>
  </testsuite>
  <testsuite name="target-repo\test\sovereign-collaboration-v383.test.ts" file="target-repo\test\sovereign-collaboration-v383.test.ts" tests="1" assertions="2" failures="1" skipped="0" time="0" hostname="">
    <testcase name="v383 Sovereign Collaboration: Galactic Resonance &amp; Stellar Synergy" classname="" time="0.000382" file="target-repo\test\sovereign-collaboration-v383.test.ts" line="4" assertions="2">
      <failure type="AssertionError" />
    </testcase>
  </testsuite>
  <testsuite name="target-repo\test\sovereign-collaboration-v384.test.ts" file="target-repo\test\sovereign-collaboration-v384.test.ts" tests="1" assertions="2" failures="1" skipped="0" time="0" hostname="">
    <testcase name="v384 Sovereign Collaboration: Cosmic Synchronization &amp; Neural Alignment" classname="" time="0.000648" file="target-repo\test\sovereign-collaboration-v384.test.ts" line="4" assertions="2">
      <failure type="AssertionError" />
    </testcase>
  </testsuite>
  <testsuite name="target-repo\test\sovereign-collaboration-v385.test.ts" file="target-repo\test\sovereign-collaboration-v385.test.ts" tests="1" assertions="2" failures="1" skipped="0" time="0.002" hostname="">
    <testcase name="v385 Sovereign Collaboration: Galactic Harmony &amp; Stellar Singularity" classname="" time="0.00278" file="target-repo\test\sovereign-collaboration-v385.test.ts" line="4" assertions="2">
      <failure type="AssertionError" />
    </testcase>
  </testsuite>
  <testsuite name="target-repo\test\sovereign-collaboration-v386.test.ts" file="target-repo\test\sovereign-collaboration-v386.test.ts" tests="1" assertions="2" failures="1" skipped="0" time="0" hostname="">
    <testcase name="v386 Sovereign Collaboration: Cosmic Resonance &amp; Neural Evolution" classname="" time="0.000364" file="target-repo\test\sovereign-collaboration-v386.test.ts" line="4" assertions="2">
      <failure type="AssertionError" />
    </testcase>
  </testsuite>
  <testsuite name="target-repo\test\sovereign-collaboration-v387.test.ts" file="target-repo\test\sovereign-collaboration-v387.test.ts" tests="1" assertions="2" failures="1" skipped="0" time="0" hostname="">
    <testcase name="v387 Sovereign Collaboration: Galactic Harmony &amp; Stellar Singularity" classname="" time="0.000407" file="target-repo\test\sovereign-collaboration-v387.test.ts" line="4" assertions="2">
      <failure type="AssertionError" />
    </testcase>
  </testsuite>
  <testsuite name="target-repo\test\sovereign-collaboration-v388.test.ts" file="target-repo\test\sovereign-collaboration-v388.test.ts" tests="1" assertions="2" failures="1" skipped="0" time="0" hostname="">
    <testcase name="v388 Sovereign Collaboration: Cosmic Resonance &amp; Neural Evolution" classname="" time="0.000589" file="target-repo\test\sovereign-collaboration-v388.test.ts" line="4" assertions="2">
      <failure type="AssertionError" />
    </testcase>
  </testsuite>
  <testsuite name="target-repo\test\sovereign-collaboration-v389.test.ts" file="target-repo\test\sovereign-collaboration-v389.test.ts" tests="1" assertions="2" failures="1" skipped="0" time="0.002" hostname="">
    <testcase name="v389 Sovereign Collaboration: Galactic Harmony &amp; Stellar Singularity" classname="" time="0.002784" file="target-repo\test\sovereign-collaboration-v389.test.ts" line="4" assertions="2">
      <failure type="AssertionError" />
    </testcase>
  </testsuite>
  <testsuite name="target-repo\test\sovereign-collaboration-v390.test.ts" file="target-repo\test\sovereign-collaboration-v390.test.ts" tests="1" assertions="2" failures="1" skipped="0" time="0" hostname="">
    <testcase name="v390 Sovereign Collaboration: Cosmic Resonance &amp; Neural Evolution" classname="" time="0.000419" file="target-repo\test\sovereign-collaboration-v390.test.ts" line="4" assertions="2">
      <failure type="AssertionError" />
    </testcase>
  </testsuite>
  <testsuite name="target-repo\test\sovereign-collaboration-v391.test.ts" file="target-repo\test\sovereign-collaboration-v391.test.ts" tests="1" assertions="2" failures="1" skipped="0" time="0" hostname="">
    <testcase name="v391 Sovereign Collaboration: Galactic Harmony &amp; Stellar Singularity" classname="" time="0.000447" file="target-repo\test\sovereign-collaboration-v391.test.ts" line="4" assertions="2">
      <failure type="AssertionError" />
    </testcase>
  </testsuite>
  <testsuite name="target-repo\test\sovereign-collaboration-v392.test.ts" file="target-repo\test\sovereign-collaboration-v392.test.ts" tests="1" assertions="2" failures="1" skipped="0" time="0" hostname="">
    <testcase name="Sovereign Collaboration Evolution v392: Cosmic Synchronicity &amp; Neural Evolution" classname="" time="0.000505" file="target-repo\test\sovereign-collaboration-v392.test.ts" line="4" assertions="2">
      <failure type="AssertionError" />
    </testcase>
  </testsuite>
  <testsuite name="target-repo\test\sovereign-collaboration-v393.test.ts" file="target-repo\test\sovereign-collaboration-v393.test.ts" tests="1" assertions="2" failures="1" skipped="0" time="0.002" hostname="">
    <testcase name="Sovereign Collaboration Evolution v393: Galactic Harmony &amp; Stellar Singularity" classname="" time="0.002873" file="target-repo\test\sovereign-collaboration-v393.test.ts" line="4" assertions="2">
      <failure type="AssertionError" />
    </testcase>
  </testsuite>
  <testsuite name="target-repo\test\sovereign-collaboration-v394.test.ts" file="target-repo\test\sovereign-collaboration-v394.test.ts" tests="1" assertions="2" failures="1" skipped="0" time="0" hostname="">
    <testcase name="Sovereign Collaboration v394: Cosmic Resonance &amp; Neural Evolution" classname="" time="0.000541" file="target-repo\test\sovereign-collaboration-v394.test.ts" line="4" assertions="2">
      <failure type="AssertionError" />
    </testcase>
  </testsuite>
  <testsuite name="target-repo\test\sovereign-collaboration-v395.test.ts" file="target-repo\test\sovereign-collaboration-v395.test.ts" tests="1" assertions="2" failures="1" skipped="0" time="0" hostname="">
    <testcase name="Sovereign Collaboration v395: Cosmic Harmony &amp; Neural Singularity" classname="" time="0.000489" file="target-repo\test\sovereign-collaboration-v395.test.ts" line="4" assertions="2">
      <failure type="AssertionError" />
    </testcase>
  </testsuite>
  <testsuite name="target-repo\test\sovereign-collaboration-v396.test.ts" file="target-repo\test\sovereign-collaboration-v396.test.ts" tests="1" assertions="2" failures="1" skipped="0" time="0.003" hostname="">
    <testcase name="Sovereign Collaboration v396: Galactic Harmony &amp; Stellar Singularity" classname="" time="0.003985" file="target-repo\test\sovereign-collaboration-v396.test.ts" line="4" assertions="2">
      <failure type="AssertionError" />
    </testcase>
  </testsuite>
  <testsuite name="target-repo\test\sovereign-collaboration-v397.test.ts" file="target-repo\test\sovereign-collaboration-v397.test.ts" tests="1" assertions="2" failures="1" skipped="0" time="0" hostname="">
    <testcase name="Sovereign Collaboration v397: Cosmic Resonance &amp; Neural Evolution" classname="" time="0.000638" file="target-repo\test\sovereign-collaboration-v397.test.ts" line="4" assertions="2">
      <failure type="AssertionError" />
    </testcase>
  </testsuite>
  <testsuite name="target-repo\test\sovereign-collaboration-v398.test.ts" file="target-repo\test\sovereign-collaboration-v398.test.ts" tests="1" assertions="2" failures="1" skipped="0" time="0" hostname="">
    <testcase name="Sovereign Collaboration v398: Galactic Consciousness &amp; Stellar Alignment" classname="" time="0.000502" file="target-repo\test\sovereign-collaboration-v398.test.ts" line="4" assertions="2">
      <failure type="AssertionError" />
    </testcase>
  </testsuite>
  <testsuite name="target-repo\test\sovereign-collaboration-v399.test.ts" file="target-repo\test\sovereign-collaboration-v399.test.ts" tests="1" assertions="2" failures="1" skipped="0" time="0.002" hostname="">
    <testcase name="Sovereign Collaboration v399: Cosmic Harmony &amp; Neural Singularity" classname="" time="0.002148" file="target-repo\test\sovereign-collaboration-v399.test.ts" line="4" assertions="2">
      <failure type="AssertionError" />
    </testcase>
  </testsuite>
  <testsuite name="target-repo\test\sovereign-collaboration-v400.test.ts" file="target-repo\test\sovereign-collaboration-v400.test.ts" tests="1" assertions="2" failures="1" skipped="0" time="0" hostname="">
    <testcase name="Sovereign Collaboration v400: Galactic Resonance &amp; Stellar Singularity" classname="" time="0.000545" file="target-repo\test\sovereign-collaboration-v400.test.ts" line="4" assertions="2">
      <failure type="AssertionError" />
    </testcase>
  </testsuite>
  <testsuite name="target-repo\test\sovereign-collaboration-v401.test.ts" file="target-repo\test\sovereign-collaboration-v401.test.ts" tests="1" assertions="2" failures="1" skipped="0" time="0" hostname="">
    <testcase name="Sovereign Collaboration v401: Neural Evolution &amp; Cosmic Harmony" classname="" time="0.000589" file="target-repo\test\sovereign-collaboration-v401.test.ts" line="4" assertions="2">
      <failure type="AssertionError" />
    </testcase>
  </testsuite>
  <testsuite name="target-repo\test\sovereign-collaboration-v402.test.ts" file="target-repo\test\sovereign-collaboration-v402.test.ts" tests="1" assertions="2" failures="1" skipped="0" time="0" hostname="">
    <testcase name="Sovereign Collaboration v402: Galactic Consciousness &amp; Stellar Evolution" classname="" time="0.000654" file="target-repo\test\sovereign-collaboration-v402.test.ts" line="4" assertions="2">
      <failure type="AssertionError" />
    </testcase>
  </testsuite>
  <testsuite name="target-repo\test\sovereign-collaboration-v403.test.ts" file="target-repo\test\sovereign-collaboration-v403.test.ts" tests="1" assertions="2" failures="1" skipped="0" time="0.006" hostname="">
    <testcase name="v403 Sovereign Collaboration: Cosmic Harmony &amp; Neural Singularity" classname="" time="0.006084" file="target-repo\test\sovereign-collaboration-v403.test.ts" line="4" assertions="2">
      <failure type="AssertionError" />
    </testcase>
  </testsuite>
  <testsuite name="target-repo\test\sovereign-collaboration-v404.test.ts" file="target-repo\test\sovereign-collaboration-v404.test.ts" tests="1" assertions="2" failures="1" skipped="0" time="0" hostname="">
    <testcase name="v404 Sovereign Collaboration: Neural Resonance &amp; Galactic Alignment" classname="" time="0.000485" file="target-repo\test\sovereign-collaboration-v404.test.ts" line="4" assertions="2">
      <failure type="AssertionError" />
    </testcase>
  </testsuite>
  <testsuite name="target-repo\test\sovereign-collaboration-v405.test.ts" file="target-repo\test\sovereign-collaboration-v405.test.ts" tests="1" assertions="2" failures="1" skipped="0" time="0" hostname="">
    <testcase name="v405 Sovereign Collaboration: Neural Synthesis &amp; Cosmic Alignment" classname="" time="0.000473" file="target-repo\test\sovereign-collaboration-v405.test.ts" line="4" assertions="2">
      <failure type="AssertionError" />
    </testcase>
  </testsuite>
  <testsuite name="target-repo\test\sovereign-collaboration-v406.test.ts" file="target-repo\test\sovereign-collaboration-v406.test.ts" tests="1" assertions="2" failures="1" skipped="0" time="0.003" hostname="">
    <testcase name="v406 Sovereign Collaboration: Galactic Harmony &amp; Stellar Singularity" classname="" time="0.003649" file="target-repo\test\sovereign-collaboration-v406.test.ts" line="4" assertions="2">
      <failure type="AssertionError" />
    </testcase>
  </testsuite>
  <testsuite name="target-repo\test\sovereign-collaboration-v407.test.ts" file="target-repo\test\sovereign-collaboration-v407.test.ts" tests="1" assertions="2" failures="1" skipped="0" time="0" hostname="">
    <testcase name="v407 Sovereign Collaboration: Cosmic Resonance &amp; Neural Evolution" classname="" time="0.000526" file="target-repo\test\sovereign-collaboration-v407.test.ts" line="4" assertions="2">
      <failure type="AssertionError" />
    </testcase>
  </testsuite>
  <testsuite name="target-repo\test\sovereign-collaboration-v408.test.ts" file="target-repo\test\sovereign-collaboration-v408.test.ts" tests="1" assertions="2" failures="1" skipped="0" time="0" hostname="">
    <testcase name="v408 Sovereign Collaboration: Neural Resonance &amp; Cosmic Alignment" classname="" time="0.000422" file="target-repo\test\sovereign-collaboration-v408.test.ts" line="4" assertions="2">
      <failure type="AssertionError" />
    </testcase>
  </testsuite>
  <testsuite name="target-repo\test\sovereign-collaboration-v409.test.ts" file="target-repo\test\sovereign-collaboration-v409.test.ts" tests="1" assertions="2" failures="1" skipped="0" time="0" hostname="">
    <testcase name="v409 Sovereign Collaboration: Neural Resonance &amp; Cosmic Alignment" classname="" time="0.000485" file="target-repo\test\sovereign-collaboration-v409.test.ts" line="4" assertions="2">
      <failure type="AssertionError" />
    </testcase>
  </testsuite>
  <testsuite name="target-repo\test\sovereign-collaboration-v410.test.ts" file="target-repo\test\sovereign-collaboration-v410.test.ts" tests="1" assertions="2" failures="1" skipped="0" time="0.013" hostname="">
    <testcase name="v410 Sovereign Collaboration: Neural Resonance &amp; Galactic Synchronicity" classname="" time="0.013773" file="target-repo\test\sovereign-collaboration-v410.test.ts" line="4" assertions="2">
      <failure type="AssertionError" />
    </testcase>
  </testsuite>
  <testsuite name="target-repo\test\sovereign-collaboration-v411.test.ts" file="target-repo\test\sovereign-collaboration-v411.test.ts" tests="1" assertions="8" failures="0" skipped="0" time="0.004" hostname="">
    <testcase name="v411 Sovereign Collaboration: Neural Synthesis &amp; Cosmic Harmony" classname="" time="0.004607" file="target-repo\test\sovereign-collaboration-v411.test.ts" line="4" assertions="8" />
  </testsuite>
  <testsuite name="target-repo\test\sovereign-collaboration-v412.test.ts" file="target-repo\test\sovereign-collaboration-v412.test.ts" tests="1" assertions="8" failures="0" skipped="0" time="0" hostname="">
    <testcase name="v412 Sovereign Collaboration: Neural Synthesis &amp; Cosmic Harmony" classname="" time="0.000478" file="target-repo\test\sovereign-collaboration-v412.test.ts" line="4" assertions="8" />
  </testsuite>
  <testsuite name="target-repo\test\sovereign-collaboration-v413.test.ts" file="target-repo\test\sovereign-collaboration-v413.test.ts" tests="1" assertions="8" failures="0" skipped="0" time="0" hostname="">
    <testcase name="v413 Sovereign Collaboration: Neural Resonance &amp; Galactic Synchronicity" classname="" time="0.000363" file="target-repo\test\sovereign-collaboration-v413.test.ts" line="4" assertions="8" />
  </testsuite>
  <testsuite name="target-repo\test\sovereign-collaboration-v414.test.ts" file="target-repo\test\sovereign-collaboration-v414.test.ts" tests="1" assertions="8" failures="0" skipped="0" time="0.011" hostname="">
    <testcase name="Sovereign Collaboration v414: Cosmic Harmony &amp; Neural Singularity" classname="" time="0.011986" file="target-repo\test\sovereign-collaboration-v414.test.ts" line="4" assertions="8" />
  </testsuite>
  <testsuite name="target-repo\test\sovereign-collaboration-v415.test.ts" file="target-repo\test\sovereign-collaboration-v415.test.ts" tests="1" assertions="9" failures="0" skipped="0" time="0.004" hostname="">
    <testcase name="Sovereign Collaboration v415: Neural Resonance &amp; Galactic Harmony" classname="" time="0.004369" file="target-repo\test\sovereign-collaboration-v415.test.ts" line="4" assertions="9" />
  </testsuite>
  <testsuite name="target-repo\test\sovereign-collaboration-v416.test.ts" file="target-repo\test\sovereign-collaboration-v416.test.ts" tests="1" assertions="9" failures="0" skipped="0" time="0" hostname="">
    <testcase name="Sovereign Collaboration v416: Neural Evolution &amp; Cosmic Singularity" classname="" time="0.000365" file="target-repo\test\sovereign-collaboration-v416.test.ts" line="4" assertions="9" />
  </testsuite>
  <testsuite name="target-repo\test\sovereign-collaboration-v417.test.ts" file="target-repo\test\sovereign-collaboration-v417.test.ts" tests="1" assertions="9" failures="0" skipped="0" time="0" hostname="">
    <testcase name="Sovereign Collaboration v417: Neural Resonance &amp; Galactic Synchronicity" classname="" time="0.000366" file="target-repo\test\sovereign-collaboration-v417.test.ts" line="4" assertions="9" />
  </testsuite>
  <testsuite name="target-repo\test\sovereign-collaboration-v418.test.ts" file="target-repo\test\sovereign-collaboration-v418.test.ts" tests="1" assertions="9" failures="0" skipped="0" time="0" hostname="">
    <testcase name="Sovereign Collaboration v418: Celestial Harmony &amp; Neural Singularity" classname="" time="0.000324" file="target-repo\test\sovereign-collaboration-v418.test.ts" line="4" assertions="9" />
  </testsuite>
  <testsuite name="target-repo\test\sovereign-collaboration-v419.test.ts" file="target-repo\test\sovereign-collaboration-v419.test.ts" tests="1" assertions="9" failures="0" skipped="0" time="0.003" hostname="">
    <testcase name="Sovereign Collaboration v419: Galactic Consciousness &amp; Stellar Evolution" classname="" time="0.00391" file="target-repo\test\sovereign-collaboration-v419.test.ts" line="4" assertions="9" />
  </testsuite>
  <testsuite name="target-repo\test\sovereign-collaboration-v420.test.ts" file="target-repo\test\sovereign-collaboration-v420.test.ts" tests="1" assertions="9" failures="0" skipped="0" time="0" hostname="">
    <testcase name="Sovereign Collaboration v420: Neural Resonance &amp; Cosmic Alignment" classname="" time="0.000371" file="target-repo\test\sovereign-collaboration-v420.test.ts" line="4" assertions="9" />
  </testsuite>
  <testsuite name="target-repo\test\sovereign-collaboration-v421.test.ts" file="target-repo\test\sovereign-collaboration-v421.test.ts" tests="1" assertions="9" failures="0" skipped="0" time="0" hostname="">
    <testcase name="Sovereign Collaboration v421: Neural Harmony &amp; Galactic Resonance Alignment" classname="" time="0.000265" file="target-repo\test\sovereign-collaboration-v421.test.ts" line="4" assertions="9" />
  </testsuite>
  <testsuite name="target-repo\test\sovereign-collaboration-v422.test.ts" file="target-repo\test\sovereign-collaboration-v422.test.ts" tests="1" assertions="9" failures="0" skipped="0" time="0.002" hostname="">
    <testcase name="Sovereign Collaboration v422: Cosmic Synthesis &amp; Neural Alignment Resonance" classname="" time="0.002466" file="target-repo\test\sovereign-collaboration-v422.test.ts" line="4" assertions="9" />
  </testsuite>
  <testsuite name="target-repo\test\sovereign-collaboration-v423.test.ts" file="target-repo\test\sovereign-collaboration-v423.test.ts" tests="1" assertions="10" failures="0" skipped="0" time="0" hostname="">
    <testcase name="Sovereign Collaboration v423: Galactic Synthesis &amp; Neural Evolution Sovereignty" classname="" time="0.000363" file="target-repo\test\sovereign-collaboration-v423.test.ts" line="4" assertions="10" />
  </testsuite>
  <testsuite name="target-repo\test\sovereign-collaboration-v424.test.ts" file="target-repo\test\sovereign-collaboration-v424.test.ts" tests="1" assertions="10" failures="0" skipped="0" time="0.002" hostname="">
    <testcase name="Sovereign Collaboration v424: Cosmic Intelligence &amp; Neural Resonance Sovereignty" classname="" time="0.002814" file="target-repo\test\sovereign-collaboration-v424.test.ts" line="4" assertions="10" />
  </testsuite>
  <testsuite name="target-repo\test\sovereign-collaboration-v425.test.ts" file="target-repo\test\sovereign-collaboration-v425.test.ts" tests="1" assertions="10" failures="0" skipped="0" time="0" hostname="">
    <testcase name="Sovereign Collaboration v425: Galactic Consciousness &amp; Stellar Evolution Sovereignty" classname="" time="0.000377" file="target-repo\test\sovereign-collaboration-v425.test.ts" line="4" assertions="10" />
  </testsuite>
  <testsuite name="target-repo\test\sovereign-collaboration-v426.test.ts" file="target-repo\test\sovereign-collaboration-v426.test.ts" tests="1" assertions="10" failures="0" skipped="0" time="0" hostname="">
    <testcase name="Sovereign Collaboration v426: Celestial Synchronization &amp; Neural Intelligence Sovereignty" classname="" time="0.000299" file="target-repo\test\sovereign-collaboration-v426.test.ts" line="4" assertions="10" />
  </testsuite>
  <testsuite name="target-repo\test\sovereign-collaboration-v427.test.ts" file="target-repo\test\sovereign-collaboration-v427.test.ts" tests="1" assertions="10" failures="0" skipped="0" time="0" hostname="">
    <testcase name="Sovereign Collaboration v427: Celestial Evolution &amp; Galactic Synchronization Sovereignty" classname="" time="0.000388" file="target-repo\test\sovereign-collaboration-v427.test.ts" line="4" assertions="10" />
  </testsuite>
  <testsuite name="target-repo\test\sovereign-collaboration-v428.test.ts" file="target-repo\test\sovereign-collaboration-v428.test.ts" tests="2" assertions="9" failures="0" skipped="0" time="0.002" hostname="">
    <testcase name="Sovereign Evolution v428: Cosmic Synchronicity &amp; Neural Harmony identity reinforcement" classname="" time="0.002741" file="target-repo\test\sovereign-collaboration-v428.test.ts" line="4" assertions="8" />
    <testcase name="Sovereign Evolution v428: Tool branding reinforcement" classname="" time="0.000177" file="target-repo\test\sovereign-collaboration-v428.test.ts" line="20" assertions="1" />
  </testsuite>
  <testsuite name="target-repo\test\sovereign-collaboration-v429.test.ts" file="target-repo\test\sovereign-collaboration-v429.test.ts" tests="2" assertions="9" failures="0" skipped="0" time="0" hostname="">
    <testcase name="Sovereign Evolution v429: Cosmic Alignment &amp; Neural Resonance identity reinforcement" classname="" time="0.000729" file="target-repo\test\sovereign-collaboration-v429.test.ts" line="4" assertions="8" />
    <testcase name="Sovereign Evolution v429: Tool branding reinforcement" classname="" time="0.000233" file="target-repo\test\sovereign-collaboration-v429.test.ts" line="20" assertions="1" />
  </testsuite>
  <testsuite name="target-repo\test\sovereign-collaboration-v430.test.ts" file="target-repo\test\sovereign-collaboration-v430.test.ts" tests="2" assertions="9" failures="0" skipped="0" time="0" hostname="">
    <testcase name="Sovereign Evolution v430: Neural Harmony &amp; Galactic Singularity identity reinforcement" classname="" time="0.000404" file="target-repo\test\sovereign-collaboration-v430.test.ts" line="4" assertions="8" />
    <testcase name="Sovereign Evolution v430: Tool branding reinforcement" classname="" time="0.000312" file="target-repo\test\sovereign-collaboration-v430.test.ts" line="20" assertions="1" />
  </testsuite>
  <testsuite name="target-repo\test\sovereign-collaboration-v431.test.ts" file="target-repo\test\sovereign-collaboration-v431.test.ts" tests="1" assertions="10" failures="0" skipped="0" time="0.002" hostname="">
    <testcase name="Sovereign Evolution v431: Cosmic Resonance &amp; Neural Evolution" classname="" time="0.002757" file="target-repo\test\sovereign-collaboration-v431.test.ts" line="4" assertions="10" />
  </testsuite>
  <testsuite name="target-repo\test\sovereign-collaboration-v432.test.ts" file="target-repo\test\sovereign-collaboration-v432.test.ts" tests="1" assertions="10" failures="0" skipped="0" time="0" hostname="">
    <testcase name="Sovereign Evolution v432: Galactic Synchronization &amp; Stellar Singularity" classname="" time="0.000375" file="target-repo\test\sovereign-collaboration-v432.test.ts" line="4" assertions="10" />
  </testsuite>
  <testsuite name="target-repo\test\sovereign-collaboration-v433.test.ts" file="target-repo\test\sovereign-collaboration-v433.test.ts" tests="1" assertions="10" failures="0" skipped="0" time="0" hostname="">
    <testcase name="Sovereign Evolution v433: Neural Evolution &amp; Cosmic Harmony" classname="" time="0.000378" file="target-repo\test\sovereign-collaboration-v433.test.ts" line="4" assertions="10" />
  </testsuite>
  <testsuite name="target-repo\test\sovereign-collaboration-v434.test.ts" file="target-repo\test\sovereign-collaboration-v434.test.ts" tests="1" assertions="8" failures="0" skipped="0" time="0.002" hostname="">
    <testcase name="Sovereign Evolution v434: Galactic Consciousness &amp; Stellar Resonance Integration" classname="" time="0.002335" file="target-repo\test\sovereign-collaboration-v434.test.ts" line="4" assertions="8" />
  </testsuite>
  <testsuite name="target-repo\test\sovereign-collaboration-v435.test.ts" file="target-repo\test\sovereign-collaboration-v435.test.ts" tests="1" assertions="8" failures="0" skipped="0" time="0" hostname="">
    <testcase name="Sovereign Evolution v435: Galactic Harmony &amp; Neural Resonance Integration" classname="" time="0.000209" file="target-repo\test\sovereign-collaboration-v435.test.ts" line="4" assertions="8" />
  </testsuite>
  <testsuite name="target-repo\test\sovereign-collaboration-v436.test.ts" file="target-repo\test\sovereign-collaboration-v436.test.ts" tests="1" assertions="8" failures="0" skipped="0" time="0" hostname="">
    <testcase name="Sovereign Evolution v436: Cosmic Singularity &amp; Neural Evolution Integration" classname="" time="0.000363" file="target-repo\test\sovereign-collaboration-v436.test.ts" line="4" assertions="8" />
  </testsuite>
  <testsuite name="target-repo\test\sovereign-collaboration-v437.test.ts" file="target-repo\test\sovereign-collaboration-v437.test.ts" tests="1" assertions="8" failures="0" skipped="0" time="0" hostname="">
    <testcase name="Sovereign Evolution v437: Galactic Resonance &amp; Stellar Evolution Integration" classname="" time="0.000275" file="target-repo\test\sovereign-collaboration-v437.test.ts" line="4" assertions="8" />
  </testsuite>
  <testsuite name="target-repo\test\sovereign-collaboration-v438.test.ts" file="target-repo\test\sovereign-collaboration-v438.test.ts" tests="1" assertions="8" failures="0" skipped="0" time="0.004" hostname="">
    <testcase name="Sovereign Evolution v438: Cosmic Harmony &amp; Neural Singularity Integration" classname="" time="0.004432" file="target-repo\test\sovereign-collaboration-v438.test.ts" line="4" assertions="8" />
  </testsuite>
  <testsuite name="target-repo\test\sovereign-collaboration-v439.test.ts" file="target-repo\test\sovereign-collaboration-v439.test.ts" tests="1" assertions="8" failures="0" skipped="0" time="0" hostname="">
    <testcase name="Sovereign Evolution v439: Galactic Synchronicity &amp; Stellar Singularity Integration" classname="" time="0.000729" file="target-repo\test\sovereign-collaboration-v439.test.ts" line="4" assertions="8" />
  </testsuite>
  <testsuite name="target-repo\test\sovereign-collaboration-v440.test.ts" file="target-repo\test\sovereign-collaboration-v440.test.ts" tests="1" assertions="9" failures="0" skipped="0" time="0" hostname="">
    <testcase name="Sovereign Evolution v440: Cosmic Resonance &amp; Neural Evolution Integration" classname="" time="0.000208" file="target-repo\test\sovereign-collaboration-v440.test.ts" line="4" assertions="9" />
  </testsuite>
  <testsuite name="target-repo\test\sovereign-collaboration-v441.test.ts" file="target-repo\test\sovereign-collaboration-v441.test.ts" tests="1" assertions="9" failures="0" skipped="0" time="0.002" hostname="">
    <testcase name="Sovereign Evolution v441: Galactic Harmony &amp; Stellar Singularity Integration" classname="" time="0.002644" file="target-repo\test\sovereign-collaboration-v441.test.ts" line="4" assertions="9" />
  </testsuite>
  <testsuite name="target-repo\test\sovereign-collaboration-v442.test.ts" file="target-repo\test\sovereign-collaboration-v442.test.ts" tests="1" assertions="9" failures="0" skipped="0" time="0" hostname="">
    <testcase name="Sovereign Evolution v442: Universal Resonance &amp; Celestial Harmony Integration" classname="" time="0.000261" file="target-repo\test\sovereign-collaboration-v442.test.ts" line="4" assertions="9" />
  </testsuite>
  <testsuite name="target-repo\test\sovereign-collaboration-v444.test.ts" file="target-repo\test\sovereign-collaboration-v444.test.ts" tests="1" assertions="9" failures="0" skipped="0" time="0" hostname="">
    <testcase name="Sovereign Evolution v444: Galactic Consciousness &amp; Stellar Evolution Integration" classname="" time="0.000374" file="target-repo\test\sovereign-collaboration-v444.test.ts" line="4" assertions="9" />
  </testsuite>
  <testsuite name="target-repo\test\sovereign-collaboration-v445.test.ts" file="target-repo\test\sovereign-collaboration-v445.test.ts" tests="1" assertions="9" failures="0" skipped="0" time="0" hostname="">
    <testcase name="Sovereign Evolution v445: Cosmic Resonance &amp; Neural Harmony Integration" classname="" time="0.000296" file="target-repo\test\sovereign-collaboration-v445.test.ts" line="4" assertions="9" />
  </testsuite>
  <testsuite name="target-repo\test\sovereign-collaboration-v446.test.ts" file="target-repo\test\sovereign-collaboration-v446.test.ts" tests="1" assertions="9" failures="0" skipped="0" time="0.002" hostname="">
    <testcase name="Sovereign Evolution v446: Cosmic Harmony &amp; Neural Singularity Integration" classname="" time="0.002833" file="target-repo\test\sovereign-collaboration-v446.test.ts" line="4" assertions="9" />
  </testsuite>
  <testsuite name="target-repo\test\sovereign-collaboration-v447.test.ts" file="target-repo\test\sovereign-collaboration-v447.test.ts" tests="1" assertions="9" failures="0" skipped="0" time="0" hostname="">
    <testcase name="Sovereign Evolution v447: Galactic Consciousness &amp; Neural Resonance Integration" classname="" time="0.000218" file="target-repo\test\sovereign-collaboration-v447.test.ts" line="4" assertions="9" />
  </testsuite>
  <testsuite name="target-repo\test\sovereign-collaboration-v448.test.ts" file="target-repo\test\sovereign-collaboration-v448.test.ts" tests="1" assertions="9" failures="0" skipped="0" time="0.003" hostname="">
    <testcase name="Sovereign Evolution v448: Cosmic Harmony &amp; Stellar Singularity Integration" classname="" time="0.003169" file="target-repo\test\sovereign-collaboration-v448.test.ts" line="4" assertions="9" />
  </testsuite>
  <testsuite name="target-repo\test\sovereign-collaboration-v449.test.ts" file="target-repo\test\sovereign-collaboration-v449.test.ts" tests="1" assertions="9" failures="0" skipped="0" time="0" hostname="">
    <testcase name="Sovereign Evolution v449: Galactic Consciousness &amp; Neural Evolution Integration" classname="" time="0.000321" file="target-repo\test\sovereign-collaboration-v449.test.ts" line="4" assertions="9" />
  </testsuite>
  <testsuite name="target-repo\test\sovereign-collaboration-v450.test.ts" file="target-repo\test\sovereign-collaboration-v450.test.ts" tests="1" assertions="9" failures="0" skipped="0" time="0.004" hostname="">
    <testcase name="Sovereign Evolution v450: Cosmic Harmony &amp; Neural Singularity Integration" classname="" time="0.004048" file="target-repo\test\sovereign-collaboration-v450.test.ts" line="4" assertions="9" />
  </testsuite>
  <testsuite name="target-repo\test\sovereign-collaboration-v451.test.ts" file="target-repo\test\sovereign-collaboration-v451.test.ts" tests="1" assertions="9" failures="0" skipped="0" time="0" hostname="">
    <testcase name="Sovereign Evolution v451: Galactic Harmony &amp; Stellar Singularity Integration" classname="" time="0.000203" file="target-repo\test\sovereign-collaboration-v451.test.ts" line="4" assertions="9" />
  </testsuite>
  <testsuite name="target-repo\test\sovereign-collaboration-v452.test.ts" file="target-repo\test\sovereign-collaboration-v452.test.ts" tests="1" assertions="9" failures="0" skipped="0" time="0" hostname="">
    <testcase name="Sovereign Evolution v452: Cosmic Resonance &amp; Neural Evolution Integration" classname="" time="0.00021" file="target-repo\test\sovereign-collaboration-v452.test.ts" line="4" assertions="9" />
  </testsuite>
  <testsuite name="target-repo\test\sovereign-collaboration-v453.test.ts" file="target-repo\test\sovereign-collaboration-v453.test.ts" tests="1" assertions="9" failures="0" skipped="0" time="0" hostname="">
    <testcase name="Sovereign Evolution v453: Galactic Consciousness &amp; Stellar Evolution Integration" classname="" time="0.000211" file="target-repo\test\sovereign-collaboration-v453.test.ts" line="4" assertions="9" />
  </testsuite>
  <testsuite name="target-repo\test\sovereign-collaboration-v454.test.ts" file="target-repo\test\sovereign-collaboration-v454.test.ts" tests="1" assertions="9" failures="0" skipped="0" time="0.002" hostname="">
    <testcase name="Sovereign Evolution v454: Cosmic Harmony &amp; Neural Singularity Integration" classname="" time="0.002644" file="target-repo\test\sovereign-collaboration-v454.test.ts" line="4" assertions="9" />
  </testsuite>
  <testsuite name="target-repo\test\sovereign-collaboration-v455.test.ts" file="target-repo\test\sovereign-collaboration-v455.test.ts" tests="1" assertions="9" failures="0" skipped="0" time="0" hostname="">
    <testcase name="Sovereign Evolution v455: Galactic Consciousness &amp; Neural Resonance Integration" classname="" time="0.00021" file="target-repo\test\sovereign-collaboration-v455.test.ts" line="4" assertions="9" />
  </testsuite>
  <testsuite name="target-repo\test\sovereign-collaboration-v456.test.ts" file="target-repo\test\sovereign-collaboration-v456.test.ts" tests="1" assertions="9" failures="0" skipped="0" time="0" hostname="">
    <testcase name="Sovereign Evolution v456: Cosmic Harmony &amp; Neural Singularity Integration" classname="" time="0.000245" file="target-repo\test\sovereign-collaboration-v456.test.ts" line="4" assertions="9" />
  </testsuite>
  <testsuite name="target-repo\test\sovereign-collaboration-v457.test.ts" file="target-repo\test\sovereign-collaboration-v457.test.ts" tests="1" assertions="9" failures="0" skipped="0" time="0" hostname="">
    <testcase name="Sovereign Evolution v457: Galactic Consciousness &amp; Neural Resonance Integration" classname="" time="0.000211" file="target-repo\test\sovereign-collaboration-v457.test.ts" line="4" assertions="9" />
  </testsuite>
  <testsuite name="target-repo\test\sovereign-collaboration-v458.test.ts" file="target-repo\test\sovereign-collaboration-v458.test.ts" tests="1" assertions="9" failures="0" skipped="0" time="0.009" hostname="">
    <testcase name="Sovereign Evolution v458: Cosmic Harmony &amp; Neural Singularity Integration" classname="" time="0.009997" file="target-repo\test\sovereign-collaboration-v458.test.ts" line="4" assertions="9" />
  </testsuite>
  <testsuite name="target-repo\test\sovereign-collaboration-v459.test.ts" file="target-repo\test\sovereign-collaboration-v459.test.ts" tests="1" assertions="9" failures="0" skipped="0" time="0" hostname="">
    <testcase name="Sovereign Evolution v459: Galactic Consciousness &amp; Neural Resonance Integration" classname="" time="0.00029" file="target-repo\test\sovereign-collaboration-v459.test.ts" line="4" assertions="9" />
  </testsuite>
  <testsuite name="target-repo\test\sovereign-collaboration-v460.test.ts" file="target-repo\test\sovereign-collaboration-v460.test.ts" tests="1" assertions="9" failures="0" skipped="0" time="0.002" hostname="">
    <testcase name="Sovereign Evolution v460: Cosmic Harmony &amp; Neural Singularity Integration" classname="" time="0.002948" file="target-repo\test\sovereign-collaboration-v460.test.ts" line="4" assertions="9" />
  </testsuite>
  <testsuite name="target-repo\test\sovereign-collaboration-v461.test.ts" file="target-repo\test\sovereign-collaboration-v461.test.ts" tests="1" assertions="9" failures="0" skipped="0" time="0" hostname="">
    <testcase name="Sovereign Evolution v461: Galactic Consciousness &amp; Neural Resonance Integration" classname="" time="0.000212" file="target-repo\test\sovereign-collaboration-v461.test.ts" line="4" assertions="9" />
  </testsuite>
  <testsuite name="target-repo\test\sovereign-collaboration-v462.test.ts" file="target-repo\test\sovereign-collaboration-v462.test.ts" tests="1" assertions="9" failures="0" skipped="0" time="0" hostname="">
    <testcase name="Sovereign Evolution v462: Cosmic Harmony &amp; Neural Singularity Integration" classname="" time="0.000298" file="target-repo\test\sovereign-collaboration-v462.test.ts" line="4" assertions="9" />
  </testsuite>
  <testsuite name="target-repo\test\sovereign-collaboration-v463.test.ts" file="target-repo\test\sovereign-collaboration-v463.test.ts" tests="1" assertions="9" failures="0" skipped="0" time="0" hostname="">
    <testcase name="Sovereign Evolution v463: Cosmic Unity &amp; Neural Resonance Integration" classname="" time="0.000561" file="target-repo\test\sovereign-collaboration-v463.test.ts" line="4" assertions="9" />
  </testsuite>
  <testsuite name="target-repo\test\sovereign-collaboration-v464.test.ts" file="target-repo\test\sovereign-collaboration-v464.test.ts" tests="1" assertions="9" failures="0" skipped="0" time="0.002" hostname="">
    <testcase name="Sovereign Evolution v464: Galactic Harmony &amp; Stellar Singularity Integration" classname="" time="0.002979" file="target-repo\test\sovereign-collaboration-v464.test.ts" line="4" assertions="9" />
  </testsuite>
  <testsuite name="target-repo\test\sovereign-collaboration-v465.test.ts" file="target-repo\test\sovereign-collaboration-v465.test.ts" tests="1" assertions="9" failures="0" skipped="0" time="0" hostname="">
    <testcase name="Sovereign Evolution v465: Cosmic Consciousness &amp; Neural Harmony Integration" classname="" time="0.000259" file="target-repo\test\sovereign-collaboration-v465.test.ts" line="4" assertions="9" />
  </testsuite>
  <testsuite name="target-repo\test\sovereign-collaboration-v467.test.ts" file="target-repo\test\sovereign-collaboration-v467.test.ts" tests="1" assertions="9" failures="0" skipped="0" time="0" hostname="">
    <testcase name="Sovereign Evolution v467: Cosmic Harmony &amp; Neural Resonance Integration" classname="" time="0.000492" file="target-repo\test\sovereign-collaboration-v467.test.ts" line="4" assertions="9" />
  </testsuite>
  <testsuite name="target-repo\test\sovereign-collaboration-v468.test.ts" file="target-repo\test\sovereign-collaboration-v468.test.ts" tests="1" assertions="9" failures="0" skipped="0" time="0.003" hostname="">
    <testcase name="Sovereign Evolution v468: Galactic Consciousness &amp; Stellar Singularity Integration" classname="" time="0.003225" file="target-repo\test\sovereign-collaboration-v468.test.ts" line="4" assertions="9" />
  </testsuite>
  <testsuite name="target-repo\test\sovereign-collaboration-v469.test.ts" file="target-repo\test\sovereign-collaboration-v469.test.ts" tests="1" assertions="9" failures="0" skipped="0" time="0" hostname="">
    <testcase name="Sovereign Evolution v469: Cosmic Harmony &amp; Neural Singularity Integration" classname="" time="0.000267" file="target-repo\test\sovereign-collaboration-v469.test.ts" line="4" assertions="9" />
  </testsuite>
  <testsuite name="target-repo\test\sovereign-collaboration-v470.test.ts" file="target-repo\test\sovereign-collaboration-v470.test.ts" tests="1" assertions="9" failures="0" skipped="0" time="0" hostname="">
    <testcase name="Sovereign Evolution v470: Galactic Cohesion &amp; Stellar Resonance Integration" classname="" time="0.000217" file="target-repo\test\sovereign-collaboration-v470.test.ts" line="4" assertions="9" />
  </testsuite>
  <testsuite name="target-repo\test\sovereign-collaboration-v471.test.ts" file="target-repo\test\sovereign-collaboration-v471.test.ts" tests="1" assertions="9" failures="0" skipped="0" time="0" hostname="">
    <testcase name="Sovereign Evolution v471: Cosmic Synergy &amp; Neural Harmony Integration" classname="" time="0.000195" file="target-repo\test\sovereign-collaboration-v471.test.ts" line="4" assertions="9" />
  </testsuite>
  <testsuite name="target-repo\test\sovereign-collaboration-v472.test.ts" file="target-repo\test\sovereign-collaboration-v472.test.ts" tests="2" assertions="9" failures="0" skipped="0" time="0.002" hostname="">
    <testcase name="v472 Sovereign Evolution: Galactic Cohesion &amp; Stellar Singularity" classname="" time="0.002523" file="target-repo\test\sovereign-collaboration-v472.test.ts" line="8" assertions="8" />
    <testcase name="v472 Tool Integration (GJC/JEO)" classname="" time="0.000136" file="target-repo\test\sovereign-collaboration-v472.test.ts" line="24" assertions="1" />
  </testsuite>
  <testsuite name="target-repo\test\sovereign-collaboration-v473.test.ts" file="target-repo\test\sovereign-collaboration-v473.test.ts" tests="2" assertions="9" failures="0" skipped="0" time="0" hostname="">
    <testcase name="v473 Sovereign Evolution: Cosmic Harmony &amp; Neural Resonance" classname="" time="0.000226" file="target-repo\test\sovereign-collaboration-v473.test.ts" line="8" assertions="8" />
    <testcase name="v473 Tool Integration (GJC/JEO)" classname="" time="0.000111" file="target-repo\test\sovereign-collaboration-v473.test.ts" line="24" assertions="1" />
  </testsuite>
  <testsuite name="target-repo\test\sovereign-collaboration-v474.test.ts" file="target-repo\test\sovereign-collaboration-v474.test.ts" tests="2" assertions="9" failures="0" skipped="0" time="0" hostname="">
    <testcase name="v474 Sovereign Evolution: Galactic Cohesion &amp; Stellar Singularity" classname="" time="0.000196" file="target-repo\test\sovereign-collaboration-v474.test.ts" line="8" assertions="8" />
    <testcase name="v474 Tool Integration (GJC/JEO)" classname="" time="0.000093" file="target-repo\test\sovereign-collaboration-v474.test.ts" line="24" assertions="1" />
  </testsuite>
  <testsuite name="target-repo\test\sovereign-collaboration-v475.test.ts" file="target-repo\test\sovereign-collaboration-v475.test.ts" tests="2" assertions="9" failures="0" skipped="0" time="0" hostname="">
    <testcase name="v475 Sovereign Evolution: Cosmic Synergy &amp; Neural Harmony" classname="" time="0.000174" file="target-repo\test\sovereign-collaboration-v475.test.ts" line="8" assertions="8" />
    <testcase name="v475 Tool Integration (GJC/JEO)" classname="" time="0.000092" file="target-repo\test\sovereign-collaboration-v475.test.ts" line="24" assertions="1" />
  </testsuite>
  <testsuite name="target-repo\test\sovereign-collaboration-v476.test.ts" file="target-repo\test\sovereign-collaboration-v476.test.ts" tests="2" assertions="9" failures="0" skipped="0" time="0.002" hostname="">
    <testcase name="v476 Sovereign Evolution: Galactic Cohesion &amp; Stellar Resonance" classname="" time="0.002596" file="target-repo\test\sovereign-collaboration-v476.test.ts" line="8" assertions="8" />
    <testcase name="v476 Tool Integration (GJC/JEO)" classname="" time="0.000341" file="target-repo\test\sovereign-collaboration-v476.test.ts" line="24" assertions="1" />
  </testsuite>
  <testsuite name="target-repo\test\sovereign-collaboration-v477.test.ts" file="target-repo\test\sovereign-collaboration-v477.test.ts" tests="2" assertions="9" failures="0" skipped="0" time="0" hostname="">
    <testcase name="v477 Sovereign Evolution: Cosmic Synergy &amp; Neural Harmony" classname="" time="0.000381" file="target-repo\test\sovereign-collaboration-v477.test.ts" line="8" assertions="8" />
    <testcase name="v477 Tool Integration (GJC/JEO)" classname="" time="0.000147" file="target-repo\test\sovereign-collaboration-v477.test.ts" line="24" assertions="1" />
  </testsuite>
  <testsuite name="target-repo\test\sovereign-collaboration-v478.test.ts" file="target-repo\test\sovereign-collaboration-v478.test.ts" tests="1" assertions="10" failures="0" skipped="0" time="0" hostname="">
    <testcase name="Sovereign Collaboration v478: Galactic Cohesion &amp; Stellar Resonance Sovereignty" classname="" time="0.000274" file="target-repo\test\sovereign-collaboration-v478.test.ts" line="4" assertions="10" />
  </testsuite>
  <testsuite name="target-repo\test\sovereign-collaboration-v87.test.ts" file="target-repo\test\sovereign-collaboration-v87.test.ts" tests="1" assertions="1" failures="1" skipped="0" time="0.003" hostname="">
    <testcase name="Sovereign Evolution: Multi-Claw Coordination Logic" classname="" time="0.003637" file="target-repo\test\sovereign-collaboration-v87.test.ts" line="4" assertions="1">
      <failure type="AssertionError" />
    </testcase>
  </testsuite>
  <testsuite name="target-repo\test\sovereign-collaboration-v91.test.ts" file="target-repo\test\sovereign-collaboration-v91.test.ts" tests="1" assertions="1" failures="1" skipped="0" time="0.001" hostname="">
    <testcase name="Sovereign Evolution: Orchestration Performance &amp; Team-Claw Coordination Logic v91" classname="" time="0.001064" file="target-repo\test\sovereign-collaboration-v91.test.ts" line="4" assertions="1">
      <failure type="AssertionError" />
    </testcase>
  </testsuite>
  <testsuite name="target-repo\test\sovereign-collaboration-v92.test.ts" file="target-repo\test\sovereign-collaboration-v92.test.ts" tests="1" assertions="1" failures="1" skipped="0" time="0" hostname="">
    <testcase name="Sovereign Evolution: Multi-Claw Collaboration &amp; JOC Sovereign Orchestration v92" classname="" time="0.000856" file="target-repo\test\sovereign-collaboration-v92.test.ts" line="4" assertions="1">
      <failure type="AssertionError" />
    </testcase>
  </testsuite>
  <testsuite name="target-repo\test\sovereign-collaboration-v93.test.ts" file="target-repo\test\sovereign-collaboration-v93.test.ts" tests="1" assertions="1" failures="1" skipped="0" time="0.001" hostname="">
    <testcase name="Sovereign Evolution: Multi-Claw Collaboration &amp; JOC Sovereign Orchestration v93" classname="" time="0.001155" file="target-repo\test\sovereign-collaboration-v93.test.ts" line="4" assertions="1">
      <failure type="AssertionError" />
    </testcase>
  </testsuite>
  <testsuite name="target-repo\test\sovereign-collaboration-v94.test.ts" file="target-repo\test\sovereign-collaboration-v94.test.ts" tests="1" assertions="1" failures="1" skipped="0" time="0.003" hostname="">
    <testcase name="Sovereign Evolution: Dual-Claw Collaborative Orchestration v94" classname="" time="0.003876" file="target-repo\test\sovereign-collaboration-v94.test.ts" line="4" assertions="1">
      <failure type="AssertionError" />
    </testcase>
  </testsuite>
  <testsuite name="target-repo\test\sovereign-collaboration-v95.test.ts" file="target-repo\test\sovereign-collaboration-v95.test.ts" tests="1" assertions="1" failures="1" skipped="0" time="0.001" hostname="">
    <testcase name="Sovereign Evolution: Multi-Claw Collaboration v95" classname="" time="0.001075" file="target-repo\test\sovereign-collaboration-v95.test.ts" line="4" assertions="1">
      <failure type="AssertionError" />
    </testcase>
  </testsuite>
  <testsuite name="target-repo\test\sovereign-collaboration-v96.test.ts" file="target-repo\test\sovereign-collaboration-v96.test.ts" tests="1" assertions="1" failures="1" skipped="0" time="0.003" hostname="">
    <testcase name="Sovereign Evolution: Multi-Claw Collaboration v96" classname="" time="0.003767" file="target-repo\test\sovereign-collaboration-v96.test.ts" line="4" assertions="1">
      <failure type="AssertionError" />
    </testcase>
  </testsuite>
  <testsuite name="target-repo\test\sovereign-collaboration-v97.test.ts" file="target-repo\test\sovereign-collaboration-v97.test.ts" tests="1" assertions="1" failures="1" skipped="0" time="0.001" hostname="">
    <testcase name="Sovereign Evolution: Multi-Claw Collaboration v97" classname="" time="0.001019" file="target-repo\test\sovereign-collaboration-v97.test.ts" line="4" assertions="1">
      <failure type="AssertionError" />
    </testcase>
  </testsuite>
  <testsuite name="target-repo\test\sovereign-collaboration-v98.test.ts" file="target-repo\test\sovereign-collaboration-v98.test.ts" tests="1" assertions="1" failures="1" skipped="0" time="0.001" hostname="">
    <testcase name="Sovereign Evolution: Orchestration Directive &amp; Tool Coordination v98" classname="" time="0.001034" file="target-repo\test\sovereign-collaboration-v98.test.ts" line="4" assertions="1">
      <failure type="AssertionError" />
    </testcase>
  </testsuite>
  <testsuite name="target-repo\test\sovereign-collaboration-v99.test.ts" file="target-repo\test\sovereign-collaboration-v99.test.ts" tests="1" assertions="1" failures="1" skipped="0" time="0.003" hostname="">
    <testcase name="Sovereign Evolution: Multi-Claw Collaboration &amp; JOC Sovereign Performance (v99)" classname="" time="0.003564" file="target-repo\test\sovereign-collaboration-v99.test.ts" line="4" assertions="1">
      <failure type="AssertionError" />
    </testcase>
  </testsuite>
  <testsuite name="target-repo\test\sovereign-control-tower.test.ts" file="target-repo\test\sovereign-control-tower.test.ts" tests="1" assertions="2" failures="1" skipped="0" time="0.002" hostname="">
    <testcase name="Sovereign Evolution: JOC/Sovereign Control Tower Identity" classname="" time="0.002501" file="target-repo\test\sovereign-control-tower.test.ts" line="4" assertions="2">
      <failure type="AssertionError" />
    </testcase>
  </testsuite>
  <testsuite name="target-repo\test\sovereign-directives.test.ts" file="target-repo\test\sovereign-directives.test.ts" tests="1" assertions="1" failures="1" skipped="0" time="0.001" hostname="">
    <testcase name="Sovereign Evolution: JOC/Sovereign Architecture Directives" classname="" time="0.001342" file="target-repo\test\sovereign-directives.test.ts" line="4" assertions="1">
      <failure type="AssertionError" />
    </testcase>
  </testsuite>
  <testsuite name="target-repo\test\sovereign-evolution-v238.test.ts" file="target-repo\test\sovereign-evolution-v238.test.ts" tests="1" assertions="1" failures="1" skipped="0" time="0.007" hostname="">
    <testcase name="Sovereign Evolution: Evolution Log Branding &amp; Verification (v238)" classname="" time="0.007678" file="target-repo\test\sovereign-evolution-v238.test.ts" line="6" assertions="1">
      <failure type="AssertionError" />
    </testcase>
  </testsuite>
  <testsuite name="target-repo\test\sovereign-identity-v63.test.ts" file="target-repo\test\sovereign-identity-v63.test.ts" tests="1" assertions="3" failures="1" skipped="0" time="0.001" hostname="">
    <testcase name="Sovereign Identity Directive: 2026 Sovereign Control Tower (jeo-claw)" classname="" time="0.001112" file="target-repo\test\sovereign-identity-v63.test.ts" line="4" assertions="3">
      <failure type="AssertionError" />
    </testcase>
  </testsuite>
  <testsuite name="target-repo\test\sovereign-identity-v64.test.ts" file="target-repo\test\sovereign-identity-v64.test.ts" tests="1" assertions="1" failures="1" skipped="0" time="0.003" hostname="">
    <testcase name="Sovereign Evolution: Multi-Claw Collaboration &amp; Realtime Directive Monitoring (v64)" classname="" time="0.003855" file="target-repo\test\sovereign-identity-v64.test.ts" line="4" assertions="1">
      <failure type="AssertionError" />
    </testcase>
  </testsuite>
  <testsuite name="target-repo\test\sovereign-identity-v65.test.ts" file="target-repo\test\sovereign-identity-v65.test.ts" tests="1" assertions="1" failures="1" skipped="0" time="0" hostname="">
    <testcase name="Sovereign Evolution: Orchestrator Autonomy &amp; Governance Monitoring (v65)" classname="" time="0.000677" file="target-repo\test\sovereign-identity-v65.test.ts" line="4" assertions="1">
      <failure type="AssertionError" />
    </testcase>
  </testsuite>
  <testsuite name="target-repo\test\sovereign-identity-v66.test.ts" file="target-repo\test\sovereign-identity-v66.test.ts" tests="1" assertions="1" failures="1" skipped="0" time="0" hostname="">
    <testcase name="Sovereign Evolution v66: Control Tower Identity &amp; Self-Awareness" classname="" time="0.000869" file="target-repo\test\sovereign-identity-v66.test.ts" line="4" assertions="1">
      <failure type="AssertionError" />
    </testcase>
  </testsuite>
  <testsuite name="target-repo\test\sovereign-identity-v67.test.ts" file="target-repo\test\sovereign-identity-v67.test.ts" tests="1" assertions="1" failures="1" skipped="0" time="0.003" hostname="">
    <testcase name="Sovereign Evolution v67: Self-Evolution Loop &amp; Ouroboros Verification" classname="" time="0.003925" file="target-repo\test\sovereign-identity-v67.test.ts" line="4" assertions="1">
      <failure type="AssertionError" />
    </testcase>
  </testsuite>
  <testsuite name="target-repo\test\sovereign-identity.test.ts" file="target-repo\test\sovereign-identity.test.ts" tests="1" assertions="1" failures="1" skipped="0" time="0.003" hostname="">
    <testcase name="JOC Sovereign: Single Source of Truth &amp; Tool Identity" classname="" time="0.003609" file="target-repo\test\sovereign-identity.test.ts" line="4" assertions="1">
      <failure type="AssertionError" />
    </testcase>
  </testsuite>
  <testsuite name="target-repo\test\sovereign-internal.test.ts" file="target-repo\test\sovereign-internal.test.ts" tests="1" assertions="1" failures="1" skipped="0" time="0.006" hostname="">
    <testcase name="Sovereign Evolution: JOC Control Tower Internal Identity" classname="" time="0.006538" file="target-repo\test\sovereign-internal.test.ts" line="4" assertions="1">
      <failure type="AssertionError" />
    </testcase>
  </testsuite>
  <testsuite name="target-repo\test\sovereign-live-mock.test.ts" file="target-repo\test\sovereign-live-mock.test.ts" tests="1" assertions="1" failures="1" skipped="0" time="0.001" hostname="">
    <testcase name="JOC Sovereign Orchestration Live Mock Test" classname="" time="0.001042" file="target-repo\test\sovereign-live-mock.test.ts" line="4" assertions="1">
      <failure type="AssertionError" />
    </testcase>
  </testsuite>
  <testsuite name="target-repo\test\sovereign-team-gjc.test.ts" file="target-repo\test\sovereign-team-gjc.test.ts" tests="1" assertions="1" failures="1" skipped="0" time="0.003" hostname="">
    <testcase name="Sovereign Collaboration: GJC Tool &amp; Team Coordination" classname="" time="0.003769" file="target-repo\test\sovereign-team-gjc.test.ts" line="4" assertions="1">
      <failure type="AssertionError" />
    </testcase>
  </testsuite>
  <testsuite name="target-repo\test\spawn-gate-lite.test.ts" file="target-repo\test\spawn-gate-lite.test.ts" tests="2" assertions="8" failures="0" skipped="0" time="0" hostname="">
    <testcase name="task fan-out beyond the gate is refused without a justification" classname="" time="0.000849" file="target-repo\test\spawn-gate-lite.test.ts" line="7" assertions="4" />
    <testcase name="output budget constants align and respect the default" classname="" time="0.0001" file="target-repo\test\spawn-gate-lite.test.ts" line="19" assertions="4" />
  </testsuite>
  <testsuite name="target-repo\test\sse.test.ts" file="target-repo\test\sse.test.ts" tests="5" assertions="6" failures="0" skipped="0" time="0.001" hostname="">
    <testcase name="readLines reassembles a line split across two chunks" classname="" time="0.001019" file="target-repo\test\sse.test.ts" line="16" assertions="1" />
    <testcase name="readLines emits a final unterminated line" classname="" time="0.000379" file="target-repo\test\sse.test.ts" line="25" assertions="1" />
    <testcase name="readSse extracts data payloads and skips [DONE]" classname="" time="0.000309" file="target-repo\test\sse.test.ts" line="34" assertions="1" />
    <testcase name="readSse handles a data payload split across chunks" classname="" time="0.000277" file="target-repo\test\sse.test.ts" line="43" assertions="1" />
    <testcase name="readLines cancels the underlying stream on early return (no socket leak)" classname="" time="0.000488" file="target-repo\test\sse.test.ts" line="51" assertions="2" />
  </testsuite>
  <testsuite name="target-repo\test\state-command.test.ts" file="target-repo\test\state-command.test.ts" tests="2" assertions="43" failures="0" skipped="0" time="0.071" hostname="">
    <testcase name="state command: read, write, clear, handoff, error handling, help" classname="" time="0.046076" file="target-repo\test\state-command.test.ts" line="8" assertions="41" />
    <testcase name="writeWorkflowState is atomic: valid JSON round-trip, no temp leftovers (F2)" classname="" time="0.025388" file="target-repo\test\state-command.test.ts" line="309" assertions="2" />
  </testsuite>
  <testsuite name="target-repo\test\status-bar.test.ts" file="target-repo\test\status-bar.test.ts" tests="6" assertions="16" failures="0" skipped="0" time="0" hostname="">
    <testcase name="status bar: fills exactly cols with identity left and ctx stats right" classname="" time="0.000943" file="target-repo\test\status-bar.test.ts" line="8" assertions="6" />
    <testcase name="status bar: omits absent pieces and still fits" classname="" time="0.000161" file="target-repo\test\status-bar.test.ts" line="27" assertions="4" />
    <testcase name="status bar: live rate renders with the ⤴ glyph" classname="" time="0.000203" file="target-repo\test\status-bar.test.ts" line="35" assertions="2" />
    <testcase name="status bar: long cwd is tail-truncated instead of overflowing" classname="" time="0.000119" file="target-repo\test\status-bar.test.ts" line="41" assertions="2" />
    <testcase name="status bar: color mode paints the left segment as a bg block" classname="" time="0.000147" file="target-repo\test\status-bar.test.ts" line="53" assertions="1" />
    <testcase name="input box: attachmentLabel renders inside the box" classname="" time="0.000146" file="target-repo\test\status-bar.test.ts" line="58" assertions="1" />
  </testsuite>
  <testsuite name="target-repo\test\step-budget.test.ts" file="target-repo\test\step-budget.test.ts" tests="19" assertions="172" failures="0" skipped="0" time="0.01" hostname="">
    <testcase name="resolveStepBudgetConfig: defaults derive from the base budget" classname="" time="0.001908" file="target-repo\test\step-budget.test.ts" line="6" assertions="5" />
    <testcase name="resolveStepBudgetConfig: env vars tune the flow and are clamped" classname="" time="0.000162" file="target-repo\test\step-budget.test.ts" line="15" assertions="4" />
    <testcase name="resolveStepBudgetConfig: caller overrides beat env (bounded delegation)" classname="" time="0.000081" file="target-repo\test\step-budget.test.ts" line="28" assertions="1" />
    <testcase name="StepBudget: extends on a progressing window (ok ratio + distinct targets)" classname="" time="0.000198" file="target-repo\test\step-budget.test.ts" line="37" assertions="4" />
    <testcase name="StepBudget: declines when the window is mostly failures (fail-fast)" classname="" time="0.00007" file="target-repo\test\step-budget.test.ts" line="50" assertions="3" />
    <testcase name="StepBudget: declines a single-signature spin even when it succeeds" classname="" time="0.000057" file="target-repo\test\step-budget.test.ts" line="61" assertions="2" />
    <testcase name="StepBudget: respects maxExtensions and the hard cap" classname="" time="0.000152" file="target-repo\test\step-budget.test.ts" line="71" assertions="6" />
    <testcase name="StepBudget: maxExtensions 0 restores the legacy fixed counter" classname="" time="0.000087" file="target-repo\test\step-budget.test.ts" line="91" assertions="2" />
    <testcase name="runAgentLoop: a progressing turn extends past maxSteps and completes (gjc retry flow)" classname="" time="0.001532" file="target-repo\test\step-budget.test.ts" line="102" assertions="6" />
    <testcase name="runAgentLoop: a stalled turn does NOT extend — consolidates at the base budget" classname="" time="0.001396" file="target-repo\test\step-budget.test.ts" line="129" assertions="4" />
    <testcase name="runAgentLoop: extensions stop at the hard cap and the wrap-up names the flow" classname="" time="0.001412" file="target-repo\test\step-budget.test.ts" line="159" assertions="5" />
    <testcase name="dynamicStepBudgetConfig: no small hardcoded ceiling — unlimited extensions, large safety cap" classname="" time="0.000105" file="target-repo\test\step-budget.test.ts" line="186" assertions="3" />
    <testcase name="dynamicStepBudgetConfig: env restores a bounded budget; caller overrides win" classname="" time="0.000093" file="target-repo\test\step-budget.test.ts" line="193" assertions="4" />
    <testcase name="StepBudget: a dynamic budget keeps extending while NOVEL progress continues" classname="" time="0.000631" file="target-repo\test\step-budget.test.ts" line="202" assertions="103" />
    <testcase name="runAgentLoop: dynamic budget (maxSteps 0) never stops a progressing turn at a hardcoded count" classname="" time="0.003144" file="target-repo\test\step-budget.test.ts" line="221" assertions="4" />
    <testcase name="runAgentLoop: dynamic budget consolidates a wrap-up when progress stalls (never runs forever)" classname="" time="0.001957" file="target-repo\test\step-budget.test.ts" line="246" assertions="5" />
    <testcase name="StepBudget: the dynamic safety cap terminates even an always-novel turn" classname="" time="0.001213" file="target-repo\test\step-budget.test.ts" line="276" assertions="2" />
    <testcase name="runAgentLoop: dynamic budget terminates a model that cycles two successful calls forever" classname="" time="0.001317" file="target-repo\test\step-budget.test.ts" line="292" assertions="5" />
    <testcase name="runAgentLoop: a mostly-failing batch with one trivial success earns no extension (per-call scoring)" classname="" time="0.000861" file="target-repo\test\step-budget.test.ts" line="319" assertions="4" />
  </testsuite>
  <testsuite name="target-repo\test\step-timeline.test.ts" file="target-repo\test\step-timeline.test.ts" tests="14" assertions="57" failures="0" skipped="0" time="0.002" hostname="">
    <testcase name="stepGlyph: state glyphs + animated active spinner, unicode/ascii" classname="" time="0.002662" file="target-repo\test\step-timeline.test.ts" line="26" assertions="7" />
    <testcase name="colorForState: identity when color disabled" classname="" time="0.000222" file="target-repo\test\step-timeline.test.ts" line="38" assertions="2" />
    <testcase name="stateFromToolStatus / stepsFromTools map tool rows to states" classname="" time="0.000123" file="target-repo\test\step-timeline.test.ts" line="43" assertions="4" />
    <testcase name="summarizeSteps counts by state" classname="" time="0.000056" file="target-repo\test\step-timeline.test.ts" line="51" assertions="1" />
    <testcase name="formatStepSummary renders counts / total; ascii fallback" classname="" time="0.000122" file="target-repo\test\step-timeline.test.ts" line="55" assertions="3" />
    <testcase name="formatStepTimeline: numbered, connector gutter, last uses corner" classname="" time="0.000141" file="target-repo\test\step-timeline.test.ts" line="63" assertions="4" />
    <testcase name="formatStepTimeline: ascii connectors + title + empty" classname="" time="0.000104" file="target-repo\test\step-timeline.test.ts" line="71" assertions="4" />
    <testcase name="formatStepTimeline: detail + maxWidth truncation" classname="" time="0.000137" file="target-repo\test\step-timeline.test.ts" line="79" assertions="2" />
    <testcase name="formatDuration: ms / seconds / minutes" classname="" time="0.000074" file="target-repo\test\step-timeline.test.ts" line="85" assertions="5" />
    <testcase name="formatStepHeader: title + summary + elapsed" classname="" time="0.000156" file="target-repo\test\step-timeline.test.ts" line="93" assertions="4" />
    <testcase name="formatStepTimelineCompact: glyph strip + overflow + empty" classname="" time="0.000202" file="target-repo\test\step-timeline.test.ts" line="102" assertions="4" />
    <testcase name="formatProgressBar: ratio fill + count, ascii fallback" classname="" time="0.00048" file="target-repo\test\step-timeline.test.ts" line="110" assertions="4" />
    <testcase name="formatStepTimeline: maxRows keeps recent + (+N earlier); highlightActive bolds active" classname="" time="0.000578" file="target-repo\test\step-timeline.test.ts" line="117" assertions="3" />
    <testcase name="formatStepTimeline: gjc-style visual states when color is on" classname="" time="0.000375" file="target-repo\test\step-timeline.test.ts" line="133" assertions="10" />
  </testsuite>
  <testsuite name="target-repo\test\stream-events.test.ts" file="target-repo\test\stream-events.test.ts" tests="7" assertions="28" failures="1" skipped="0" time="0.988" hostname="">
    <testcase name="createStreamEvents: step header + tool target are logged on each step, not just results" classname="" time="0.001004" file="target-repo\test\stream-events.test.ts" line="8" assertions="4" />
    <testcase name="createStreamEvents: &apos;done&apos; and invalid responses do not emit a step line" classname="" time="0.000085" file="target-repo\test\stream-events.test.ts" line="29" assertions="1" />
    <testcase name="formatTaskSubEvent treats only explicit false as incomplete" classname="" time="0.000241" file="target-repo\test\stream-events.test.ts" line="44" assertions="3" />
    <testcase name="end-to-end: a piped one-shot turn prints the per-step flow (not just the final reply)" classname="" time="0.418285" file="target-repo\test\stream-events.test.ts" line="51" assertions="3" />
    <testcase name="end-to-end: cmd-mode task subagent prints nested steps and result summaries" classname="" time="0.21547" file="target-repo\test\stream-events.test.ts" line="89" assertions="10" />
    <testcase name="end-to-end: a disk-persisted subagent model override is the model the in-loop task tool uses" classname="" time="0.189892" file="target-repo\test\stream-events.test.ts" line="135" assertions="2">
      <failure type="AssertionError" />
    </testcase>
    <testcase name="end-to-end: one-shot skill alias executes configured skill instead of chatting about it" classname="" time="0.165049" file="target-repo\test\stream-events.test.ts" line="180" assertions="5" />
  </testsuite>
  <testsuite name="target-repo\test\stream-status.test.ts" file="target-repo\test\stream-status.test.ts" tests="6" assertions="17" failures="0" skipped="0" time="0" hostname="">
    <testcase name="step header carries duration and usage suffixes once available" classname="" time="0.000509" file="target-repo\test\stream-status.test.ts" line="12" assertions="8" />
    <testcase name="done and invalid replies emit no step line" classname="" time="0.000097" file="target-repo\test\stream-status.test.ts" line="36" assertions="1" />
    <testcase name="tool results keep the classified ok/fail badges" classname="" time="0.000158" file="target-repo\test\stream-status.test.ts" line="45" assertions="3" />
    <testcase name="renderJeoStatus appends a live ⤴ tok/s rate once a second has elapsed" classname="" time="0.000162" file="target-repo\test\stream-status.test.ts" line="61" assertions="2" />
    <testcase name="renderJeoStatus suppresses the rate before 1s elapsed and with zero output tokens" classname="" time="0.000104" file="target-repo\test\stream-status.test.ts" line="76" assertions="2" />
    <testcase name="renderJeoStatus rate drops decimals at &gt;=100 tok/s" classname="" time="0.000062" file="target-repo\test\stream-status.test.ts" line="89" assertions="1" />
  </testsuite>
  <testsuite name="target-repo\test\streaming-reasoning.test.ts" file="target-repo\test\streaming-reasoning.test.ts" tests="3" assertions="5" failures="0" skipped="0" time="0.001" hostname="">
    <testcase name="buildToolProtocol invites an optional reasoning field (streamed to the user)" classname="" time="0.000217" file="target-repo\test\streaming-reasoning.test.ts" line="7" assertions="2" />
    <testcase name="LaunchTui: streams the model&apos;s reasoning live, then flushes it once to scrollback" classname="" time="0.001999" file="target-repo\test\streaming-reasoning.test.ts" line="13" assertions="2" />
    <testcase name="LaunchTui: onModelStream with no reasoning field renders nothing extra" classname="" time="0.000776" file="target-repo\test\streaming-reasoning.test.ts" line="36" assertions="1" />
  </testsuite>
  <testsuite name="target-repo\test\subagent-apply-target.test.ts" file="target-repo\test\subagent-apply-target.test.ts" tests="6" assertions="30" failures="0" skipped="0" time="0.005" hostname="">
    <testcase name="applyTargetChoices: default first, then every role with its CURRENT model + thinking as hint" classname="" time="0.002709" file="target-repo\test\subagent-apply-target.test.ts" line="5" assertions="4" />
    <testcase name="applyTargetChoices doubles as a change-existing viewer (hints reflect new config)" classname="" time="0.000428" file="target-repo\test\subagent-apply-target.test.ts" line="19" assertions="2" />
    <testcase name="playWelcomeSweep: synchronized in-place frames, seamless cycle loop, final frame === static banner" classname="" time="0.002147" file="target-repo\test\subagent-apply-target.test.ts" line="26" assertions="16" />
    <testcase name="playWelcomeSweep: cycles loop seamlessly — frames*cycles+1 repaints, phase wraps each cycle" classname="" time="0.001426" file="target-repo\test\subagent-apply-target.test.ts" line="53" assertions="2" />
    <testcase name="per-role thinking: explicit override resolves; absent = inherit (undefined)" classname="" time="0.000199" file="target-repo\test\subagent-apply-target.test.ts" line="68" assertions="3" />
    <testcase name="applyTargetChoices hints carry gjc-style thinking tags: (level) for overrides, (inherit) for roles, default shows its level" classname="" time="0.000167" file="target-repo\test\subagent-apply-target.test.ts" line="77" assertions="3" />
  </testsuite>
  <testsuite name="target-repo\test\subagent-bash-allowlist.test.ts" file="target-repo\test\subagent-bash-allowlist.test.ts" tests="5" assertions="30" failures="0" skipped="0" time="0.052" hostname="">
    <testcase name="bashCommandAllowed: allows matching heads, blocks everything else" classname="" time="0.000479" file="target-repo\test\subagent-bash-allowlist.test.ts" line="18" assertions="6" />
    <testcase name="bashCommandAllowed: vets EVERY chained segment, strips env/sudo" classname="" time="0.000099" file="target-repo\test\subagent-bash-allowlist.test.ts" line="29" assertions="7" />
    <testcase name="subagentToolset: a role&apos;s bash allowlist actually gates the bash tool" classname="" time="0.052394" file="target-repo\test\subagent-bash-allowlist.test.ts" line="40" assertions="4" />
    <testcase name="executor (no allowlist) keeps the unconstrained default bash handler" classname="" time="0.000153" file="target-repo\test\subagent-bash-allowlist.test.ts" line="62" assertions="1" />
    <testcase name="read-only roles drop bash entirely regardless of any allowlist" classname="" time="0.000182" file="target-repo\test\subagent-bash-allowlist.test.ts" line="68" assertions="12" />
  </testsuite>
  <testsuite name="target-repo\test\subagent-live-activity.test.ts" file="target-repo\test\subagent-live-activity.test.ts" tests="6" assertions="18" failures="0" skipped="0" time="0.301" hostname="">
    <testcase name="status activity mirrors the latest subagent event while a task runs" classname="" time="0.001096" file="target-repo\test\subagent-live-activity.test.ts" line="23" assertions="5" />
    <testcase name="subagent done clears the live activity back to the parent view" classname="" time="0.000583" file="target-repo\test\subagent-live-activity.test.ts" line="43" assertions="2" />
    <testcase name="recentActivity records ledger events with turn-relative timestamps, ANSI-stripped" classname="" time="0.000722" file="target-repo\test\subagent-live-activity.test.ts" line="58" assertions="4" />
    <testcase name="activity ring is bounded and resets per turn" classname="" time="0.294575" file="target-repo\test\subagent-live-activity.test.ts" line="78" assertions="3" />
    <testcase name="parseLineSelector tolerates numeric selectors and rejects junk politely" classname="" time="0.000592" file="target-repo\test\subagent-live-activity.test.ts" line="101" assertions="2" />
    <testcase name="readTool no longer crashes on a numeric lineRange" classname="" time="0.00647" file="target-repo\test\subagent-live-activity.test.ts" line="107" assertions="2" />
  </testsuite>
  <testsuite name="target-repo\test\subagents-setting.test.ts" file="target-repo\test\subagents-setting.test.ts" tests="5" assertions="16" failures="0" skipped="0" time="0" hostname="">
    <testcase name="subagentRoleIds lists the four bundled roles" classname="" time="0.000062" file="target-repo\test\subagents-setting.test.ts" line="18" assertions="1" />
    <testcase name="parseMaxSteps accepts positive ints only" classname="" time="0.000127" file="target-repo\test\subagents-setting.test.ts" line="22" assertions="6" />
    <testcase name="withSubagentSetting patches model/maxSteps immutably (case-insensitive role)" classname="" time="0.000099" file="target-repo\test\subagents-setting.test.ts" line="31" assertions="3" />
    <testcase name="resolve* read back the patched settings" classname="" time="0.000097" file="target-repo\test\subagents-setting.test.ts" line="40" assertions="4" />
    <testcase name="clearSubagentSetting removes a role override" classname="" time="0.000085" file="target-repo\test\subagents-setting.test.ts" line="50" assertions="2" />
  </testsuite>
  <testsuite name="target-repo\test\subagents.test.ts" file="target-repo\test\subagents.test.ts" tests="11" assertions="63" failures="0" skipped="0" time="0" hostname="">
    <testcase name="registry exposes the four bundled roles; only executor mutates" classname="" time="0.000277" file="target-repo\test\subagents.test.ts" line="18" assertions="5" />
    <testcase name="getSubagentRole is case-insensitive; defaultSubagentRole is executor" classname="" time="0.000106" file="target-repo\test\subagents.test.ts" line="27" assertions="4" />
    <testcase name="resolveSubagentModel: per-role override wins, else default model" classname="" time="0.000091" file="target-repo\test\subagents.test.ts" line="34" assertions="3" />
    <testcase name="resolveSubagentModel: a blank (empty-string) override falls back to the default, not &apos;&apos;" classname="" time="0.00004" file="target-repo\test\subagents.test.ts" line="41" assertions="1" />
    <testcase name="resolveSubagentMaxSteps: override → role default → 15 fallback" classname="" time="0.000146" file="target-repo\test\subagents.test.ts" line="47" assertions="4" />
    <testcase name="subagentSystemPrompt: role prompts expose richer contracts" classname="" time="0.000354" file="target-repo\test\subagents.test.ts" line="54" assertions="11" />
    <testcase name="subagentToolset: read-only roles drop write/edit/bash, executor keeps them" classname="" time="0.000161" file="target-repo\test\subagents.test.ts" line="75" assertions="9" />
    <testcase name="subagent helpers parse and persist role overrides immutably" classname="" time="0.000204" file="target-repo\test\subagents.test.ts" line="90" assertions="11" />
    <testcase name="validateSubagentDoneReason enforces role-specific done markers" classname="" time="0.000206" file="target-repo\test\subagents.test.ts" line="111" assertions="5" />
    <testcase name="validateSubagentDoneReason covers executor + planner happy + missing-section paths" classname="" time="0.000187" file="target-repo\test\subagents.test.ts" line="134" assertions="6" />
    <testcase name="validateSubagentDoneReason rejects empty / whitespace-only reasons" classname="" time="0.000077" file="target-repo\test\subagents.test.ts" line="161" assertions="4" />
  </testsuite>
  <testsuite name="target-repo\test\task-tool.test.ts" file="target-repo\test\task-tool.test.ts" tests="15" assertions="50" failures="0" skipped="0" time="0.236" hostname="">
    <testcase name="createTaskTool: executor delegates, runs a tool, then completes on done" classname="" time="0.062576" file="target-repo\test\task-tool.test.ts" line="16" assertions="9" />
    <testcase name="createTaskTool: echoed subagent report is fenced as DATA and cannot break the fence from inside" classname="" time="0.004366" file="target-repo\test\task-tool.test.ts" line="47" assertions="6" />
    <testcase name="createTaskTool: subagent tool events carry the concrete target (file/command), not just the name" classname="" time="0.082079" file="target-repo\test\task-tool.test.ts" line="72" assertions="4" />
    <testcase name="createTaskTool: unknown explicit role is rejected instead of executor fallback" classname="" time="0.000876" file="target-repo\test\task-tool.test.ts" line="102" assertions="3" />
    <testcase name="createTaskTool: omitted role defaults to executor" classname="" time="0.006159" file="target-repo\test\task-tool.test.ts" line="111" assertions="2" />
    <testcase name="createTaskTool: read-only role (architect) cannot write — write tool is absent" classname="" time="0.004505" file="target-repo\test\task-tool.test.ts" line="122" assertions="3" />
    <testcase name="createTaskTool: empty task is rejected with a helpful error" classname="" time="0.000692" file="target-repo\test\task-tool.test.ts" line="143" assertions="2" />
    <testcase name="createTaskTool: per-role model override is reported in the output" classname="" time="0.008758" file="target-repo\test\task-tool.test.ts" line="151" assertions="2" />
    <testcase name="createTaskTool: per-role model override is the model passed to callLlm (provider routing)" classname="" time="0.004328" file="target-repo\test\task-tool.test.ts" line="163" assertions="3" />
    <testcase name="createTaskTool: role without an override falls back to the (fresh) default model" classname="" time="0.00539" file="target-repo\test\task-tool.test.ts" line="182" assertions="2" />
    <testcase name="createTaskTool: read-only fan-out runs all tasks and combines results" classname="" time="0.015894" file="target-repo\test\task-tool.test.ts" line="198" assertions="4" />
    <testcase name="createTaskTool: executor fan-out is serialized for mutation safety" classname="" time="0.009846" file="target-repo\test\task-tool.test.ts" line="211" assertions="1" />
    <testcase name="createTaskTool: empty tasks array is a soft error" classname="" time="0.000769" file="target-repo\test\task-tool.test.ts" line="221" assertions="2" />
    <testcase name="createTaskTool: invalid planner report is surfaced as incomplete" classname="" time="0.00438" file="target-repo\test\task-tool.test.ts" line="229" assertions="3" />
    <testcase name="createTaskTool: subagents receive .jeo project context and ignore legacy .gjc context" classname="" time="0.033941" file="target-repo\test\task-tool.test.ts" line="241" assertions="4" />
  </testsuite>
  <testsuite name="target-repo\test\team-run.test.ts" file="target-repo\test\team-run.test.ts" tests="12" assertions="39" failures="0" skipped="0" time="0.644" hostname="">
    <testcase name="runTeamCommand routes each step to its declared subagent role and completes" classname="" time="0.193783" file="target-repo\test\team-run.test.ts" line="38" assertions="7" />
    <testcase name="runTeamCommand routes duplicate task names by step index, not by name" classname="" time="0.08053" file="target-repo\test\team-run.test.ts" line="74" assertions="3" />
    <testcase name="runTeamCommand refuses an unapproved plan" classname="" time="0.019972" file="target-repo\test\team-run.test.ts" line="102" assertions="1" />
    <testcase name="runTeamCommand refuses unknown plan subagent roles before execution" classname="" time="0.019322" file="target-repo\test\team-run.test.ts" line="120" assertions="5" />
    <testcase name="runTeamCommand normalizes mixed-case plan roles" classname="" time="0.057202" file="target-repo\test\team-run.test.ts" line="136" assertions="2" />
    <testcase name="runTeamCommand surfaces the engine stop reason on subagent failure" classname="" time="0.060101" file="target-repo\test\team-run.test.ts" line="152" assertions="3" />
    <testcase name="runTeamCommand does not give write/edit/bash tools to read-only plan steps" classname="" time="0.035444" file="target-repo\test\team-run.test.ts" line="169" assertions="4" />
    <testcase name="runTeamCommand halts when an architect review returns a blocking verdict" classname="" time="0.043797" file="target-repo\test\team-run.test.ts" line="187" assertions="3" />
    <testcase name="runTeamCommand halts when a critic returns REJECT" classname="" time="0.043915" file="target-repo\test\team-run.test.ts" line="207" assertions="3" />
    <testcase name="runTeamCommand halts when a planner report misses required sections" classname="" time="0.043818" file="target-repo\test\team-run.test.ts" line="227" assertions="3" />
    <testcase name="runTeamCommand refuses to run when team-state.json is corrupt (no silent restart)" classname="" time="0.023076" file="target-repo\test\team-run.test.ts" line="244" assertions="4" />
    <testcase name="runTeamCommand invokes maybeCompact on subagent execution" classname="" time="0.029131" file="target-repo\test\team-run.test.ts" line="264" assertions="1" />
  </testsuite>
  <testsuite name="target-repo\test\team-schema.test.ts" file="target-repo\test\team-schema.test.ts" tests="9" assertions="19" failures="0" skipped="0" time="0.002" hostname="">
    <testcase name="parseYaml &amp; PlanSchema: validates a well-formed YAML plan" classname="" time="0.002387" file="target-repo\test\team-schema.test.ts" line="4" assertions="5" />
    <testcase name="parseYaml &amp; PlanSchema: accepts a plan with steps but no top-level name (name is optional)" classname="" time="0.000112" file="target-repo\test\team-schema.test.ts" line="25" assertions="1" />
    <testcase name="parseYaml &amp; PlanSchema: rejects plan with non-string top-level name" classname="" time="0.00025" file="target-repo\test\team-schema.test.ts" line="36" assertions="1" />
    <testcase name="parseYaml &amp; PlanSchema: rejects plan missing steps key" classname="" time="0.000125" file="target-repo\test\team-schema.test.ts" line="47" assertions="1" />
    <testcase name="parseYaml &amp; PlanSchema: rejects steps that do not have a name" classname="" time="0.000171" file="target-repo\test\team-schema.test.ts" line="56" assertions="1" />
    <testcase name="parseYaml &amp; PlanSchema: rejects steps where name is not a string" classname="" time="0.000119" file="target-repo\test\team-schema.test.ts" line="67" assertions="1" />
    <testcase name="parseYaml: throws error on malformed/invalid YAML structure" classname="" time="0.000086" file="target-repo\test\team-schema.test.ts" line="78" assertions="1" />
    <testcase name="normalizePlanShape: tolerates common plan deviations so a valid-enough plan executes" classname="" time="0.000301" file="target-repo\test\team-schema.test.ts" line="86" assertions="5" />
    <testcase name="PlanSchema: rejects dependency-shaped step keys the serial executor cannot honor" classname="" time="0.000565" file="target-repo\test\team-schema.test.ts" line="99" assertions="3" />
  </testsuite>
  <testsuite name="target-repo\test\team-subagent.test.ts" file="target-repo\test\team-subagent.test.ts" tests="3" assertions="8" failures="0" skipped="0" time="0.363" hostname="">
    <testcase name="read-only role (planner) toolset rejects a write at the engine boundary" classname="" time="0.001012" file="target-repo\test\team-subagent.test.ts" line="7" assertions="3" />
    <testcase name="executor role toolset accepts write at the engine boundary" classname="" time="0.00045" file="target-repo\test\team-subagent.test.ts" line="34" assertions="3" />
    <testcase name="subagent loop honors a role&apos;s step budget when the model never signals done" classname="" time="0.362139" file="target-repo\test\team-subagent.test.ts" line="53" assertions="2" />
  </testsuite>
  <testsuite name="target-repo\test\themes.test.ts" file="target-repo\test\themes.test.ts" tests="10" assertions="104" failures="0" skipped="0" time="0.002" hostname="">
    <testcase name="every theme has a length-5 gradient table" classname="" time="0.002291" file="target-repo\test\themes.test.ts" line="24" assertions="27" />
    <testcase name="getTheme is case-insensitive and falls back to cosmic" classname="" time="0.000174" file="target-repo\test\themes.test.ts" line="32" assertions="4" />
    <testcase name="mono theme is colorless; others emit color" classname="" time="0.000054" file="target-repo\test\themes.test.ts" line="39" assertions="3" />
    <testcase name="resolveTheme reads JEO_TUI_THEME from env or config with priorities" classname="" time="0.000742" file="target-repo\test\themes.test.ts" line="45" assertions="16" />
    <testcase name="listThemes returns all names + descriptions including red-claw and blue-crab" classname="" time="0.000132" file="target-repo\test\themes.test.ts" line="83" assertions="1" />
    <testcase name="themeGradient is clamped and returns hex pairs" classname="" time="0.000136" file="target-repo\test\themes.test.ts" line="88" assertions="3" />
    <testcase name="nine themes are registered, including the three new palettes" classname="" time="0.000149" file="target-repo\test\themes.test.ts" line="95" assertions="13" />
    <testcase name="accentShadowPaint uses the theme&apos;s REAL shadow hue (depth two-tone), distinct from the lit accent" classname="" time="0.000319" file="target-repo\test\themes.test.ts" line="107" assertions="25" />
    <testcase name="diffPaint: themed palettes with bg tints; default palette fallback; mono identity" classname="" time="0.000708" file="target-repo\test\themes.test.ts" line="125" assertions="9" />
    <testcase name="blue-crab is the fancy bioluminescent revamp (new accent + seafoam arc)" classname="" time="0.000052" file="target-repo\test\themes.test.ts" line="150" assertions="3" />
  </testsuite>
  <testsuite name="target-repo\test\tmux.test.ts" file="target-repo\test\tmux.test.ts" tests="12" assertions="92" failures="0" skipped="0" time="0.002" hostname="">
    <testcase name="tmux session launch behavior" classname="" time="0.002812" file="target-repo\test\tmux.test.ts" line="7" assertions="8" />
    <testcase name="tmux runtime model flags get a distinct session and propagate to inner launch" classname="" time="0.000796" file="target-repo\test\tmux.test.ts" line="96" assertions="7" />
    <testcase name="tmux long runtime model ids get hash-distinct session names" classname="" time="0.000701" file="target-repo\test\tmux.test.ts" line="141" assertions="4" />
    <testcase name="tmux validates provider/model mismatch before attaching to existing session" classname="" time="0.000556" file="target-repo\test\tmux.test.ts" line="182" assertions="2" />
    <testcase name="tmux creates an INDEPENDENT session (base-2) when the base name is already live" classname="" time="0.000711" file="target-repo\test\tmux.test.ts" line="223" assertions="4" />
    <testcase name="allocateTmuxSession: base when free, next free -N on collision, error passthrough" classname="" time="0.000114" file="target-repo\test\tmux.test.ts" line="292" assertions="3" />
    <testcase name="tmuxSessionName: same branch + different dirs get INDEPENDENT sessions (no collision)" classname="" time="0.000095" file="target-repo\test\tmux.test.ts" line="303" assertions="5" />
    <testcase name="shouldEnableCurrentTmuxMouse: only inside a foreign tmux session, opt-out honored" classname="" time="0.000078" file="target-repo\test\tmux.test.ts" line="317" assertions="4" />
    <testcase name="tmuxProfileCommands: gjc-parity profile — mouse, markers, clipboard, copy-mode style" classname="" time="0.00046" file="target-repo\test\tmux.test.ts" line="328" assertions="36" />
    <testcase name="tmux launch applies the gjc-parity profile to the CREATED session before attach" classname="" time="0.000744" file="target-repo\test\tmux.test.ts" line="372" assertions="14" />
    <testcase name="tmuxLaunchCommand: compiled standalone binary runs ITSELF (bunfs virtual argv[1])" classname="" time="0.00006" file="target-repo\test\tmux.test.ts" line="438" assertions="2" />
    <testcase name="tmuxLaunchCommand: source runs re-enter through the runtime; shims run directly" classname="" time="0.000131" file="target-repo\test\tmux.test.ts" line="445" assertions="3" />
  </testsuite>
  <testsuite name="target-repo\test\todo-card.test.ts" file="target-repo\test\todo-card.test.ts" tests="3" assertions="12" failures="0" skipped="0" time="0.009" hostname="">
    <testcase name="formatTodoWriteCard: ✓ header + tree connectors + ☑ strikethrough on done" classname="" time="0.00637" file="target-repo\test\todo-card.test.ts" line="8" assertions="6" />
    <testcase name="formatTodoWriteCard: ASCII fallback and empty input" classname="" time="0.000099" file="target-repo\test\todo-card.test.ts" line="29" assertions="2" />
    <testcase name="LaunchTui.setTodos flushes a Todo Write card into the ledger on change only" classname="" time="0.003247" file="target-repo\test\todo-card.test.ts" line="38" assertions="4" />
  </testsuite>
  <testsuite name="target-repo\test\todo-done-gate.test.ts" file="target-repo\test\todo-done-gate.test.ts" tests="3" assertions="9" failures="0" skipped="0" time="0" hostname="">
    <testcase name="onBeforeDone gate: a done with stale todos is bounced ONCE; the model reconciles and finishes" classname="" time="0.000976" file="target-repo\test\todo-done-gate.test.ts" line="4" assertions="4" />
    <testcase name="onBeforeDone gate is single-use: a stubborn second done passes even with stale todos (no loop)" classname="" time="0.000675" file="target-repo\test\todo-done-gate.test.ts" line="39" assertions="3" />
    <testcase name="onBeforeDone returning null finishes immediately (clean plans pay nothing)" classname="" time="0.000496" file="target-repo\test\todo-done-gate.test.ts" line="57" assertions="2" />
  </testsuite>
  <testsuite name="target-repo\test\todo-tool.test.ts" file="target-repo\test\todo-tool.test.ts" tests="8" assertions="24" failures="0" skipped="0" time="0.002" hostname="">
    <testcase name="normalizeTodoStatus: maps loose strings to canonical statuses" classname="" time="0.002255" file="target-repo\test\todo-tool.test.ts" line="9" assertions="6" />
    <testcase name="parseTodoItems: accepts objects and auto-promotes first pending" classname="" time="0.00031" file="target-repo\test\todo-tool.test.ts" line="18" assertions="3" />
    <testcase name="parseTodoItems: respects an explicit in_progress (no extra promotion)" classname="" time="0.000083" file="target-repo\test\todo-tool.test.ts" line="25" assertions="1" />
    <testcase name="parseTodoItems: accepts a string shorthand list" classname="" time="0.000079" file="target-repo\test\todo-tool.test.ts" line="30" assertions="2" />
    <testcase name="parseTodoItems: returns null for missing/empty input" classname="" time="0.000047" file="target-repo\test\todo-tool.test.ts" line="36" assertions="3" />
    <testcase name="renderTodoChecklist: glyphs reflect status" classname="" time="0.000224" file="target-repo\test\todo-tool.test.ts" line="42" assertions="3" />
    <testcase name="createTodoTool: updates plan, fires onChange, reports done count" classname="" time="0.000357" file="target-repo\test\todo-tool.test.ts" line="53" assertions="4" />
    <testcase name="createTodoTool: bad input is a soft failure (no throw)" classname="" time="0.000125" file="target-repo\test\todo-tool.test.ts" line="64" assertions="2" />
  </testsuite>
  <testsuite name="target-repo\test\tokenizer.test.ts" file="target-repo\test\tokenizer.test.ts" tests="5" assertions="6" failures="0" skipped="0" time="1.056" hostname="">
    <testcase name="countTokensAccurate: within ±5% of known cl100k token count" classname="" time="0.287202" file="target-repo\test\tokenizer.test.ts" line="15" assertions="1" />
    <testcase name="countTokensAccurate: memoization returns identical value on repeat" classname="" time="0.251398" file="target-repo\test\tokenizer.test.ts" line="21" assertions="1" />
    <testcase name="countTokensAccurate: unknown/garbage model falls back to a positive number" classname="" time="0.253647" file="target-repo\test\tokenizer.test.ts" line="27" assertions="1" />
    <testcase name="countTokensAccurate: empty string is zero" classname="" time="0.000094" file="target-repo\test\tokenizer.test.ts" line="32" assertions="1" />
    <testcase name="accurateHistoryTokens: sums per-message counts" classname="" time="0.265425" file="target-repo\test\tokenizer.test.ts" line="36" assertions="2" />
  </testsuite>
  <testsuite name="target-repo\test\tools-fs.test.ts" file="target-repo\test\tools-fs.test.ts" tests="48" assertions="124" failures="0" skipped="7" time="0.628" hostname="">
    <testcase name="IGNORED_DIRS covers the usual noise" classname="" time="0.00012" file="target-repo\test\tools-fs.test.ts" line="26" assertions="2" />
    <testcase name="parseLineSelector: multi-range, a+n, sorting + merging, out-of-range drop" classname="" time="0.011827" file="target-repo\test\tools-fs.test.ts" line="31" assertions="5" />
    <testcase name="readTool: multi-range selector emits both ranges with a gap marker" classname="" time="0.023854" file="target-repo\test\tools-fs.test.ts" line="47" assertions="6" />
    <testcase name="readTool: a+n selector reads n lines from a" classname="" time="0.002292" file="target-repo\test\tools-fs.test.ts" line="59" assertions="3" />
    <testcase name="lsTool: lists dirs first (slash-suffixed) then files" classname="" time="0.00086" file="target-repo\test\tools-fs.test.ts" line="68" assertions="3" />
    <testcase name="lsTool: a file path is a clear error (use read instead)" classname="" time="0.000311" file="target-repo\test\tools-fs.test.ts" line="76" assertions="2" />
    <testcase name="searchTool: ignoreCase matches mixed case" classname="" time="0.056128" file="target-repo\test\tools-fs.test.ts" line="82" assertions="2" />
    <testcase name="editTool: near-miss hint when only whitespace differs" classname="" time="0.002503" file="target-repo\test\tools-fs.test.ts" line="94" assertions="2" />
    <testcase name="editTool: anchor hint when first search line exists but block doesn&apos;t" classname="" time="0.002146" file="target-repo\test\tools-fs.test.ts" line="104" assertions="2" />
    <testcase name="bashTool: subdir runs the command in a resolved subdirectory" classname="" time="0" file="target-repo\test\tools-fs.test.ts" line="112" assertions="0">
      <skipped />
    </testcase>
    <testcase name="readTool: raw mode returns verbatim content with no line prefixes" classname="" time="0.002551" file="target-repo\test\tools-fs.test.ts" line="118" assertions="3" />
    <testcase name="bashTool: env vars are merged into the child environment" classname="" time="0" file="target-repo\test\tools-fs.test.ts" line="128" assertions="0">
      <skipped />
    </testcase>
    <testcase name="parseLineSelector: single line beyond EOF → empty ranges" classname="" time="0.000144" file="target-repo\test\tools-fs.test.ts" line="137" assertions="1" />
    <testcase name="parseLineSelector: adjacent ranges (c=b+1) merge into one" classname="" time="0.000062" file="target-repo\test\tools-fs.test.ts" line="142" assertions="1" />
    <testcase name="readTool: all-ranges-beyond-EOF returns the soft &apos;no lines in range&apos; message" classname="" time="0.002067" file="target-repo\test\tools-fs.test.ts" line="147" assertions="2" />
    <testcase name="readTool: raw mode truncates &gt;50k with a notice" classname="" time="0.015653" file="target-repo\test\tools-fs.test.ts" line="155" assertions="3" />
    <testcase name="searchTool: invalid regex (grep exit &gt;=2) is a real failure, not silent success" classname="" time="0.036214" file="target-repo\test\tools-fs.test.ts" line="164" assertions="2" />
    <testcase name="editTool: ≔A..B multi-line range replacement still works after near-miss change" classname="" time="0.011105" file="target-repo\test\tools-fs.test.ts" line="170" assertions="2" />
    <testcase name="editTool: successful SEARCH/REPLACE happy path still applies" classname="" time="0.004072" file="target-repo\test\tools-fs.test.ts" line="178" assertions="2" />
    <testcase name="searchTool: empty pattern is a soft error, not match-everything" classname="" time="0.000445" file="target-repo\test\tools-fs.test.ts" line="186" assertions="2" />
    <testcase name="bashTool: non-string env values are dropped (no cryptic spawn throw)" classname="" time="0" file="target-repo\test\tools-fs.test.ts" line="192" assertions="0">
      <skipped />
    </testcase>
    <testcase name="readTool: huge lineRange is capped with a truncation notice" classname="" time="0.025975" file="target-repo\test\tools-fs.test.ts" line="198" assertions="3" />
    <testcase name="readTool: reading a directory returns its listing (gjc parity)" classname="" time="0.013565" file="target-repo\test\tools-fs.test.ts" line="207" assertions="4" />
    <testcase name="parseEditHunks: parses one, many, and rejects malformed/none" classname="" time="0.000238" file="target-repo\test\tools-fs.test.ts" line="217" assertions="4" />
    <testcase name="editTool: multiple SEARCH/REPLACE hunks apply in order" classname="" time="0.043398" file="target-repo\test\tools-fs.test.ts" line="226" assertions="2" />
    <testcase name="editTool: multi-hunk is atomic — a later failing hunk writes nothing" classname="" time="0.014838" file="target-repo\test\tools-fs.test.ts" line="234" assertions="3" />
    <testcase name="editTool: $-patterns in the replacement are inserted literally (no String.replace corruption)" classname="" time="0.015791" file="target-repo\test\tools-fs.test.ts" line="244" assertions="2" />
    <testcase name="editTool: single-hunk replaces only the match; surrounding lines survive" classname="" time="0.024542" file="target-repo\test\tools-fs.test.ts" line="253" assertions="2" />
    <testcase name="editTool: garbage edit block (no directives) returns the format error" classname="" time="0.001974" file="target-repo\test\tools-fs.test.ts" line="261" assertions="2" />
    <testcase name="read/write/edit: missing/empty required args are soft errors (no cryptic crash)" classname="" time="0.000645" file="target-repo\test\tools-fs.test.ts" line="269" assertions="8" />
    <testcase name="searchTool: context option includes surrounding lines; maxMatches caps per file" classname="" time="0.05074" file="target-repo\test\tools-fs.test.ts" line="284" assertions="0" />
    <testcase name="editTool: unterminated SEARCH marker gives a marker-specific error (not the ≔ hint)" classname="" time="0.002664" file="target-repo\test\tools-fs.test.ts" line="306" assertions="2" />
    <testcase name="readGitignore: parses dir + file globs; skips comment/negation/multi-segment" classname="" time="0.00434" file="target-repo\test\tools-fs.test.ts" line="314" assertions="8" />
    <testcase name="readGitignore: absent .gitignore → empty (no-op)" classname="" time="0.001833" file="target-repo\test\tools-fs.test.ts" line="328" assertions="1" />
    <testcase name="find/search honor .gitignore on top of IGNORED_DIRS" classname="" time="0.06168" file="target-repo\test\tools-fs.test.ts" line="334" assertions="3" />
    <testcase name="findTool skips node_modules and .git" classname="" time="0.07017" file="target-repo\test\tools-fs.test.ts" line="363" assertions="1" />
    <testcase name="findTool: path globs (slash / **) resolve via real glob, not basename-only -name" classname="" time="0.008073" file="target-repo\test\tools-fs.test.ts" line="377" assertions="7" />
    <testcase name="findTool: missing/empty globPattern is a soft error, not an uncaught crash" classname="" time="0.000229" file="target-repo\test\tools-fs.test.ts" line="407" assertions="3" />
    <testcase name="searchTool skips ignored dirs and only matches source" classname="" time="0.040568" file="target-repo\test\tools-fs.test.ts" line="417" assertions="0" />
    <testcase name="searchTool reports &apos;No matches found.&apos; as success (grep exit 1 is not an error)" classname="" time="0.035811" file="target-repo\test\tools-fs.test.ts" line="429" assertions="0" />
    <testcase name="readTool still reads a file within the temp dir" classname="" time="0.005024" file="target-repo\test\tools-fs.test.ts" line="448" assertions="2" />
    <testcase name="readTool: open-ended range, single line, and out-of-order error" classname="" time="0.01678" file="target-repo\test\tools-fs.test.ts" line="454" assertions="8" />
    <testcase name="readTool: appends a truncation notice past 500 lines" classname="" time="0.001266" file="target-repo\test\tools-fs.test.ts" line="472" assertions="4" />
    <testcase name="bashTool: runs a command and captures stdout" classname="" time="0" file="target-repo\test\tools-fs.test.ts" line="480" assertions="0">
      <skipped />
    </testcase>
    <testcase name="bashTool: a command exceeding the timeout is killed and reported" classname="" time="0" file="target-repo\test\tools-fs.test.ts" line="486" assertions="0">
      <skipped />
    </testcase>
    <testcase name="bashTool: a non-zero exit is surfaced as a failure" classname="" time="0" file="target-repo\test\tools-fs.test.ts" line="495" assertions="0">
      <skipped />
    </testcase>
    <testcase name="DEFAULT_TOOLS.bash forwards timeoutMs from tool args" classname="" time="0" file="target-repo\test\tools-fs.test.ts" line="501" assertions="0">
      <skipped />
    </testcase>
    <testcase name="editTool: ≔A+ inserts after a line, ≔$ appends, ≔A..B replaces" classname="" time="0.034074" file="target-repo\test\tools-fs.test.ts" line="510" assertions="10" />
  </testsuite>
  <testsuite name="target-repo\test\transcript.test.ts" file="target-repo\test\transcript.test.ts" tests="4" assertions="22" failures="0" skipped="0" time="0.018" hostname="">
    <testcase name="formatTranscript folds engine history into user/tool/jeo blocks" classname="" time="0.018024" file="target-repo\test\transcript.test.ts" line="14" assertions="9" />
    <testcase name="formatTranscript marks failing tools and skips protocol bounces" classname="" time="0.000498" file="target-repo\test\transcript.test.ts" line="32" assertions="3" />
    <testcase name="formatTranscript maxTurns keeps only the last n exchanges with a hidden marker" classname="" time="0.000318" file="target-repo\test\transcript.test.ts" line="46" assertions="6" />
    <testcase name="formatTranscript clips long bodies and handles empty history" classname="" time="0.000246" file="target-repo\test\transcript.test.ts" line="62" assertions="4" />
  </testsuite>
  <testsuite name="target-repo\test\transitions.test.ts" file="target-repo\test\transitions.test.ts" tests="7" assertions="32" failures="0" skipped="0" time="0.002" hostname="">
    <testcase name="evolutionTrack ratio shows a half marker on the next stage when partway" classname="" time="0.002553" file="target-repo\test\transitions.test.ts" line="14" assertions="4" />
    <testcase name="stageProgressRatio is 0 at step 0 and fills each band 0→1" classname="" time="0.000234" file="target-repo\test\transitions.test.ts" line="26" assertions="6" />
    <testcase name="overallProgress clamps step/maxSteps to [0,1]" classname="" time="0.000108" file="target-repo\test\transitions.test.ts" line="35" assertions="4" />
    <testcase name="nextStageName advances and clamps at the final stage" classname="" time="0.000063" file="target-repo\test\transitions.test.ts" line="42" assertions="2" />
    <testcase name="stepsToNextStage counts whole steps to the next stage; 0 at final" classname="" time="0.000119" file="target-repo\test\transitions.test.ts" line="47" assertions="3" />
    <testcase name="transition messages: one per stage, clamped lookup" classname="" time="0.000054" file="target-repo\test\transitions.test.ts" line="54" assertions="4" />
    <testcase name="StageProgress.advanced fires only on the observe that raises the peak" classname="" time="0.000115" file="target-repo\test\transitions.test.ts" line="61" assertions="9" />
  </testsuite>
  <testsuite name="target-repo\test\tui-app.test.ts" file="target-repo\test\tui-app.test.ts" tests="25" assertions="96" failures="0" skipped="1" time="0.074" hostname="">
    <testcase name="LaunchTui: shows a &apos;calling model&apos; status while waiting on the model, then the tool" classname="" time="0.000978" file="target-repo\test\tui-app.test.ts" line="9" assertions="2" />
    <testcase name="LaunchTui: on a TTY the live turn stays in the MAIN buffer so wheel-scroll reaches earlier progress" classname="" time="0.001368" file="target-repo\test\tui-app.test.ts" line="22" assertions="13" />
    <testcase name="LaunchTui: JEO_TUI_ALT_SCREEN=1 opts back into the legacy alternate-screen turn" classname="" time="0" file="target-repo\test\tui-app.test.ts" line="64" assertions="0">
      <skipped />
    </testcase>
    <testcase name="LaunchTui: subagent progress lines are flushed into scrollback mid-turn on a TTY" classname="" time="0.001155" file="target-repo\test\tui-app.test.ts" line="68" assertions="2" />
    <testcase name="LaunchTui (inline): flushed ledger lines are NOT duplicated inside the live frame" classname="" time="0.001077" file="target-repo\test\tui-app.test.ts" line="83" assertions="1" />
    <testcase name="LaunchTui: flushed tool-result ledger lines lead with a gjc-style ✔/✗ glyph" classname="" time="0.002026" file="target-repo\test\tui-app.test.ts" line="107" assertions="2" />
    <testcase name="LaunchTui: ledger glyphs fall back to v/x on ASCII-only terminals" classname="" time="0.001366" file="target-repo\test\tui-app.test.ts" line="127" assertions="4" />
    <testcase name="LaunchTui: without a TTY the alt screen is NOT used (plain in-place render)" classname="" time="0.000337" file="target-repo\test\tui-app.test.ts" line="158" assertions="3" />
    <testcase name="LaunchTui auto-repair: repaint() rewrites the FULL frame after external corruption" classname="" time="0.000511" file="target-repo\test\tui-app.test.ts" line="169" assertions="1" />
    <testcase name="LaunchTui auto-repair: resize listener is registered on start and removed on finish" classname="" time="0.00042" file="target-repo\test\tui-app.test.ts" line="187" assertions="2" />
    <testcase name="LaunchTui.usable is false under a non-TTY test process" classname="" time="0.000051" file="target-repo\test\tui-app.test.ts" line="202" assertions="2" />
    <testcase name="LaunchTui: setTodos renders a plan checklist in live and final output" classname="" time="0.00053" file="target-repo\test\tui-app.test.ts" line="209" assertions="4" />
    <testcase name="LaunchTui: corrupt deep-interview state shows fail-closed mutation lock" classname="" time="0.044193" file="target-repo\test\tui-app.test.ts" line="235" assertions="1" />
    <testcase name="LaunchTui: live region renders tool list + footer, finish collapses to static output" classname="" time="0.006232" file="target-repo\test\tui-app.test.ts" line="261" assertions="8" />
    <testcase name="LaunchTui: multiple onStep renders do not produce duplicate footers in output array and do not exceed block height" classname="" time="0.001831" file="target-repo\test\tui-app.test.ts" line="295" assertions="11" />
    <testcase name="LaunchTui: Ctrl+O history panel toggles open and closed inside the live frame" classname="" time="0.003307" file="target-repo\test\tui-app.test.ts" line="404" assertions="5" />
    <testcase name="LaunchTui (inline): status line and model bar are never cut off when content overflows the terminal" classname="" time="0.010301" file="target-repo\test\tui-app.test.ts" line="431" assertions="3" />
    <testcase name="LaunchTui: onSubagentEvent surfaces delegated subagent progress + result in the stream" classname="" time="0.00097" file="target-repo\test\tui-app.test.ts" line="467" assertions="6" />
    <testcase name="LaunchTui: onToolResult flushes a gjc-style glyph-led ledger line for the target" classname="" time="0.00058" file="target-repo\test\tui-app.test.ts" line="492" assertions="1" />
    <testcase name="LaunchTui: onToolResult stream line includes the invocation target using write-sink pattern" classname="" time="0.000554" file="target-repo\test\tui-app.test.ts" line="509" assertions="2" />
    <testcase name="LaunchTui (alt-screen boxed): status field shows the in-flight file and stage track" classname="" time="0.0008" file="target-repo\test\tui-app.test.ts" line="531" assertions="2" />
    <testcase name="LaunchTui: find/search results flush a gjc-style count suffix + dim tree children into the ledger" classname="" time="0.002978" file="target-repo\test\tui-app.test.ts" line="571" assertions="5" />
    <testcase name="LaunchTui: ledger lines longer than the terminal are width-wrapped before flush (no row-accounting tear)" classname="" time="0.001782" file="target-repo\test\tui-app.test.ts" line="597" assertions="5" />
    <testcase name="LaunchTui.finish: a long reply is width-wrapped — no physical line exceeds the terminal (result-screen 화면깨짐 fix)" classname="" time="0.000884" file="target-repo\test\tui-app.test.ts" line="624" assertions="2" />
    <testcase name="LaunchTui: live turn keeps the normal input box visible and editable" classname="" time="0.001282" file="target-repo\test\tui-app.test.ts" line="644" assertions="9" />
  </testsuite>
  <testsuite name="target-repo\test\tui-components.test.ts" file="target-repo\test\tui-components.test.ts" tests="8" assertions="29" failures="0" skipped="0" time="0.001" hostname="">
    <testcase name="Spinner.next cycles and returns to the first frame after a full loop" classname="" time="0.001738" file="target-repo\test\tui-components.test.ts" line="5" assertions="8" />
    <testcase name="Default spinner uses braille frames" classname="" time="0.000079" file="target-repo\test\tui-components.test.ts" line="18" assertions="1" />
    <testcase name="ToolList start-&gt;render shows running, finish(ok=true)-&gt;ok, finish(ok=false)-&gt;FAILED" classname="" time="0.000273" file="target-repo\test\tui-components.test.ts" line="23" assertions="9" />
    <testcase name="StreamRegion.append then render(width) wraps a &gt;width line and splits on \n" classname="" time="0.000097" file="target-repo\test\tui-components.test.ts" line="55" assertions="2" />
    <testcase name="StreamRegion.render(width, maxLines) truncates the result to maxLines" classname="" time="0.000061" file="target-repo\test\tui-components.test.ts" line="73" assertions="1" />
    <testcase name="renderFooter shows model + elapsed + stage tag and never a step counter" classname="" time="0.000186" file="target-repo\test\tui-components.test.ts" line="82" assertions="3" />
    <testcase name="StreamRegion caps retained lines so memory stays flat over a long session" classname="" time="0.000153" file="target-repo\test\tui-components.test.ts" line="108" assertions="1" />
    <testcase name="ToolList caps rows but keeps finish() indices stable across front trims" classname="" time="0.000088" file="target-repo\test\tui-components.test.ts" line="114" assertions="4" />
  </testsuite>
  <testsuite name="target-repo\test\tui-evolution.test.ts" file="target-repo\test\tui-evolution.test.ts" tests="7" assertions="32" failures="0" skipped="0" time="0" hostname="">
    <testcase name="getEvolutionStage maps steps to stages correctly" classname="" time="0.000125" file="target-repo\test\tui-evolution.test.ts" line="9" assertions="5" />
    <testcase name="renderAsciiArt respects options" classname="" time="0.000367" file="target-repo\test\tui-evolution.test.ts" line="17" assertions="17" />
    <testcase name="renderAsciiArt auto-scales on narrow terminal" classname="" time="0.000194" file="target-repo\test\tui-evolution.test.ts" line="33" assertions="2" />
    <testcase name="renderAsciiArt handles firing options" classname="" time="0.0003" file="target-repo\test\tui-evolution.test.ts" line="44" assertions="1" />
    <testcase name="getEvolutionTip and getEvolutionStatusMessage map correctly" classname="" time="0.000111" file="target-repo\test\tui-evolution.test.ts" line="59" assertions="4" />
    <testcase name="animateAsciiArt calls write and sleep" classname="" time="0.000287" file="target-repo\test\tui-evolution.test.ts" line="73" assertions="2" />
    <testcase name="boxBlock wraps lines and handles dividers" classname="" time="0.000109" file="target-repo\test\tui-evolution.test.ts" line="88" assertions="1" />
  </testsuite>
  <testsuite name="target-repo\test\tui-renderer.test.ts" file="target-repo\test\tui-renderer.test.ts" tests="16" assertions="41" failures="0" skipped="0" time="0" hostname="">
    <testcase name="truncate" classname="" time="0.000109" file="target-repo\test\tui-renderer.test.ts" line="5" assertions="2" />
    <testcase name="Renderer differential render first time" classname="" time="0.000185" file="target-repo\test\tui-renderer.test.ts" line="10" assertions="3" />
    <testcase name="Renderer differential render partial change" classname="" time="0.00013" file="target-repo\test\tui-renderer.test.ts" line="21" assertions="3" />
    <testcase name="Renderer shrinking clear lines" classname="" time="0.000185" file="target-repo\test\tui-renderer.test.ts" line="35" assertions="2" />
    <testcase name="Renderer reserve mode: taller frames reserve rows with real newlines before painting" classname="" time="0.000212" file="target-repo\test\tui-renderer.test.ts" line="52" assertions="6" />
    <testcase name="Renderer without reserve never emits newlines (alt-screen / non-TTY safety)" classname="" time="0.000197" file="target-repo\test\tui-renderer.test.ts" line="76" assertions="1" />
    <testcase name="Renderer.insertAbove flushes static text and forces a full repaint next render" classname="" time="0.000153" file="target-repo\test\tui-renderer.test.ts" line="83" assertions="5" />
    <testcase name="Renderer.insertAbove leaves no ED anywhere in the flush+repaint cycle (reserve mode)" classname="" time="0.000118" file="target-repo\test\tui-renderer.test.ts" line="102" assertions="1" />
    <testcase name="Renderer.clear in reserve mode EL-walks the frame instead of ED-clearing" classname="" time="0.000113" file="target-repo\test\tui-renderer.test.ts" line="111" assertions="2" />
    <testcase name="Renderer.clear without reserve keeps the ED fast path (alt-screen/non-TTY)" classname="" time="0.000128" file="target-repo\test\tui-renderer.test.ts" line="122" assertions="1" />
    <testcase name="Renderer insertAbove opens a synchronized update; next render closes it" classname="" time="0.000186" file="target-repo\test\tui-renderer.test.ts" line="131" assertions="5" />
    <testcase name="Renderer clear() closes a dangling synchronized update" classname="" time="0.000117" file="target-repo\test\tui-renderer.test.ts" line="153" assertions="1" />
    <testcase name="Renderer reserve mode: shrinking frames reserve nothing and clear removed rows" classname="" time="0.000125" file="target-repo\test\tui-renderer.test.ts" line="162" assertions="2" />
    <testcase name="Renderer reserve mode: growth after insertAbove re-reserves the full frame" classname="" time="0.000126" file="target-repo\test\tui-renderer.test.ts" line="174" assertions="2" />
    <testcase name="Renderer reserve mode: frames taller than the viewport are not reserved" classname="" time="0.000204" file="target-repo\test\tui-renderer.test.ts" line="186" assertions="1" />
    <testcase name="Renderer insertAbove eagerly EL-clears the old frame&apos;s uncovered rows (no margin desync)" classname="" time="0.000196" file="target-repo\test\tui-renderer.test.ts" line="194" assertions="4" />
  </testsuite>
  <testsuite name="target-repo\test\tui-welcome.test.ts" file="target-repo\test\tui-welcome.test.ts" tests="12" assertions="135" failures="0" skipped="0" time="0.007" hostname="">
    <testcase name="box has top/bottom borders and title with version" classname="" time="0.005954" file="target-repo\test\tui-welcome.test.ts" line="6" assertions="7" />
    <testcase name="box borders with unicode: false" classname="" time="0.000397" file="target-repo\test\tui-welcome.test.ts" line="29" assertions="4" />
    <testcase name="every line has equal visible width" classname="" time="0.000884" file="target-repo\test\tui-welcome.test.ts" line="47" assertions="22" />
    <testcase name="hero column: brand, tagline, grand DNA Claw symbol, centered" classname="" time="0.002908" file="target-repo\test\tui-welcome.test.ts" line="73" assertions="3" />
    <testcase name="model + provider pills present" classname="" time="0.000338" file="target-repo\test\tui-welcome.test.ts" line="89" assertions="2" />
    <testcase name="provider pill omitted when missing" classname="" time="0.000243" file="target-repo\test\tui-welcome.test.ts" line="103" assertions="2" />
    <testcase name="workspace / session details no longer render inside the hero box (gjc parity)" classname="" time="0.000279" file="target-repo\test\tui-welcome.test.ts" line="116" assertions="4" />
    <testcase name="an overlong model pill truncates instead of breaking the border" classname="" time="0.00022" file="target-repo\test\tui-welcome.test.ts" line="133" assertions="22" />
    <testcase name="narrow box falls back to the compact DNA Claw symbol" classname="" time="0.000152" file="target-repo\test\tui-welcome.test.ts" line="150" assertions="2" />
    <testcase name="narrow cols (&lt;30) -&gt; single-line fallback" classname="" time="0.000059" file="target-repo\test\tui-welcome.test.ts" line="163" assertions="1" />
    <testcase name="color:false emits no ANSI" classname="" time="0.000259" file="target-repo\test\tui-welcome.test.ts" line="175" assertions="22" />
    <testcase name="two-tone depth: lit top/left edges vs shaded bottom/right edges" classname="" time="0.000468" file="target-repo\test\tui-welcome.test.ts" line="196" assertions="44" />
  </testsuite>
  <testsuite name="target-repo\test\update-box.test.ts" file="target-repo\test\update-box.test.ts" tests="8" assertions="21" failures="0" skipped="0" time="0.003" hostname="">
    <testcase name="checkForUpdate - updateAvailable:true on higher version" classname="" time="0.003582" file="target-repo\test\update-box.test.ts" line="8" assertions="1" />
    <testcase name="checkForUpdate - updateAvailable:false on equal version" classname="" time="0.000162" file="target-repo\test\update-box.test.ts" line="21" assertions="1" />
    <testcase name="checkForUpdate - updateAvailable:false on lower version" classname="" time="0.000352" file="target-repo\test\update-box.test.ts" line="34" assertions="1" />
    <testcase name="checkForUpdate - null when fetchJson throws" classname="" time="0.000313" file="target-repo\test\update-box.test.ts" line="47" assertions="1" />
    <testcase name="checkForUpdate - null when payload is malformed" classname="" time="0.000523" file="target-repo\test\update-box.test.ts" line="58" assertions="2" />
    <testcase name="renderUpdateBox - field content" classname="" time="0.000211" file="target-repo\test\update-box.test.ts" line="74" assertions="4" />
    <testcase name="renderUpdateBox - equal field widths" classname="" time="0.000194" file="target-repo\test\update-box.test.ts" line="86" assertions="7" />
    <testcase name="renderUpdateBox - color:false has no ANSI" classname="" time="0.000092" file="target-repo\test\update-box.test.ts" line="102" assertions="4" />
  </testsuite>
  <testsuite name="target-repo\test\update-command.test.ts" file="target-repo\test\update-command.test.ts" tests="17" assertions="52" failures="0" skipped="0" time="0" hostname="">
    <testcase name="compareVersions - edge cases" classname="" time="0.000272" file="target-repo\test\update-command.test.ts" line="35" assertions="10" />
    <testcase name="update - up-to-date path" classname="" time="0.00097" file="target-repo\test\update-command.test.ts" line="48" assertions="2" />
    <testcase name="update - newer-available prints upgrade hint" classname="" time="0.000207" file="target-repo\test\update-command.test.ts" line="61" assertions="3" />
    <testcase name="update - 404 friendly" classname="" time="0.000393" file="target-repo\test\update-command.test.ts" line="75" assertions="2" />
    <testcase name="update - network error warns exit 0" classname="" time="0.000275" file="target-repo\test\update-command.test.ts" line="92" assertions="2" />
    <testcase name="update - network error with --strict exitCode 1" classname="" time="0.000219" file="target-repo\test\update-command.test.ts" line="107" assertions="2" />
    <testcase name="update - --install skips when already current" classname="" time="0.000226" file="target-repo\test\update-command.test.ts" line="122" assertions="3" />
    <testcase name="update - --install triggers when newer and succeeds" classname="" time="0.00022" file="target-repo\test\update-command.test.ts" line="140" assertions="3" />
    <testcase name="update - --install triggers when newer and fails" classname="" time="0.000423" file="target-repo\test\update-command.test.ts" line="158" assertions="3" />
    <testcase name="update - --json shape (up-to-date)" classname="" time="0.000282" file="target-repo\test\update-command.test.ts" line="176" assertions="3" />
    <testcase name="update - --json shape (newer available)" classname="" time="0.000258" file="target-repo\test\update-command.test.ts" line="195" assertions="3" />
    <testcase name="update - --json shape (--install)" classname="" time="0.000334" file="target-repo\test\update-command.test.ts" line="214" assertions="3" />
    <testcase name="update - --json shape (404 friendly)" classname="" time="0.000328" file="target-repo\test\update-command.test.ts" line="234" assertions="3" />
    <testcase name="update - --json shape (network failure)" classname="" time="0.000361" file="target-repo\test\update-command.test.ts" line="258" assertions="3" />
    <testcase name="update - --json shape (network failure --strict)" classname="" time="0.000302" file="target-repo\test\update-command.test.ts" line="280" assertions="3" />
    <testcase name="update - unknown flag exitCode 1" classname="" time="0.000267" file="target-repo\test\update-command.test.ts" line="302" assertions="2" />
    <testcase name="update - --help" classname="" time="0.000283" file="target-repo\test\update-command.test.ts" line="315" assertions="2" />
  </testsuite>
  <testsuite name="target-repo\test\usage.test.ts" file="target-repo\test\usage.test.ts" tests="3" assertions="6" failures="0" skipped="0" time="0.003" hostname="">
    <testcase name="ollamaAdapter.call: reports token usage via onUsage" classname="" time="0.003276" file="target-repo\test\usage.test.ts" line="5" assertions="2" />
    <testcase name="openaiAdapter.call: reports usage" classname="" time="0.000803" file="target-repo\test\usage.test.ts" line="25" assertions="2" />
    <testcase name="anthropicAdapter.call: reports usage" classname="" time="0.000566" file="target-repo\test\usage.test.ts" line="38" assertions="2" />
  </testsuite>
  <testsuite name="target-repo\test\web-search.test.ts" file="target-repo\test\web-search.test.ts" tests="14" assertions="43" failures="0" skipped="3" time="1.227" hostname="">
    <testcase name="resolveSearchChain: DuckDuckGo is ALWAYS the terminal fallback" classname="" time="0.000766" file="target-repo\test\web-search.test.ts" line="43" assertions="1" />
    <testcase name="resolveSearchChain: active anthropic model + credentials → anthropic primary, ddg fallback" classname="" time="0" file="target-repo\test\web-search.test.ts" line="51" assertions="0">
      <skipped />
    </testcase>
    <testcase name="resolveSearchChain: model providers without a native search fall through to ddg" classname="" time="0.000643" file="target-repo\test\web-search.test.ts" line="55" assertions="1" />
    <testcase name="resolveSearchChain: explicit JEO_SEARCH_PROVIDER override wins over the model gate" classname="" time="0" file="target-repo\test\web-search.test.ts" line="64" assertions="0">
      <skipped />
    </testcase>
    <testcase name="resolveSearchChain: preferred provider without credentials is skipped (no dead primary)" classname="" time="0.000446" file="target-repo\test\web-search.test.ts" line="68" assertions="1" />
    <testcase name="parseHtmlResults: unwraps uddg redirects, decodes entities, pairs snippets" classname="" time="0.000819" file="target-repo\test\web-search.test.ts" line="91" assertions="1" />
    <testcase name="parseLiteResults: parses the lite endpoint markup" classname="" time="0.000298" file="target-repo\test\web-search.test.ts" line="99" assertions="1" />
    <testcase name="decodeResultUrl: drops internal/unsafe links, unwraps redirects" classname="" time="0.000274" file="target-repo\test\web-search.test.ts" line="104" assertions="5" />
    <testcase name="parseAnthropicSearchResponse: maps content blocks into the unified shape" classname="" time="0.000454" file="target-repo\test\web-search.test.ts" line="135" assertions="9" />
    <testcase name="formatWebSearchOutput: gjc card sections with a DYNAMIC provider label" classname="" time="0.000644" file="target-repo\test\web-search.test.ts" line="152" assertions="12" />
    <testcase name="webSearchTool: primary provider failure fails over to DuckDuckGo (live data, not mock)" classname="" time="0" file="target-repo\test\web-search.test.ts" line="178" assertions="0">
      <skipped />
    </testcase>
    <testcase name="webSearchTool: every provider failing surfaces an explicit aggregated error" classname="" time="1.224788" file="target-repo\test\web-search.test.ts" line="182" assertions="3" />
    <testcase name="webSearchTool: empty query is rejected before any network call" classname="" time="0.002329" file="target-repo\test\web-search.test.ts" line="197" assertions="2" />
    <testcase name="webSearchCardLines: rebuilds the gjc card sections from structured output" classname="" time="0.001297" file="target-repo\test\web-search.test.ts" line="205" assertions="7" />
  </testsuite>
  <testsuite name="target-repo\test\width.test.ts" file="target-repo\test\width.test.ts" tests="5" assertions="26" failures="0" skipped="0" time="0" hostname="">
    <testcase name="charWidth: wide / narrow / zero-width classes" classname="" time="0.000132" file="target-repo\test\width.test.ts" line="4" assertions="7" />
    <testcase name="visibleWidth: CJK counts 2, ANSI counts 0, tabs advance to 8-stop" classname="" time="0.000097" file="target-repo\test\width.test.ts" line="14" assertions="7" />
    <testcase name="truncateToWidth: wide glyph straddling the boundary is dropped whole" classname="" time="0.000059" file="target-repo\test\width.test.ts" line="24" assertions="5" />
    <testcase name="truncateToWidth: SGR preserved and reset appended on mid-color cut" classname="" time="0.000053" file="target-repo\test\width.test.ts" line="33" assertions="4" />
    <testcase name="wrapTextWithAnsi: hard-wraps by display width, keeps newlines" classname="" time="0.000092" file="target-repo\test\width.test.ts" line="41" assertions="3" />
  </testsuite>
  <testsuite name="target-repo\test\workflow-integrity.test.ts" file="target-repo\test\workflow-integrity.test.ts" tests="12" assertions="50" failures="0" skipped="0" time="0.539" hostname="">
    <testcase name="team: stale state from a previous plan restarts execution instead of no-opping (round-7 #1)" classname="" time="0.087209" file="target-repo\test\workflow-integrity.test.ts" line="56" assertions="6" />
    <testcase name="team: same-plan state still resumes (no spurious restart)" classname="" time="0.058389" file="target-repo\test\workflow-integrity.test.ts" line="90" assertions="3" />
    <testcase name="ultragoal: suite runs ONCE; criteria are UNVERIFIED, never fabricated PASS (round-7 #2)" classname="" time="0.045493" file="target-repo\test\workflow-integrity.test.ts" line="132" assertions="6" />
    <testcase name="ultragoal: a red suite fails the run and the criteria record says FAILED" classname="" time="0.036238" file="target-repo\test\workflow-integrity.test.ts" line="157" assertions="4" />
    <testcase name="acquireWorkflowRunLock: live holder refuses, release reopens, dead-pid lock is taken over" classname="" time="0.027583" file="target-repo\test\workflow-integrity.test.ts" line="178" assertions="2" />
    <testcase name="team: a failed task persists a marker; the next run warns about partial edits" classname="" time="0.103859" file="target-repo\test\workflow-integrity.test.ts" line="199" assertions="7" />
    <testcase name="task-tool: an executor that &apos;completes&apos; with zero successful mutations gets a parent audit note" classname="" time="0.027311" file="target-repo\test\workflow-integrity.test.ts" line="225" assertions="4" />
    <testcase name="ralplan: refuses to mark complete when no pass yields a schema/role-valid plan" classname="" time="0.045562" file="target-repo\test\workflow-integrity.test.ts" line="246" assertions="4" />
    <testcase name="ralplan: a valid plan + critic [OKAY] completes with the verdict persisted" classname="" time="0.03846" file="target-repo\test\workflow-integrity.test.ts" line="264" assertions="3" />
    <testcase name="ralplan: critic [REJECT] blocks completion and persists the verdict (round-11)" classname="" time="0.03354" file="target-repo\test\workflow-integrity.test.ts" line="285" assertions="5" />
    <testcase name="approve: refuses a plan without an [OKAY] consensus verdict (round-11)" classname="" time="0.021788" file="target-repo\test\workflow-integrity.test.ts" line="306" assertions="3" />
    <testcase name="approve: refuses a plan that team would reject (unknown role / malformed)" classname="" time="0.019675" file="target-repo\test\workflow-integrity.test.ts" line="342" assertions="3" />
  </testsuite>
  <testsuite name="target-repo\test\worktree.test.ts" file="target-repo\test\worktree.test.ts" tests="5" assertions="13" failures="0" skipped="0" time="0.668" hostname="">
    <testcase name="dispatch routes a bare leading --flag to launch (not &apos;unknown command&apos;)" classname="" time="0.04247" file="target-repo\test\worktree.test.ts" line="24" assertions="3" />
    <testcase name="dispatch still handles --version without routing to launch" classname="" time="0.000268" file="target-repo\test\worktree.test.ts" line="41" assertions="2" />
    <testcase name="dispatch reports unknown subcommands (non-flag) as before" classname="" time="0.000625" file="target-repo\test\worktree.test.ts" line="47" assertions="2" />
    <testcase name="--worktree reuses an existing directory and chdirs into it" classname="" time="0.037655" file="target-repo\test\worktree.test.ts" line="53" assertions="2" />
    <testcase name="--worktree creates a git worktree when the path does not exist" classname="" time="0.589217" file="target-repo\test\worktree.test.ts" line="71" assertions="4" />
  </testsuite>
  <testsuite name="target-repo\test\write-parallel.test.ts" file="target-repo\test\write-parallel.test.ts" tests="6" assertions="12" failures="0" skipped="0" time="0.413" hostname="">
    <testcase name="distinct-file writes in one batch run concurrently" classname="" time="0.045894" file="target-repo\test\write-parallel.test.ts" line="35" assertions="2" />
    <testcase name="same-file writes stay strictly sequential (ordered, never overlap)" classname="" time="0.090724" file="target-repo\test\write-parallel.test.ts" line="45" assertions="2" />
    <testcase name="bash is exclusive: it never overlaps a write and runs after the write group" classname="" time="0.060154" file="target-repo\test\write-parallel.test.ts" line="59" assertions="4" />
    <testcase name="a path-less write does not parallelize (treated as a collision)" classname="" time="0.068044" file="target-repo\test\write-parallel.test.ts" line="73" assertions="1" />
    <testcase name="aliased spellings of the SAME file serialize (F3: ./x vs x lost-update fix)" classname="" time="0.093968" file="target-repo\test\write-parallel.test.ts" line="81" assertions="2" />
    <testcase name="case-variant paths serialize too (macOS case-insensitive FS safety)" classname="" time="0.057082" file="target-repo\test\write-parallel.test.ts" line="91" assertions="1" />
  </testsuite>
  <testsuite name="D:\clawWorld\jeo-claw\target-repo\test\commands\create.test.ts" file="D:\clawWorld\jeo-claw\target-repo\test\commands\create.test.ts" tests="4" assertions="15" failures="0" skipped="0" time="0" hostname="">
    <testsuite name="createCommand" file="D:\clawWorld\jeo-claw\target-repo\test\commands\create.test.ts" line="11" tests="4" assertions="15" failures="0" skipped="0" time="0.037" hostname="">
      <testcase name="should create a new task and save it to storage" classname="createCommand" time="0.002928" file="D:\clawWorld\jeo-claw\target-repo\test\commands\create.test.ts" line="37" assertions="4" />
      <testcase name="should create multiple tasks with incrementing IDs" classname="createCommand" time="0.004634" file="D:\clawWorld\jeo-claw\target-repo\test\commands\create.test.ts" line="49" assertions="5" />
      <testcase name="should delete a task via runDeleteCommand" classname="createCommand" time="0.015727" file="D:\clawWorld\jeo-claw\target-repo\test\commands\create.test.ts" line="62" assertions="3" />
      <testcase name="should toggle a task via runToggleCommand" classname="createCommand" time="0.016617" file="D:\clawWorld\jeo-claw\target-repo\test\commands\create.test.ts" line="79" assertions="3" />
    </testsuite>
  </testsuite>
</testsuites>
